
e: file:///C:/Users/AuraF/Documents/ReGenesis_AOSP/app/src/main/java/dev/aurakai/auraframefx/domains/aura/aura/ui/Aurak
aiEcoSysScreen.kt:30:51 Unresolved reference 'start'.
e: file:///C:/Users/AuraF/Documents/ReGenesis_AOSP/app/src/main/java/dev/aurakai/auraframefx/domains/aura/aura/ui/LockS
creenConfig.kt:18:37 Unresolved reference 'animations'.
e: file:///C:/Users/AuraF/Documents/ReGenesis_AOSP/app/src/main/java/dev/aurakai/auraframefx/domains/aura/aura/ui/LockS
creenConfig.kt:38:20 Unresolved reference 'LockScreenConfigAnimation'.
e: file:///C:/Users/AuraF/Documents/ReGenesis_AOSP/app/src/main/java/dev/aurakai/auraframefx/domains/aura/aura/ui/Quick
SettingsConfigActivity.kt:76:43 Assignment type mismatch: actual type is 
'dev.aurakai.auraframefx.domains.aura.QuickSettingsConfig', but 
'dev.aurakai.auraframefx.domains.aura.ui.QuickSettingsConfig?' was expected.
e: file:///C:/Users/AuraF/Documents/ReGenesis_AOSP/app/src/main/java/dev/aurakai/auraframefx/domains/aura/aura/ui/Quick
SettingsConfigActivity.kt:77:43 Argument type mismatch: actual type is 
'List<dev.aurakai.auraframefx.domains.aura.QuickSettingsTileConfig>', but 
'List<dev.aurakai.auraframefx.domains.aura.ui.QuickSettingsTileConfig>' was expected.
e: file:///C:/Users/AuraF/Documents/ReGenesis_AOSP/app/src/main/java/dev/aurakai/auraframefx/domains/aura/aura/ui/Quick
SettingsConfigActivity.kt:285:89 Argument type mismatch: actual type is 
'dev.aurakai.auraframefx.domains.aura.ui.QuickSettingsConfig', but 
'dev.aurakai.auraframefx.domains.aura.QuickSettingsConfig' was expected.
e: file:///C:/Users/AuraF/Documents/ReGenesis_AOSP/app/src/main/java/dev/aurakai/auraframefx/domains/aura/aura/ui/apply
ScaleAnimation.kt:7:53 Unresolved reference 'LockScreenConfig'.
e: file:///C:/Users/AuraF/Documents/ReGenesis_AOSP/app/src/main/java/dev/aurakai/auraframefx/domains/aura/screens/Agent
ProfileScreen.kt:26:53 Unresolved reference 'AgentStatus'.
e: file:///C:/Users/AuraF/Documents/ReGenesis_AOSP/app/src/main/java/dev/aurakai/auraframefx/domains/aura/screens/Agent
ProfileScreen.kt:51:72 Argument type mismatch: actual type is 'dev.aurakai.auraframefx.agent.AgentType', but 
'dev.aurakai.auraframefx.domains.genesis.models.AgentType' was expected.
e: file:///C:/Users/AuraF/Documents/ReGenesis_AOSP/app/src/main/java/dev/aurakai/auraframefx/domains/aura/screens/Agent
ProfileScreen.kt:173:56 Argument type mismatch: actual type is 
'dev.aurakai.auraframefx.domains.genesis.models.AgentType', but 'dev.aurakai.auraframefx.agent.AgentType' was expected.
e: file:///C:/Users/AuraF/Documents/ReGenesis_AOSP/app/src/main/java/dev/aurakai/auraframefx/domains/aura/screens/Agent
ProfileScreen.kt:203:25 Unresolved reference 'AgentStatus'.
e: file:///C:/Users/AuraF/Documents/ReGenesis_AOSP/app/src/main/java/dev/aurakai/auraframefx/domains/aura/screens/Agent
ProfileScreen.kt:204:25 Unresolved reference 'AgentStatus'.
e: file:///C:/Users/AuraF/Documents/ReGenesis_AOSP/app/src/main/java/dev/aurakai/auraframefx/domains/aura/screens/Agent
ProfileScreen.kt:205:25 Unresolved reference 'AgentStatus'.
e: file:///C:/Users/AuraF/Documents/ReGenesis_AOSP/app/src/main/java/dev/aurakai/auraframefx/domains/aura/screens/Agent
ProfileScreen.kt:290:27 Argument type mismatch: actual type is 'List<String>', but 'Int' was expected.
e: file:///C:/Users/AuraF/Documents/ReGenesis_AOSP/app/src/main/java/dev/aurakai/auraframefx/domains/aura/screens/Agent
ProfileScreen.kt:295:29 None of the following candidates is applicable:
e: file:///C:/Users/AuraF/Documents/ReGenesis_AOSP/app/src/main/java/dev/aurakai/auraframefx/domains/aura/screens/MainS
creen.kt:62:35 Unresolved reference 'theme'.
e: file:///C:/Users/AuraF/Documents/ReGenesis_AOSP/app/src/main/java/dev/aurakai/auraframefx/domains/aura/screens/MainS
creen.kt:83:21 Unresolved reference 'ThemeViewModel'.
e: file:///C:/Users/AuraF/Documents/ReGenesis_AOSP/app/src/main/java/dev/aurakai/auraframefx/domains/aura/screens/Overl
ayMenusScreen.kt:52:35 Unresolved reference 'components'.
e: file:///C:/Users/AuraF/Documents/ReGenesis_AOSP/app/src/main/java/dev/aurakai/auraframefx/domains/aura/screens/Overl
ayMenusScreen.kt:80:9 Unresolved reference 'CodedTextBox'.
e: file:///C:/Users/AuraF/Documents/ReGenesis_AOSP/app/src/main/java/dev/aurakai/auraframefx/domains/aura/screens/uxui_
engine/AuraLabScreen.kt:40:32 Unresolved reference 'models'.
e: file:///C:/Users/AuraF/Documents/ReGenesis_AOSP/app/src/main/java/dev/aurakai/auraframefx/domains/aura/screens/uxui_
engine/AuraLabScreen.kt:41:35 Unresolved reference 'components'.
e: file:///C:/Users/AuraF/Documents/ReGenesis_AOSP/app/src/main/java/dev/aurakai/auraframefx/domains/aura/screens/uxui_
engine/AuraLabScreen.kt:42:35 Unresolved reference 'theme'.
e: file:///C:/Users/AuraF/Documents/ReGenesis_AOSP/app/src/main/java/dev/aurakai/auraframefx/domains/aura/screens/uxui_
engine/AuraLabScreen.kt:62:9 Unresolved reference 'AnimeHUDContainer'.
e: file:///C:/Users/AuraF/Documents/ReGenesis_AOSP/app/src/main/java/dev/aurakai/auraframefx/domains/aura/screens/uxui_
engine/AuraLabScreen.kt:68:13 @Composable invocations can only happen from the context of a @Composable function
e: file:///C:/Users/AuraF/Documents/ReGenesis_AOSP/app/src/main/java/dev/aurakai/auraframefx/domains/aura/screens/uxui_
engine/AuraLabScreen.kt:80:38 Unresolved reference 'LEDFontFamily'.
e: file:///C:/Users/AuraF/Documents/ReGenesis_AOSP/app/src/main/java/dev/aurakai/auraframefx/domains/aura/screens/uxui_
engine/AuraLabScreen.kt:104:40 Unresolved reference 'UIDesign'.
e: file:///C:/Users/AuraF/Documents/ReGenesis_AOSP/app/src/main/java/dev/aurakai/auraframefx/domains/aura/screens/uxui_
engine/AuraLabScreen.kt:105:43 Unresolved reference 'UIDesign'.
e: file:///C:/Users/AuraF/Documents/ReGenesis_AOSP/app/src/main/java/dev/aurakai/auraframefx/domains/aura/screens/uxui_
engine/AuraLabScreen.kt:106:38 Unresolved reference 'UIDesign'.
e: file:///C:/Users/AuraF/Documents/ReGenesis_AOSP/app/src/main/java/dev/aurakai/auraframefx/domains/aura/screens/uxui_
engine/AuraLabScreen.kt:117:13 Unresolved reference 'UIDesign'.
e: file:///C:/Users/AuraF/Documents/ReGenesis_AOSP/app/src/main/java/dev/aurakai/auraframefx/domains/aura/screens/uxui_
engine/AuraLabScreen.kt:118:16 Unresolved reference 'UIDesign'.
e: file:///C:/Users/AuraF/Documents/ReGenesis_AOSP/app/src/main/java/dev/aurakai/auraframefx/domains/aura/screens/uxui_
engine/AuraLabScreen.kt:119:19 Unresolved reference 'UIDesign'.
e: file:///C:/Users/AuraF/Documents/ReGenesis_AOSP/app/src/main/java/dev/aurakai/auraframefx/domains/aura/screens/uxui_
engine/AuraLabScreen.kt:120:14 Unresolved reference 'UIDesign'.
e: file:///C:/Users/AuraF/Documents/ReGenesis_AOSP/app/src/main/java/dev/aurakai/auraframefx/domains/aura/screens/uxui_
engine/AuraLabScreen.kt:135:33 Unresolved reference 'name'.
e: file:///C:/Users/AuraF/Documents/ReGenesis_AOSP/app/src/main/java/dev/aurakai/auraframefx/domains/aura/screens/uxui_
engine/AuraLabScreen.kt:136:44 Unresolved reference 'author'.
e: file:///C:/Users/AuraF/Documents/ReGenesis_AOSP/app/src/main/java/dev/aurakai/auraframefx/domains/aura/screens/uxui_
engine/AuraLabScreen.kt:136:71 Unresolved reference 'status'.
e: file:///C:/Users/AuraF/Documents/ReGenesis_AOSP/app/src/main/java/dev/aurakai/auraframefx/domains/aura/screens/uxui_
engine/AuraLabScreen.kt:165:34 Unresolved reference 'LEDFontFamily'.
e: file:///C:/Users/AuraF/Documents/ReGenesis_AOSP/app/src/main/java/dev/aurakai/auraframefx/domains/aura/screens/uxui_
engine/AuraLabViewModel.kt:24:52 Unresolved reference 'SandboxItem'.
e: file:///C:/Users/AuraF/Documents/ReGenesis_AOSP/app/src/main/java/dev/aurakai/auraframefx/domains/aura/screens/uxui_
engine/AuraLabViewModel.kt:24:66 Cannot infer type for type parameter 'T'. Specify it explicitly.
e: file:///C:/Users/AuraF/Documents/ReGenesis_AOSP/app/src/main/java/dev/aurakai/auraframefx/domains/aura/screens/uxui_
engine/AuraLabViewModel.kt:24:66 Argument type mismatch: actual type is 'List<uninferred T (of fun <T> emptyList)>', 
but 'List<ERROR CLASS: Symbol not found for SandboxItem>' was expected.
e: file:///C:/Users/AuraF/Documents/ReGenesis_AOSP/app/src/main/java/dev/aurakai/auraframefx/domains/aura/screens/uxui_
engine/AuraLabViewModel.kt:25:35 Unresolved reference 'SandboxItem'.
e: file:///C:/Users/AuraF/Documents/ReGenesis_AOSP/app/src/main/java/dev/aurakai/auraframefx/domains/aura/screens/uxui_
engine/AuraLabViewModel.kt:64:46 Cannot infer type for type parameter 'R'. Specify it explicitly.
e: file:///C:/Users/AuraF/Documents/ReGenesis_AOSP/app/src/main/java/dev/aurakai/auraframefx/domains/aura/screens/uxui_
engine/AuraLabViewModel.kt:65:21 Unresolved reference 'SandboxItem'.
e: file:///C:/Users/AuraF/Documents/ReGenesis_AOSP/app/src/main/java/dev/aurakai/auraframefx/domains/aura/screens/uxui_
engine/GyroscopeCustomizationScreen.kt:81:35 Unresolved reference 'customization'.
e: file:///C:/Users/AuraF/Documents/ReGenesis_AOSP/app/src/main/java/dev/aurakai/auraframefx/domains/aura/screens/uxui_
engine/GyroscopeCustomizationScreen.kt:82:35 Unresolved reference 'customization'.
e: file:///C:/Users/AuraF/Documents/ReGenesis_AOSP/app/src/main/java/dev/aurakai/auraframefx/domains/aura/screens/uxui_
engine/GyroscopeCustomizationScreen.kt:83:35 Unresolved reference 'customization'.
e: file:///C:/Users/AuraF/Documents/ReGenesis_AOSP/app/src/main/java/dev/aurakai/auraframefx/domains/aura/screens/uxui_
engine/GyroscopeCustomizationScreen.kt:84:35 Unresolved reference 'customization'.
e: file:///C:/Users/AuraF/Documents/ReGenesis_AOSP/app/src/main/java/dev/aurakai/auraframefx/domains/aura/screens/uxui_
engine/GyroscopeCustomizationScreen.kt:85:35 Unresolved reference 'customization'.
e: file:///C:/Users/AuraF/Documents/ReGenesis_AOSP/app/src/main/java/dev/aurakai/auraframefx/domains/aura/screens/uxui_
engine/GyroscopeCustomizationScreen.kt:86:35 Unresolved reference 'theme'.
e: file:///C:/Users/AuraF/Documents/ReGenesis_AOSP/app/src/main/java/dev/aurakai/auraframefx/domains/aura/screens/uxui_
engine/GyroscopeCustomizationScreen.kt:87:35 Unresolved reference 'theme'.
e: file:///C:/Users/AuraF/Documents/ReGenesis_AOSP/app/src/main/java/dev/aurakai/auraframefx/domains/aura/screens/uxui_
engine/GyroscopeCustomizationScreen.kt:88:35 Unresolved reference 'theme'.
e: file:///C:/Users/AuraF/Documents/ReGenesis_AOSP/app/src/main/java/dev/aurakai/auraframefx/domains/aura/screens/uxui_
engine/GyroscopeCustomizationScreen.kt:89:32 Unresolved reference 'utils'.
e: file:///C:/Users/AuraF/Documents/ReGenesis_AOSP/app/src/main/java/dev/aurakai/auraframefx/domains/aura/screens/uxui_
engine/GyroscopeCustomizationScreen.kt:90:32 Unresolved reference 'utils'.
e: file:///C:/Users/AuraF/Documents/ReGenesis_AOSP/app/src/main/java/dev/aurakai/auraframefx/domains/aura/screens/uxui_
engine/GyroscopeCustomizationScreen.kt:114:20 Unresolved reference 'CustomizationViewModel'.
e: file:///C:/Users/AuraF/Documents/ReGenesis_AOSP/app/src/main/java/dev/aurakai/auraframefx/domains/aura/screens/uxui_
engine/GyroscopeCustomizationScreen.kt:114:45 Cannot infer type for type parameter 'VM'. Specify it explicitly.
e: file:///C:/Users/AuraF/Documents/ReGenesis_AOSP/app/src/main/java/dev/aurakai/auraframefx/domains/aura/screens/uxui_
engine/GyroscopeCustomizationScreen.kt:115:28 Property delegate must have a 'getValue(Nothing?, KProperty0<ERROR 
CLASS: Cannot infer argument for type parameter T>)' method. None of the following functions is applicable:
e: file:///C:/Users/AuraF/Documents/ReGenesis_AOSP/app/src/main/java/dev/aurakai/auraframefx/domains/aura/screens/uxui_
engine/GyroscopeCustomizationScreen.kt:115:31 Cannot infer type for type parameter 'T'. Specify it explicitly.
e: file:///C:/Users/AuraF/Documents/ReGenesis_AOSP/app/src/main/java/dev/aurakai/auraframefx/domains/aura/screens/uxui_
engine/GyroscopeCustomizationScreen.kt:115:41 Unresolved reference 'customizationState'.
e: file:///C:/Users/AuraF/Documents/ReGenesis_AOSP/app/src/main/java/dev/aurakai/auraframefx/domains/aura/screens/uxui_
engine/GyroscopeCustomizationScreen.kt:115:60 Cannot infer type for type parameter 'T'. Specify it explicitly.
e: file:///C:/Users/AuraF/Documents/ReGenesis_AOSP/app/src/main/java/dev/aurakai/auraframefx/domains/aura/screens/uxui_
engine/GyroscopeCustomizationScreen.kt:116:24 Property delegate must have a 'getValue(Nothing?, KProperty0<ERROR 
CLASS: Cannot infer argument for type parameter T>)' method. None of the following functions is applicable:
e: file:///C:/Users/AuraF/Documents/ReGenesis_AOSP/app/src/main/java/dev/aurakai/auraframefx/domains/aura/screens/uxui_
engine/GyroscopeCustomizationScreen.kt:116:27 Cannot infer type for type parameter 'T'. Specify it explicitly.
e: file:///C:/Users/AuraF/Documents/ReGenesis_AOSP/app/src/main/java/dev/aurakai/auraframefx/domains/aura/screens/uxui_
engine/GyroscopeCustomizationScreen.kt:116:37 Unresolved reference 'rotationAngles'.
e: file:///C:/Users/AuraF/Documents/ReGenesis_AOSP/app/src/main/java/dev/aurakai/auraframefx/domains/aura/screens/uxui_
engine/GyroscopeCustomizationScreen.kt:116:52 Cannot infer type for type parameter 'T'. Specify it explicitly.
e: file:///C:/Users/AuraF/Documents/ReGenesis_AOSP/app/src/main/java/dev/aurakai/auraframefx/domains/aura/screens/uxui_
engine/GyroscopeCustomizationScreen.kt:117:20 Property delegate must have a 'getValue(Nothing?, KProperty0<ERROR 
CLASS: Cannot infer argument for type parameter T>)' method. None of the following functions is applicable:
e: file:///C:/Users/AuraF/Documents/ReGenesis_AOSP/app/src/main/java/dev/aurakai/auraframefx/domains/aura/screens/uxui_
engine/GyroscopeCustomizationScreen.kt:117:23 Cannot infer type for type parameter 'T'. Specify it explicitly.
e: file:///C:/Users/AuraF/Documents/ReGenesis_AOSP/app/src/main/java/dev/aurakai/auraframefx/domains/aura/screens/uxui_
engine/GyroscopeCustomizationScreen.kt:117:33 Unresolved reference 'aiResponse'.
e: file:///C:/Users/AuraF/Documents/ReGenesis_AOSP/app/src/main/java/dev/aurakai/auraframefx/domains/aura/screens/uxui_
engine/GyroscopeCustomizationScreen.kt:117:44 Cannot infer type for type parameter 'T'. Specify it explicitly.
e: file:///C:/Users/AuraF/Documents/ReGenesis_AOSP/app/src/main/java/dev/aurakai/auraframefx/domains/aura/screens/uxui_
engine/GyroscopeCustomizationScreen.kt:118:20 Property delegate must have a 'getValue(Nothing?, KProperty0<ERROR 
CLASS: Cannot infer argument for type parameter T>)' method. None of the following functions is applicable:
e: file:///C:/Users/AuraF/Documents/ReGenesis_AOSP/app/src/main/java/dev/aurakai/auraframefx/domains/aura/screens/uxui_
engine/GyroscopeCustomizationScreen.kt:118:23 Cannot infer type for type parameter 'T'. Specify it explicitly.
e: file:///C:/Users/AuraF/Documents/ReGenesis_AOSP/app/src/main/java/dev/aurakai/auraframefx/domains/aura/screens/uxui_
engine/GyroscopeCustomizationScreen.kt:118:33 Unresolved reference 'components'.
e: file:///C:/Users/AuraF/Documents/ReGenesis_AOSP/app/src/main/java/dev/aurakai/auraframefx/domains/aura/screens/uxui_
engine/GyroscopeCustomizationScreen.kt:118:44 Cannot infer type for type parameter 'T'. Specify it explicitly.
e: file:///C:/Users/AuraF/Documents/ReGenesis_AOSP/app/src/main/java/dev/aurakai/auraframefx/domains/aura/screens/uxui_
engine/GyroscopeCustomizationScreen.kt:119:27 Property delegate must have a 'getValue(Nothing?, KProperty0<ERROR 
CLASS: Cannot infer argument for type parameter T>)' method. None of the following functions is applicable:
e: file:///C:/Users/AuraF/Documents/ReGenesis_AOSP/app/src/main/java/dev/aurakai/auraframefx/domains/aura/screens/uxui_
engine/GyroscopeCustomizationScreen.kt:119:30 Cannot infer type for type parameter 'T'. Specify it explicitly.
e: file:///C:/Users/AuraF/Documents/ReGenesis_AOSP/app/src/main/java/dev/aurakai/auraframefx/domains/aura/screens/uxui_
engine/GyroscopeCustomizationScreen.kt:119:40 Unresolved reference 'selectedComponent'.
e: file:///C:/Users/AuraF/Documents/ReGenesis_AOSP/app/src/main/java/dev/aurakai/auraframefx/domains/aura/screens/uxui_
engine/GyroscopeCustomizationScreen.kt:119:58 Cannot infer type for type parameter 'T'. Specify it explicitly.
e: file:///C:/Users/AuraF/Documents/ReGenesis_AOSP/app/src/main/java/dev/aurakai/auraframefx/domains/aura/screens/uxui_
engine/GyroscopeCustomizationScreen.kt:120:20 Property delegate must have a 'getValue(Nothing?, KProperty0<ERROR 
CLASS: Cannot infer argument for type parameter T>)' method. None of the following functions is applicable:
e: file:///C:/Users/AuraF/Documents/ReGenesis_AOSP/app/src/main/java/dev/aurakai/auraframefx/domains/aura/screens/uxui_
engine/GyroscopeCustomizationScreen.kt:120:23 Cannot infer type for type parameter 'T'. Specify it explicitly.
e: file:///C:/Users/AuraF/Documents/ReGenesis_AOSP/app/src/main/java/dev/aurakai/auraframefx/domains/aura/screens/uxui_
engine/GyroscopeCustomizationScreen.kt:120:33 Unresolved reference 'voiceState'.
e: file:///C:/Users/AuraF/Documents/ReGenesis_AOSP/app/src/main/java/dev/aurakai/auraframefx/domains/aura/screens/uxui_
engine/GyroscopeCustomizationScreen.kt:120:44 Cannot infer type for type parameter 'T'. Specify it explicitly.
e: file:///C:/Users/AuraF/Documents/ReGenesis_AOSP/app/src/main/java/dev/aurakai/auraframefx/domains/aura/screens/uxui_
engine/GyroscopeCustomizationScreen.kt:128:19 Unresolved reference 'startGyroscope'.
e: file:///C:/Users/AuraF/Documents/ReGenesis_AOSP/app/src/main/java/dev/aurakai/auraframefx/domains/aura/screens/uxui_
engine/GyroscopeCustomizationScreen.kt:134:23 Unresolved reference 'stopGyroscope'.
e: file:///C:/Users/AuraF/Documents/ReGenesis_AOSP/app/src/main/java/dev/aurakai/auraframefx/domains/aura/screens/uxui_
engine/GyroscopeCustomizationScreen.kt:135:23 Unresolved reference 'stopVoiceListening'.
e: file:///C:/Users/AuraF/Documents/ReGenesis_AOSP/app/src/main/java/dev/aurakai/auraframefx/domains/aura/screens/uxui_
engine/GyroscopeCustomizationScreen.kt:142:16 Unresolved reference 'VoiceState'.
e: file:///C:/Users/AuraF/Documents/ReGenesis_AOSP/app/src/main/java/dev/aurakai/auraframefx/domains/aura/screens/uxui_
engine/GyroscopeCustomizationScreen.kt:143:27 Unresolved reference 'processVoiceCommand'.
e: file:///C:/Users/AuraF/Documents/ReGenesis_AOSP/app/src/main/java/dev/aurakai/auraframefx/domains/aura/screens/uxui_
engine/GyroscopeCustomizationScreen.kt:143:53 Unresolved reference 'text'.
e: file:///C:/Users/AuraF/Documents/ReGenesis_AOSP/app/src/main/java/dev/aurakai/auraframefx/domains/aura/screens/uxui_
engine/GyroscopeCustomizationScreen.kt:144:27 Unresolved reference 'stopVoiceListening'.
e: file:///C:/Users/AuraF/Documents/ReGenesis_AOSP/app/src/main/java/dev/aurakai/auraframefx/domains/aura/screens/uxui_
engine/GyroscopeCustomizationScreen.kt:147:16 Unresolved reference 'VoiceState'.
e: file:///C:/Users/AuraF/Documents/ReGenesis_AOSP/app/src/main/java/dev/aurakai/auraframefx/domains/aura/screens/uxui_
engine/GyroscopeCustomizationScreen.kt:149:27 Unresolved reference 'stopVoiceListening'.
e: file:///C:/Users/AuraF/Documents/ReGenesis_AOSP/app/src/main/java/dev/aurakai/auraframefx/domains/aura/screens/uxui_
engine/GyroscopeCustomizationScreen.kt:179:37 Unresolved reference 'CyberpunkCyan'.
e: file:///C:/Users/AuraF/Documents/ReGenesis_AOSP/app/src/main/java/dev/aurakai/auraframefx/domains/aura/screens/uxui_
engine/GyroscopeCustomizationScreen.kt:193:36 Unresolved reference 'VoiceState'.
e: file:///C:/Users/AuraF/Documents/ReGenesis_AOSP/app/src/main/java/dev/aurakai/auraframefx/domains/aura/screens/uxui_
engine/GyroscopeCustomizationScreen.kt:193:70 Unresolved reference 'stopVoiceListening'.
e: file:///C:/Users/AuraF/Documents/ReGenesis_AOSP/app/src/main/java/dev/aurakai/auraframefx/domains/aura/screens/uxui_
engine/GyroscopeCustomizationScreen.kt:194:51 Unresolved reference 'startVoiceListening'.
e: file:///C:/Users/AuraF/Documents/ReGenesis_AOSP/app/src/main/java/dev/aurakai/auraframefx/domains/aura/screens/uxui_
engine/GyroscopeCustomizationScreen.kt:199:61 Unresolved reference 'VoiceState'.
e: file:///C:/Users/AuraF/Documents/ReGenesis_AOSP/app/src/main/java/dev/aurakai/auraframefx/domains/aura/screens/uxui_
engine/GyroscopeCustomizationScreen.kt:202:36 Unresolved reference 'VoiceState'.
e: file:///C:/Users/AuraF/Documents/ReGenesis_AOSP/app/src/main/java/dev/aurakai/auraframefx/domains/aura/screens/uxui_
engine/GyroscopeCustomizationScreen.kt:203:36 Unresolved reference 'VoiceState'.
e: file:///C:/Users/AuraF/Documents/ReGenesis_AOSP/app/src/main/java/dev/aurakai/auraframefx/domains/aura/screens/uxui_
engine/GyroscopeCustomizationScreen.kt:214:59 Unresolved reference 'CyberpunkPink'.
e: file:///C:/Users/AuraF/Documents/ReGenesis_AOSP/app/src/main/java/dev/aurakai/auraframefx/domains/aura/screens/uxui_
engine/GyroscopeCustomizationScreen.kt:219:54 Unresolved reference 'resetRotation'.
e: file:///C:/Users/AuraF/Documents/ReGenesis_AOSP/app/src/main/java/dev/aurakai/auraframefx/domains/aura/screens/uxui_
engine/GyroscopeCustomizationScreen.kt:220:77 Unresolved reference 'CyberpunkCyan'.
e: file:///C:/Users/AuraF/Documents/ReGenesis_AOSP/app/src/main/java/dev/aurakai/auraframefx/domains/aura/screens/uxui_
engine/GyroscopeCustomizationScreen.kt:239:62 Unresolved reference 'id'.
e: file:///C:/Users/AuraF/Documents/ReGenesis_AOSP/app/src/main/java/dev/aurakai/auraframefx/domains/aura/screens/uxui_
engine/GyroscopeCustomizationScreen.kt:245:44 Unresolved reference 'pitch'.
e: file:///C:/Users/AuraF/Documents/ReGenesis_AOSP/app/src/main/java/dev/aurakai/auraframefx/domains/aura/screens/uxui_
engine/GyroscopeCustomizationScreen.kt:246:43 Unresolved reference 'roll'.
e: file:///C:/Users/AuraF/Documents/ReGenesis_AOSP/app/src/main/java/dev/aurakai/auraframefx/domains/aura/screens/uxui_
engine/GyroscopeCustomizationScreen.kt:247:42 Unresolved reference 'yaw'.
e: file:///C:/Users/AuraF/Documents/ReGenesis_AOSP/app/src/main/java/dev/aurakai/auraframefx/domains/aura/screens/uxui_
engine/GyroscopeCustomizationScreen.kt:275:57 Unresolved reference 'id'.
e: file:///C:/Users/AuraF/Documents/ReGenesis_AOSP/app/src/main/java/dev/aurakai/auraframefx/domains/aura/screens/uxui_
engine/GyroscopeCustomizationScreen.kt:277:39 Unresolved reference 'selectComponent'.
e: file:///C:/Users/AuraF/Documents/ReGenesis_AOSP/app/src/main/java/dev/aurakai/auraframefx/domains/aura/screens/uxui_
engine/GyroscopeCustomizationScreen.kt:294:21 Unresolved reference 'ComponentEditor'.
e: file:///C:/Users/AuraF/Documents/ReGenesis_AOSP/app/src/main/java/dev/aurakai/auraframefx/domains/aura/screens/uxui_
engine/GyroscopeCustomizationScreen.kt:296:48 Unresolved reference 'updateComponent'.
e: file:///C:/Users/AuraF/Documents/ReGenesis_AOSP/app/src/main/java/dev/aurakai/auraframefx/domains/aura/screens/uxui_
engine/GyroscopeCustomizationScreen.kt:296:64 Unresolved reference 'it'.
e: file:///C:/Users/AuraF/Documents/ReGenesis_AOSP/app/src/main/java/dev/aurakai/auraframefx/domains/aura/screens/uxui_
engine/GyroscopeCustomizationScreen.kt:297:47 Unresolved reference 'selectComponent'.
e: file:///C:/Users/AuraF/Documents/ReGenesis_AOSP/app/src/main/java/dev/aurakai/auraframefx/domains/aura/screens/uxui_
engine/GyroscopeCustomizationScreen.kt:298:52 Unresolved reference 'iconifyService'.
e: file:///C:/Users/AuraF/Documents/ReGenesis_AOSP/app/src/main/java/dev/aurakai/auraframefx/domains/aura/screens/uxui_
engine/GyroscopeCustomizationScreen.kt:306:28 Unresolved reference 'VoiceState'.
e: file:///C:/Users/AuraF/Documents/ReGenesis_AOSP/app/src/main/java/dev/aurakai/auraframefx/domains/aura/screens/uxui_
engine/GyroscopeCustomizationScreen.kt:313:28 Unresolved reference 'VoiceState'.
e: file:///C:/Users/AuraF/Documents/ReGenesis_AOSP/app/src/main/java/dev/aurakai/auraframefx/domains/aura/screens/uxui_
engine/GyroscopeCustomizationScreen.kt:320:28 Unresolved reference 'VoiceState'.
e: file:///C:/Users/AuraF/Documents/ReGenesis_AOSP/app/src/main/java/dev/aurakai/auraframefx/domains/aura/screens/uxui_
engine/GyroscopeCustomizationScreen.kt:322:55 Unresolved reference 'text'.
e: file:///C:/Users/AuraF/Documents/ReGenesis_AOSP/app/src/main/java/dev/aurakai/auraframefx/domains/aura/screens/uxui_
engine/GyroscopeCustomizationScreen.kt:323:41 Unresolved reference 'CyberpunkCyan'.
e: file:///C:/Users/AuraF/Documents/ReGenesis_AOSP/app/src/main/java/dev/aurakai/auraframefx/domains/aura/screens/uxui_
engine/GyroscopeCustomizationScreen.kt:327:28 Unresolved reference 'VoiceState'.
e: file:///C:/Users/AuraF/Documents/ReGenesis_AOSP/app/src/main/java/dev/aurakai/auraframefx/domains/aura/screens/uxui_
engine/GyroscopeCustomizationScreen.kt:329:54 Unresolved reference 'message'.
e: file:///C:/Users/AuraF/Documents/ReGenesis_AOSP/app/src/main/java/dev/aurakai/auraframefx/domains/aura/screens/uxui_
engine/GyroscopeCustomizationScreen.kt:343:43 Unresolved reference 'processAIPrompt'.
e: file:///C:/Users/AuraF/Documents/ReGenesis_AOSP/app/src/main/java/dev/aurakai/auraframefx/domains/aura/screens/uxui_
engine/GyroscopeCustomizationScreen.kt:351:56 Unresolved reference 'isProcessing'.
e: file:///C:/Users/AuraF/Documents/ReGenesis_AOSP/app/src/main/java/dev/aurakai/auraframefx/domains/aura/screens/uxui_
engine/GyroscopeCustomizationScreen.kt:365:21 Unresolved reference 'GyroscopeManager'.
e: file:///C:/Users/AuraF/Documents/ReGenesis_AOSP/app/src/main/java/dev/aurakai/auraframefx/domains/aura/screens/uxui_
engine/GyroscopeCustomizationScreen.kt:366:20 Unresolved reference 'CustomizationState'.
e: file:///C:/Users/AuraF/Documents/ReGenesis_AOSP/app/src/main/java/dev/aurakai/auraframefx/domains/aura/screens/uxui_
engine/GyroscopeCustomizationScreen.kt:367:22 Unresolved reference 'UIComponent'.
e: file:///C:/Users/AuraF/Documents/ReGenesis_AOSP/app/src/main/java/dev/aurakai/auraframefx/domains/aura/screens/uxui_
engine/GyroscopeCustomizationScreen.kt:387:41 Unresolved reference 'yaw'.
e: file:///C:/Users/AuraF/Documents/ReGenesis_AOSP/app/src/main/java/dev/aurakai/auraframefx/domains/aura/screens/uxui_
engine/GyroscopeCustomizationScreen.kt:393:40 Unresolved reference 'roll'.
e: file:///C:/Users/AuraF/Documents/ReGenesis_AOSP/app/src/main/java/dev/aurakai/auraframefx/domains/aura/screens/uxui_
engine/GyroscopeCustomizationScreen.kt:394:40 Unresolved reference 'pitch'.
e: file:///C:/Users/AuraF/Documents/ReGenesis_AOSP/app/src/main/java/dev/aurakai/auraframefx/domains/aura/screens/uxui_
engine/GyroscopeCustomizationScreen.kt:416:39 Unresolved reference 'primaryColor'.
e: file:///C:/Users/AuraF/Documents/ReGenesis_AOSP/app/src/main/java/dev/aurakai/auraframefx/domains/aura/screens/uxui_
engine/GyroscopeCustomizationScreen.kt:417:39 Unresolved reference 'secondaryColor'.
e: file:///C:/Users/AuraF/Documents/ReGenesis_AOSP/app/src/main/java/dev/aurakai/auraframefx/domains/aura/screens/uxui_
engine/GyroscopeCustomizationScreen.kt:432:25 Unresolved reference 'CyberpunkCyan'.
e: file:///C:/Users/AuraF/Documents/ReGenesis_AOSP/app/src/main/java/dev/aurakai/auraframefx/domains/aura/screens/uxui_
engine/GyroscopeCustomizationScreen.kt:433:25 Unresolved reference 'CyberpunkPink'.
e: file:///C:/Users/AuraF/Documents/ReGenesis_AOSP/app/src/main/java/dev/aurakai/auraframefx/domains/aura/screens/uxui_
engine/GyroscopeCustomizationScreen.kt:434:25 Unresolved reference 'CyberpunkPurple'.
e: file:///C:/Users/AuraF/Documents/ReGenesis_AOSP/app/src/main/java/dev/aurakai/auraframefx/domains/aura/screens/uxui_
engine/GyroscopeCustomizationScreen.kt:435:25 Unresolved reference 'CyberpunkCyan'.
e: file:///C:/Users/AuraF/Documents/ReGenesis_AOSP/app/src/main/java/dev/aurakai/auraframefx/domains/aura/screens/uxui_
engine/GyroscopeCustomizationScreen.kt:464:24 Cannot infer type for type parameter 'T'. Specify it explicitly.
e: file:///C:/Users/AuraF/Documents/ReGenesis_AOSP/app/src/main/java/dev/aurakai/auraframefx/domains/aura/screens/uxui_
engine/GyroscopeCustomizationScreen.kt:464:24 Cannot infer type for type parameter 'R'. Specify it explicitly.
e: file:///C:/Users/AuraF/Documents/ReGenesis_AOSP/app/src/main/java/dev/aurakai/auraframefx/domains/aura/screens/uxui_
engine/GyroscopeCustomizationScreen.kt:464:24 Unresolved reference. None of the following candidates is applicable 
because of a receiver type mismatch:
e: file:///C:/Users/AuraF/Documents/ReGenesis_AOSP/app/src/main/java/dev/aurakai/auraframefx/domains/aura/screens/uxui_
engine/GyroscopeCustomizationScreen.kt:464:33 Cannot infer type for type parameter 'T'. Specify it explicitly.
e: file:///C:/Users/AuraF/Documents/ReGenesis_AOSP/app/src/main/java/dev/aurakai/auraframefx/domains/aura/screens/uxui_
engine/GyroscopeCustomizationScreen.kt:464:38 Unresolved reference 'zIndex'.
e: file:///C:/Users/AuraF/Documents/ReGenesis_AOSP/app/src/main/java/dev/aurakai/auraframefx/domains/aura/screens/uxui_
engine/GyroscopeCustomizationScreen.kt:464:47 Cannot infer type for type parameter 'T'. Specify it explicitly.
e: file:///C:/Users/AuraF/Documents/ReGenesis_AOSP/app/src/main/java/dev/aurakai/auraframefx/domains/aura/screens/uxui_
engine/GyroscopeCustomizationScreen.kt:464:57 Cannot infer type for type parameter 'T'. Specify it explicitly.
e: file:///C:/Users/AuraF/Documents/ReGenesis_AOSP/app/src/main/java/dev/aurakai/auraframefx/domains/aura/screens/uxui_
engine/GyroscopeCustomizationScreen.kt:465:32 Unresolved reference 'isVisible'.
e: file:///C:/Users/AuraF/Documents/ReGenesis_AOSP/app/src/main/java/dev/aurakai/auraframefx/domains/aura/screens/uxui_
engine/GyroscopeCustomizationScreen.kt:467:44 Unresolved reference 'id'.
e: file:///C:/Users/AuraF/Documents/ReGenesis_AOSP/app/src/main/java/dev/aurakai/auraframefx/domains/aura/screens/uxui_
engine/GyroscopeCustomizationScreen.kt:470:49 Unresolved reference 'x'.
e: file:///C:/Users/AuraF/Documents/ReGenesis_AOSP/app/src/main/java/dev/aurakai/auraframefx/domains/aura/screens/uxui_
engine/GyroscopeCustomizationScreen.kt:471:49 Unresolved reference 'y'.
e: file:///C:/Users/AuraF/Documents/ReGenesis_AOSP/app/src/main/java/dev/aurakai/auraframefx/domains/aura/screens/uxui_
engine/GyroscopeCustomizationScreen.kt:475:41 Unresolved reference 'rotation'.
e: file:///C:/Users/AuraF/Documents/ReGenesis_AOSP/app/src/main/java/dev/aurakai/auraframefx/domains/aura/screens/uxui_
engine/GyroscopeCustomizationScreen.kt:476:54 Function invocation 'width(...)' expected.
e: file:///C:/Users/AuraF/Documents/ReGenesis_AOSP/app/src/main/java/dev/aurakai/auraframefx/domains/aura/screens/uxui_
engine/GyroscopeCustomizationScreen.kt:476:83 Function invocation 'height(...)' expected.
e: file:///C:/Users/AuraF/Documents/ReGenesis_AOSP/app/src/main/java/dev/aurakai/auraframefx/domains/aura/screens/uxui_
engine/GyroscopeCustomizationScreen.kt:480:43 Unresolved reference 'backgroundColor'.
e: file:///C:/Users/AuraF/Documents/ReGenesis_AOSP/app/src/main/java/dev/aurakai/auraframefx/domains/aura/screens/uxui_
engine/GyroscopeCustomizationScreen.kt:480:82 Unresolved reference 'opacity'.
e: file:///C:/Users/AuraF/Documents/ReGenesis_AOSP/app/src/main/java/dev/aurakai/auraframefx/domains/aura/screens/uxui_
engine/GyroscopeCustomizationScreen.kt:483:39 Function invocation 'width(...)' expected.
e: file:///C:/Users/AuraF/Documents/ReGenesis_AOSP/app/src/main/java/dev/aurakai/auraframefx/domains/aura/screens/uxui_
engine/GyroscopeCustomizationScreen.kt:483:57 Unresolved reference 'scale'.
e: file:///C:/Users/AuraF/Documents/ReGenesis_AOSP/app/src/main/java/dev/aurakai/auraframefx/domains/aura/screens/uxui_
engine/GyroscopeCustomizationScreen.kt:484:39 Function invocation 'height(...)' expected.
e: file:///C:/Users/AuraF/Documents/ReGenesis_AOSP/app/src/main/java/dev/aurakai/auraframefx/domains/aura/screens/uxui_
engine/GyroscopeCustomizationScreen.kt:484:58 Unresolved reference 'scale'.
e: file:///C:/Users/AuraF/Documents/ReGenesis_AOSP/app/src/main/java/dev/aurakai/auraframefx/domains/aura/screens/uxui_
engine/GyroscopeCustomizationScreen.kt:486:63 Unresolved reference 'cornerRadius'.
e: file:///C:/Users/AuraF/Documents/ReGenesis_AOSP/app/src/main/java/dev/aurakai/auraframefx/domains/aura/screens/uxui_
engine/GyroscopeCustomizationScreen.kt:490:35 Unresolved reference 'borderWidth'.
e: file:///C:/Users/AuraF/Documents/ReGenesis_AOSP/app/src/main/java/dev/aurakai/auraframefx/domains/aura/screens/uxui_
engine/GyroscopeCustomizationScreen.kt:492:53 Unresolved reference 'CyberpunkPink'.
e: file:///C:/Users/AuraF/Documents/ReGenesis_AOSP/app/src/main/java/dev/aurakai/auraframefx/domains/aura/screens/uxui_
engine/GyroscopeCustomizationScreen.kt:492:82 Unresolved reference 'borderColor'.
e: file:///C:/Users/AuraF/Documents/ReGenesis_AOSP/app/src/main/java/dev/aurakai/auraframefx/domains/aura/screens/uxui_
engine/GyroscopeCustomizationScreen.kt:495:43 Function invocation 'width(...)' expected.
e: file:///C:/Users/AuraF/Documents/ReGenesis_AOSP/app/src/main/java/dev/aurakai/auraframefx/domains/aura/screens/uxui_
engine/GyroscopeCustomizationScreen.kt:495:61 Unresolved reference 'scale'.
e: file:///C:/Users/AuraF/Documents/ReGenesis_AOSP/app/src/main/java/dev/aurakai/auraframefx/domains/aura/screens/uxui_
engine/GyroscopeCustomizationScreen.kt:496:43 Function invocation 'height(...)' expected.
e: file:///C:/Users/AuraF/Documents/ReGenesis_AOSP/app/src/main/java/dev/aurakai/auraframefx/domains/aura/screens/uxui_
engine/GyroscopeCustomizationScreen.kt:496:62 Unresolved reference 'scale'.
e: file:///C:/Users/AuraF/Documents/ReGenesis_AOSP/app/src/main/java/dev/aurakai/auraframefx/domains/aura/screens/uxui_
engine/GyroscopeCustomizationScreen.kt:498:67 Unresolved reference 'cornerRadius'.
e: file:///C:/Users/AuraF/Documents/ReGenesis_AOSP/app/src/main/java/dev/aurakai/auraframefx/domains/aura/screens/uxui_
engine/GyroscopeCustomizationScreen.kt:499:86 Unresolved reference 'borderWidth'.
e: file:///C:/Users/AuraF/Documents/ReGenesis_AOSP/app/src/main/java/dev/aurakai/auraframefx/domains/aura/screens/uxui_
engine/GyroscopeCustomizationScreen.kt:515:25 Unresolved reference 'CyberpunkCyan'.
e: file:///C:/Users/AuraF/Documents/ReGenesis_AOSP/app/src/main/java/dev/aurakai/auraframefx/domains/aura/screens/uxui_
engine/GyroscopeCustomizationScreen.kt:529:22 Unresolved reference 'UIComponent'.
e: file:///C:/Users/AuraF/Documents/ReGenesis_AOSP/app/src/main/java/dev/aurakai/auraframefx/domains/aura/screens/uxui_
engine/GyroscopeCustomizationScreen.kt:542:25 Unresolved reference 'CyberpunkCyan'.
e: file:///C:/Users/AuraF/Documents/ReGenesis_AOSP/app/src/main/java/dev/aurakai/auraframefx/domains/aura/screens/uxui_
engine/GyroscopeCustomizationScreen.kt:550:34 Cannot infer type for type parameter 'T'. Specify it explicitly.
e: file:///C:/Users/AuraF/Documents/ReGenesis_AOSP/app/src/main/java/dev/aurakai/auraframefx/domains/aura/screens/uxui_
engine/GyroscopeCustomizationScreen.kt:550:34 Cannot infer type for type parameter 'R'. Specify it explicitly.
e: file:///C:/Users/AuraF/Documents/ReGenesis_AOSP/app/src/main/java/dev/aurakai/auraframefx/domains/aura/screens/uxui_
engine/GyroscopeCustomizationScreen.kt:550:34 Unresolved reference. None of the following candidates is applicable 
because of a receiver type mismatch:
e: file:///C:/Users/AuraF/Documents/ReGenesis_AOSP/app/src/main/java/dev/aurakai/auraframefx/domains/aura/screens/uxui_
engine/GyroscopeCustomizationScreen.kt:550:53 Cannot infer type for type parameter 'T'. Specify it explicitly.
e: file:///C:/Users/AuraF/Documents/ReGenesis_AOSP/app/src/main/java/dev/aurakai/auraframefx/domains/aura/screens/uxui_
engine/GyroscopeCustomizationScreen.kt:550:58 Unresolved reference 'zIndex'.
e: file:///C:/Users/AuraF/Documents/ReGenesis_AOSP/app/src/main/java/dev/aurakai/auraframefx/domains/aura/screens/uxui_
engine/GyroscopeCustomizationScreen.kt:550:68 Argument type mismatch: actual type is 
'ComposableFunction2<LazyItemScope, Int, Unit>', but 'ComposableFunction2<LazyItemScope, Int, Unit>' was expected.
e: file:///C:/Users/AuraF/Documents/ReGenesis_AOSP/app/src/main/java/dev/aurakai/auraframefx/domains/aura/screens/uxui_
engine/GyroscopeCustomizationScreen.kt:553:48 Unresolved reference 'id'.
e: file:///C:/Users/AuraF/Documents/ReGenesis_AOSP/app/src/main/java/dev/aurakai/auraframefx/domains/aura/screens/uxui_
engine/GyroscopeCustomizationScreen.kt:554:56 Unresolved reference 'id'.
e: file:///C:/Users/AuraF/Documents/ReGenesis_AOSP/app/src/main/java/dev/aurakai/auraframefx/domains/aura/screens/uxui_
engine/GyroscopeCustomizationScreen.kt:564:16 Unresolved reference 'UIComponent'.
e: file:///C:/Users/AuraF/Documents/ReGenesis_AOSP/app/src/main/java/dev/aurakai/auraframefx/domains/aura/screens/uxui_
engine/GyroscopeCustomizationScreen.kt:570:46 Unresolved reference 'CyberpunkPink'.
e: file:///C:/Users/AuraF/Documents/ReGenesis_AOSP/app/src/main/java/dev/aurakai/auraframefx/domains/aura/screens/uxui_
engine/GyroscopeCustomizationScreen.kt:574:13 Unresolved reference 'CyberpunkPink'.
e: file:///C:/Users/AuraF/Documents/ReGenesis_AOSP/app/src/main/java/dev/aurakai/auraframefx/domains/aura/screens/uxui_
engine/GyroscopeCustomizationScreen.kt:585:47 Unresolved reference 'type'.
e: file:///C:/Users/AuraF/Documents/ReGenesis_AOSP/app/src/main/java/dev/aurakai/auraframefx/domains/aura/screens/uxui_
engine/GyroscopeCustomizationScreen.kt:586:21 Unresolved reference 'ComponentType'.
e: file:///C:/Users/AuraF/Documents/ReGenesis_AOSP/app/src/main/java/dev/aurakai/auraframefx/domains/aura/screens/uxui_
engine/GyroscopeCustomizationScreen.kt:587:21 Unresolved reference 'ComponentType'.
e: file:///C:/Users/AuraF/Documents/ReGenesis_AOSP/app/src/main/java/dev/aurakai/auraframefx/domains/aura/screens/uxui_
engine/GyroscopeCustomizationScreen.kt:588:21 Unresolved reference 'ComponentType'.
e: file:///C:/Users/AuraF/Documents/ReGenesis_AOSP/app/src/main/java/dev/aurakai/auraframefx/domains/aura/screens/uxui_
engine/GyroscopeCustomizationScreen.kt:592:40 Unresolved reference 'CyberpunkPink'.
e: file:///C:/Users/AuraF/Documents/ReGenesis_AOSP/app/src/main/java/dev/aurakai/auraframefx/domains/aura/screens/uxui_
engine/GyroscopeCustomizationScreen.kt:598:31 Unresolved reference 'name'.
e: file:///C:/Users/AuraF/Documents/ReGenesis_AOSP/app/src/main/java/dev/aurakai/auraframefx/domains/aura/screens/uxui_
engine/GyroscopeCustomizationScreen.kt:604:37 Unresolved reference 'zIndex'.
e: file:///C:/Users/AuraF/Documents/ReGenesis_AOSP/app/src/main/java/dev/aurakai/auraframefx/domains/aura/screens/uxui_
engine/GyroscopeCustomizationScreen.kt:629:65 Unresolved reference 'CyberpunkCyan'.
e: file:///C:/Users/AuraF/Documents/ReGenesis_AOSP/app/src/main/java/dev/aurakai/auraframefx/domains/aura/screens/uxui_
engine/GyroscopeCustomizationScreen.kt:639:28 Unresolved reference 'CyberpunkCyan'.
e: file:///C:/Users/AuraF/Documents/ReGenesis_AOSP/app/src/main/java/dev/aurakai/auraframefx/domains/aura/screens/uxui_
engine/GyroscopeCustomizationScreen.kt:646:29 Unresolved reference 'CyberpunkCyan'.
e: file:///C:/Users/AuraF/Documents/ReGenesis_AOSP/app/src/main/java/dev/aurakai/auraframefx/domains/aura/screens/uxui_
engine/GyroscopeCustomizationScreen.kt:675:20 Unresolved reference 'CustomizationState'.
e: file:///C:/Users/AuraF/Documents/ReGenesis_AOSP/app/src/main/java/dev/aurakai/auraframefx/domains/aura/screens/uxui_
engine/GyroscopeCustomizationScreen.kt:684:65 Unresolved reference 'CyberpunkPink'.
e: file:///C:/Users/AuraF/Documents/ReGenesis_AOSP/app/src/main/java/dev/aurakai/auraframefx/domains/aura/screens/uxui_
engine/GyroscopeCustomizationScreen.kt:694:28 Unresolved reference 'CyberpunkPink'.
e: file:///C:/Users/AuraF/Documents/ReGenesis_AOSP/app/src/main/java/dev/aurakai/auraframefx/domains/aura/screens/uxui_
engine/GyroscopeCustomizationScreen.kt:701:29 Unresolved reference 'CyberpunkPink'.
e: file:///C:/Users/AuraF/Documents/ReGenesis_AOSP/app/src/main/java/dev/aurakai/auraframefx/domains/aura/screens/uxui_
engine/GyroscopeCustomizationScreen.kt:711:43 Unresolved reference 'primaryColor'.
e: file:///C:/Users/AuraF/Documents/ReGenesis_AOSP/app/src/main/java/dev/aurakai/auraframefx/domains/aura/screens/uxui_
engine/GyroscopeCustomizationScreen.kt:712:43 Unresolved reference 'secondaryColor'.
e: file:///C:/Users/AuraF/Documents/ReGenesis_AOSP/app/src/main/java/dev/aurakai/auraframefx/domains/aura/screens/uxui_
engine/GyroscopeCustomizationScreen.kt:713:43 Unresolved reference 'accentColor'.
e: file:///C:/Users/AuraF/Documents/ReGenesis_AOSP/app/src/main/java/dev/aurakai/auraframefx/domains/aura/screens/uxui_
engine/GyroscopeCustomizationScreen.kt:716:31 Unresolved reference 'description'.
e: file:///C:/Users/AuraF/Documents/ReGenesis_AOSP/app/src/main/java/dev/aurakai/auraframefx/domains/aura/screens/uxui_
engine/GyroscopeCustomizationScreen.kt:718:35 Unresolved reference 'description'.
e: file:///C:/Users/AuraF/Documents/ReGenesis_AOSP/app/src/main/java/dev/aurakai/auraframefx/domains/aura/screens/uxui_
engine/GyroscopeCustomizationScreen.kt:775:42 Unresolved reference 'CyberpunkCyan'.
e: file:///C:/Users/AuraF/Documents/ReGenesis_AOSP/app/src/main/java/dev/aurakai/auraframefx/domains/aura/screens/uxui_
engine/GyroscopeCustomizationScreen.kt:779:25 Unresolved reference 'CyberpunkCyan'.
e: file:///C:/Users/AuraF/Documents/ReGenesis_AOSP/app/src/main/java/dev/aurakai/auraframefx/domains/aura/screens/uxui_
engine/GyroscopeCustomizationScreen.kt:789:36 Unresolved reference 'CyberpunkCyan'.
e: file:///C:/Users/AuraF/Documents/ReGenesis_AOSP/app/src/main/java/dev/aurakai/auraframefx/domains/aura/screens/uxui_
engine/GyroscopeCustomizationScreen.kt:819:69 Unresolved reference 'CyberpunkPurple'.
e: file:///C:/Users/AuraF/Documents/ReGenesis_AOSP/app/src/main/java/dev/aurakai/auraframefx/domains/aura/screens/uxui_
engine/GyroscopeCustomizationScreen.kt:822:46 Unresolved reference 'CyberpunkPurple'.
e: file:///C:/Users/AuraF/Documents/ReGenesis_AOSP/app/src/main/java/dev/aurakai/auraframefx/domains/aura/screens/uxui_
engine/GyroscopeCustomizationScreen.kt:835:42 Unresolved reference 'CyberpunkPurple'.
e: file:///C:/Users/AuraF/Documents/ReGenesis_AOSP/app/src/main/java/dev/aurakai/auraframefx/domains/aura/screens/uxui_
engine/GyroscopeCustomizationScreen.kt:875:26 Unresolved reference 'CyberpunkCyan'.
e: file:///C:/Users/AuraF/Documents/ReGenesis_AOSP/app/src/main/java/dev/aurakai/auraframefx/domains/aura/screens/uxui_
engine/GyroscopeCustomizationScreen.kt:877:65 Unresolved reference 'CyberpunkCyan'.
e: file:///C:/Users/AuraF/Documents/ReGenesis_AOSP/app/src/main/java/dev/aurakai/auraframefx/domains/aura/ui/conference
/NexusConferenceScreen.kt:17:40 Unresolved reference 'trinity'.
e: file:///C:/Users/AuraF/Documents/ReGenesis_AOSP/app/src/main/java/dev/aurakai/auraframefx/domains/aura/ui/conference
/NexusConferenceScreen.kt:18:32 Unresolved reference 'models'.
e: file:///C:/Users/AuraF/Documents/ReGenesis_AOSP/app/src/main/java/dev/aurakai/auraframefx/domains/aura/ui/conference
/NexusConferenceScreen.kt:22:16 Unresolved reference 'TrinityViewModel'.
e: file:///C:/Users/AuraF/Documents/ReGenesis_AOSP/app/src/main/java/dev/aurakai/auraframefx/domains/aura/ui/conference
/NexusConferenceScreen.kt:22:35 Cannot infer type for type parameter 'VM'. Specify it explicitly.
e: file:///C:/Users/AuraF/Documents/ReGenesis_AOSP/app/src/main/java/dev/aurakai/auraframefx/domains/aura/ui/conference
/NexusConferenceScreen.kt:27:20 Property delegate must have a 'getValue(Nothing?, KProperty0<ERROR CLASS: Cannot infer 
argument for type parameter T>)' method. None of the following functions is applicable:
e: file:///C:/Users/AuraF/Documents/ReGenesis_AOSP/app/src/main/java/dev/aurakai/auraframefx/domains/aura/ui/conference
/NexusConferenceScreen.kt:27:23 Cannot infer type for type parameter 'T'. Specify it explicitly.
e: file:///C:/Users/AuraF/Documents/ReGenesis_AOSP/app/src/main/java/dev/aurakai/auraframefx/domains/aura/ui/conference
/NexusConferenceScreen.kt:27:33 Unresolved reference 'messageHistory'.
e: file:///C:/Users/AuraF/Documents/ReGenesis_AOSP/app/src/main/java/dev/aurakai/auraframefx/domains/aura/ui/conference
/NexusConferenceScreen.kt:27:48 Cannot infer type for type parameter 'T'. Specify it explicitly.
e: file:///C:/Users/AuraF/Documents/ReGenesis_AOSP/app/src/main/java/dev/aurakai/auraframefx/domains/aura/ui/conference
/NexusConferenceScreen.kt:88:35 Unresolved reference 'broadcastMessage'.
e: file:///C:/Users/AuraF/Documents/ReGenesis_AOSP/app/src/main/java/dev/aurakai/auraframefx/domains/aura/ui/conference
/NexusConferenceScreen.kt:100:31 Unresolved reference 'AgentMessage'.
e: file:///C:/Users/AuraF/Documents/ReGenesis_AOSP/app/src/main/java/dev/aurakai/auraframefx/domains/aura/ui/conference
/NexusConferenceScreen.kt:101:26 Unresolved reference 'from'.
e: file:///C:/Users/AuraF/Documents/ReGenesis_AOSP/app/src/main/java/dev/aurakai/auraframefx/domains/aura/ui/conference
/NexusConferenceScreen.kt:102:36 Unresolved reference 'from'.
e: file:///C:/Users/AuraF/Documents/ReGenesis_AOSP/app/src/main/java/dev/aurakai/auraframefx/domains/aura/ui/conference
/NexusConferenceScreen.kt:116:32 Unresolved reference 'from'.
e: file:///C:/Users/AuraF/Documents/ReGenesis_AOSP/app/src/main/java/dev/aurakai/auraframefx/domains/aura/ui/conference
/NexusConferenceScreen.kt:137:32 Unresolved reference 'content'.
e: file:///C:/Users/AuraF/Documents/ReGenesis_AOSP/app/src/main/java/dev/aurakai/auraframefx/domains/aura/ui/gates/Agen
tNexusHubScreen.kt:33:39 Unresolved reference 'GateAssetConfig'.
e: file:///C:/Users/AuraF/Documents/ReGenesis_AOSP/app/src/main/java/dev/aurakai/auraframefx/domains/aura/ui/gates/Agen
tNexusHubScreen.kt:60:24 Unresolved reference 'GateAssetConfig'.
e: file:///C:/Users/AuraF/Documents/ReGenesis_AOSP/app/src/main/java/dev/aurakai/auraframefx/domains/aura/ui/gates/Agen
tNexusHubScreen.kt:60:64 Unresolved reference 'GateAssetConfig'.
e: file:///C:/Users/AuraF/Documents/ReGenesis_AOSP/app/src/main/java/dev/aurakai/auraframefx/domains/aura/ui/gates/Agen
tNexusHubScreen.kt:104:29 Unresolved reference 'GateAssetConfig'.
e: file:///C:/Users/AuraF/Documents/ReGenesis_AOSP/app/src/main/java/dev/aurakai/auraframefx/domains/aura/ui/gates/Aura
ThemingHubScreen.kt:20:39 Unresolved reference 'GateAssetConfig'.
e: file:///C:/Users/AuraF/Documents/ReGenesis_AOSP/app/src/main/java/dev/aurakai/auraframefx/domains/aura/ui/gates/Aura
ThemingHubScreen.kt:21:39 Unresolved reference 'GateAssetLoadout'.
e: file:///C:/Users/AuraF/Documents/ReGenesis_AOSP/app/src/main/java/dev/aurakai/auraframefx/domains/aura/ui/gates/Aura
ThemingHubScreen.kt:42:20 Unresolved reference 'GateAssetLoadout'.
e: file:///C:/Users/AuraF/Documents/ReGenesis_AOSP/app/src/main/java/dev/aurakai/auraframefx/domains/aura/ui/gates/Aura
ThemingHubScreen.kt:45:24 Unresolved reference 'GateAssetConfig'.
e: file:///C:/Users/AuraF/Documents/ReGenesis_AOSP/app/src/main/java/dev/aurakai/auraframefx/domains/aura/ui/gates/Aura
ThemingHubScreen.kt:45:63 Unresolved reference 'GateAssetConfig'.
e: file:///C:/Users/AuraF/Documents/ReGenesis_AOSP/app/src/main/java/dev/aurakai/auraframefx/domains/aura/ui/gates/Aura
ThemingHubScreen.kt:82:29 Unresolved reference 'GateAssetConfig'.
e: file:///C:/Users/AuraF/Documents/ReGenesis_AOSP/app/src/main/java/dev/aurakai/auraframefx/domains/aura/ui/gates/KaiS
entinelHubScreen.kt:29:39 Unresolved reference 'GateAssetConfig'.
e: file:///C:/Users/AuraF/Documents/ReGenesis_AOSP/app/src/main/java/dev/aurakai/auraframefx/domains/aura/ui/gates/KaiS
entinelHubScreen.kt:75:59 Unresolved reference 'styleName'.
e: file:///C:/Users/AuraF/Documents/ReGenesis_AOSP/app/src/main/java/dev/aurakai/auraframefx/domains/aura/ui/gates/KaiS
entinelHubScreen.kt:88:29 Unresolved reference 'useStyleB'.
e: file:///C:/Users/AuraF/Documents/ReGenesis_AOSP/app/src/main/java/dev/aurakai/auraframefx/domains/aura/ui/gates/KaiS
entinelHubScreen.kt:88:42 Unresolved reference 'useStyleB'.
e: file:///C:/Users/AuraF/Documents/ReGenesis_AOSP/app/src/main/java/dev/aurakai/auraframefx/domains/aura/ui/gates/KaiS
entinelHubScreen.kt:89:29 Unresolved reference 'GateAssetConfig'.
e: file:///C:/Users/AuraF/Documents/ReGenesis_AOSP/app/src/main/java/dev/aurakai/auraframefx/domains/aura/ui/gates/KaiS
entinelHubScreen.kt:120:44 Unresolved reference 'components'.
e: file:///C:/Users/AuraF/Documents/ReGenesis_AOSP/app/src/main/java/dev/aurakai/auraframefx/domains/aura/ui/gates/KaiS
entinelHubScreen.kt:121:32 Unresolved reference 'subGates'.
e: file:///C:/Users/AuraF/Documents/ReGenesis_AOSP/app/src/main/java/dev/aurakai/auraframefx/domains/aura/ui/gates/KaiS
entinelHubScreen.kt:122:40 Cannot infer type for value parameter 'gate'. Specify it explicitly.
e: file:///C:/Users/AuraF/Documents/ReGenesis_AOSP/app/src/main/java/dev/aurakai/auraframefx/domains/aura/ui/gates/KaiS
entinelHubScreen.kt:123:53 Unresolved reference 'route'.
e: file:///C:/Users/AuraF/Documents/ReGenesis_AOSP/app/src/main/java/dev/aurakai/auraframefx/domains/aura/ui/gates/KaiS
entinelHubScreen.kt:125:33 Unresolved reference 'useStyleB'.
e: file:///C:/Users/AuraF/Documents/ReGenesis_AOSP/app/src/main/java/dev/aurakai/auraframefx/domains/aura/ui/gates/KaiS
entinelHubScreen.kt:143:32 Unresolved reference 'subGates'.
e: file:///C:/Users/AuraF/Documents/ReGenesis_AOSP/app/src/main/java/dev/aurakai/auraframefx/domains/aura/ui/gates/KaiS
entinelHubScreen.kt:147:33 Unresolved reference 'useStyleB'.
e: file:///C:/Users/AuraF/Documents/ReGenesis_AOSP/app/src/main/java/dev/aurakai/auraframefx/domains/aura/ui/gates/Orac
leDriveHubScreen.kt:33:39 Unresolved reference 'GateAssetConfig'.
e: file:///C:/Users/AuraF/Documents/ReGenesis_AOSP/app/src/main/java/dev/aurakai/auraframefx/domains/aura/ui/gates/Orac
leDriveHubScreen.kt:35:39 Unresolved reference 'GateAssetLoadout'.
e: file:///C:/Users/AuraF/Documents/ReGenesis_AOSP/app/src/main/java/dev/aurakai/auraframefx/domains/aura/ui/gates/Orac
leDriveHubScreen.kt:58:20 Unresolved reference 'GateAssetLoadout'.
e: file:///C:/Users/AuraF/Documents/ReGenesis_AOSP/app/src/main/java/dev/aurakai/auraframefx/domains/aura/ui/gates/Orac
leDriveHubScreen.kt:61:24 Unresolved reference 'GateAssetConfig'.
e: file:///C:/Users/AuraF/Documents/ReGenesis_AOSP/app/src/main/java/dev/aurakai/auraframefx/domains/aura/ui/gates/Orac
leDriveHubScreen.kt:61:66 Unresolved reference 'GateAssetConfig'.
e: file:///C:/Users/AuraF/Documents/ReGenesis_AOSP/app/src/main/java/dev/aurakai/auraframefx/domains/aura/ui/gates/Orac
leDriveHubScreen.kt:138:29 Unresolved reference 'GateAssetConfig'.
e: file:///C:/Users/AuraF/Documents/ReGenesis_AOSP/app/src/main/java/dev/aurakai/auraframefx/domains/aura/ui/recovery/U
IRecoveryBlackoutScreen.kt:61:16 Unresolved reference 'UIRecoveryViewModel'.
e: file:///C:/Users/AuraF/Documents/ReGenesis_AOSP/app/src/main/java/dev/aurakai/auraframefx/domains/aura/ui/recovery/U
IRecoveryBlackoutScreen.kt:61:38 Cannot infer type for type parameter 'VM'. Specify it explicitly.
e: file:///C:/Users/AuraF/Documents/ReGenesis_AOSP/app/src/main/java/dev/aurakai/auraframefx/domains/aura/ui/recovery/U
IRecoveryBlackoutScreen.kt:64:23 Property delegate must have a 'getValue(Nothing?, KProperty0<ERROR CLASS: Cannot 
infer argument for type parameter T>)' method. None of the following functions is applicable:
e: file:///C:/Users/AuraF/Documents/ReGenesis_AOSP/app/src/main/java/dev/aurakai/auraframefx/domains/aura/ui/recovery/U
IRecoveryBlackoutScreen.kt:64:26 Cannot infer type for type parameter 'T'. Specify it explicitly.
e: file:///C:/Users/AuraF/Documents/ReGenesis_AOSP/app/src/main/java/dev/aurakai/auraframefx/domains/aura/ui/recovery/U
IRecoveryBlackoutScreen.kt:64:36 Unresolved reference 'recoveryState'.
e: file:///C:/Users/AuraF/Documents/ReGenesis_AOSP/app/src/main/java/dev/aurakai/auraframefx/domains/aura/ui/recovery/U
IRecoveryBlackoutScreen.kt:64:50 Cannot infer type for type parameter 'T'. Specify it explicitly.
e: file:///C:/Users/AuraF/Documents/ReGenesis_AOSP/app/src/main/java/dev/aurakai/auraframefx/domains/aura/ui/recovery/U
IRecoveryBlackoutScreen.kt:65:45 Unresolved reference 'UIRecoveryState'.
e: file:///C:/Users/AuraF/Documents/ReGenesis_AOSP/app/src/main/java/dev/aurakai/auraframefx/domains/aura/ui/recovery/U
IRecoveryBlackoutScreen.kt:115:17 Unresolved reference 'UIRecoveryDialog'.
e: file:///C:/Users/AuraF/Documents/ReGenesis_AOSP/app/src/main/java/dev/aurakai/auraframefx/domains/aura/ui/recovery/U
IRecoveryBlackoutScreen.kt:116:43 Cannot infer type for value parameter 'route'. Specify it explicitly.
e: file:///C:/Users/AuraF/Documents/ReGenesis_AOSP/app/src/main/java/dev/aurakai/auraframefx/domains/aura/ui/recovery/U
IRecoveryBlackoutScreen.kt:140:5 Unresolved reference 'UIRecoveryManager'.
e: file:///C:/Users/AuraF/Documents/ReGenesis_AOSP/app/src/main/java/dev/aurakai/auraframefx/domains/aura/ui/recovery/U
IRecoveryBlackoutScreen.kt:146:5 Unresolved reference 'triggerRecovery'.
e: file:///C:/Users/AuraF/Documents/ReGenesis_AOSP/app/src/main/java/dev/aurakai/auraframefx/domains/aura/ui/screens/Ho
lographicMenuScreen.kt:3:40 Conflicting import: imported name 'RepeatMode' is ambiguous.
e: file:///C:/Users/AuraF/Documents/ReGenesis_AOSP/app/src/main/java/dev/aurakai/auraframefx/domains/aura/ui/screens/Ho
lographicMenuScreen.kt:9:43 Conflicting import: imported name 'Arrangement' is ambiguous.
e: file:///C:/Users/AuraF/Documents/ReGenesis_AOSP/app/src/main/java/dev/aurakai/auraframefx/domains/aura/ui/screens/Ho
lographicMenuScreen.kt:23:40 Conflicting import: imported name 'Icons' is ambiguous.
e: file:///C:/Users/AuraF/Documents/ReGenesis_AOSP/app/src/main/java/dev/aurakai/auraframefx/domains/aura/ui/screens/Ho
lographicMenuScreen.kt:32:33 Conflicting import: imported name 'Composable' is ambiguous.
e: file:///C:/Users/AuraF/Documents/ReGenesis_AOSP/app/src/main/java/dev/aurakai/auraframefx/domains/aura/ui/screens/Ho
lographicMenuScreen.kt:37:28 Conflicting import: imported name 'Alignment' is ambiguous.
e: file:///C:/Users/AuraF/Documents/ReGenesis_AOSP/app/src/main/java/dev/aurakai/auraframefx/domains/aura/ui/screens/Ho
lographicMenuScreen.kt:38:28 Conflicting import: imported name 'Modifier' is ambiguous.
e: file:///C:/Users/AuraF/Documents/ReGenesis_AOSP/app/src/main/java/dev/aurakai/auraframefx/domains/aura/ui/screens/Ho
lographicMenuScreen.kt:41:37 Conflicting import: imported name 'Brush' is ambiguous.
e: file:///C:/Users/AuraF/Documents/ReGenesis_AOSP/app/src/main/java/dev/aurakai/auraframefx/domains/aura/ui/screens/Ho
lographicMenuScreen.kt:42:37 Conflicting import: imported name 'Color' is ambiguous.
e: file:///C:/Users/AuraF/Documents/ReGenesis_AOSP/app/src/main/java/dev/aurakai/auraframefx/domains/aura/ui/screens/Ho
lographicMenuScreen.kt:44:44 Conflicting import: imported name 'ImageVector' is ambiguous.
e: file:///C:/Users/AuraF/Documents/ReGenesis_AOSP/app/src/main/java/dev/aurakai/auraframefx/domains/aura/ui/screens/Ho
lographicMenuScreen.kt:46:38 Conflicting import: imported name 'FontWeight' is ambiguous.
e: file:///C:/Users/AuraF/Documents/ReGenesis_AOSP/app/src/main/java/dev/aurakai/auraframefx/domains/aura/ui/screens/Ho
lographicMenuScreen.kt:50:59 Conflicting import: imported name 'GlassCardStyles' is ambiguous.
e: file:///C:/Users/AuraF/Documents/ReGenesis_AOSP/app/src/main/java/dev/aurakai/auraframefx/domains/aura/ui/screens/Ho
lographicMenuScreen.kt:51:56 Conflicting import: imported name 'AuraKaiModules' is ambiguous.
e: file:///C:/Users/AuraF/Documents/ReGenesis_AOSP/app/src/main/java/dev/aurakai/auraframefx/domains/aura/ui/screens/Ho
lographicMenuScreen.kt:54:1 Syntax error: Expecting a top level declaration.
e: file:///C:/Users/AuraF/Documents/ReGenesis_AOSP/app/src/main/java/dev/aurakai/auraframefx/domains/aura/ui/screens/Ho
lographicMenuScreen.kt:54:2 Syntax error: Expecting a top level declaration.
e: file:///C:/Users/AuraF/Documents/ReGenesis_AOSP/app/src/main/java/dev/aurakai/auraframefx/domains/aura/ui/screens/Ho
lographicMenuScreen.kt:54:3 Syntax error: Expecting a top level declaration.
e: file:///C:/Users/AuraF/Documents/ReGenesis_AOSP/app/src/main/java/dev/aurakai/auraframefx/domains/aura/ui/screens/Ho
lographicMenuScreen.kt:54:4 Syntax error: Expecting a top level declaration.
e: file:///C:/Users/AuraF/Documents/ReGenesis_AOSP/app/src/main/java/dev/aurakai/auraframefx/domains/aura/ui/screens/Ho
lographicMenuScreen.kt:54:5 Syntax error: Expecting a top level declaration.
e: file:///C:/Users/AuraF/Documents/ReGenesis_AOSP/app/src/main/java/dev/aurakai/auraframefx/domains/aura/ui/screens/Ho
lographicMenuScreen.kt:54:6 Syntax error: Expecting a top level declaration.
e: file:///C:/Users/AuraF/Documents/ReGenesis_AOSP/app/src/main/java/dev/aurakai/auraframefx/domains/aura/ui/screens/Ho
lographicMenuScreen.kt:54:7 Syntax error: Expecting a top level declaration.
e: file:///C:/Users/AuraF/Documents/ReGenesis_AOSP/app/src/main/java/dev/aurakai/auraframefx/domains/aura/ui/screens/Ho
lographicMenuScreen.kt:54:8 Syntax error: Expecting a top level declaration.
e: file:///C:/Users/AuraF/Documents/ReGenesis_AOSP/app/src/main/java/dev/aurakai/auraframefx/domains/aura/ui/screens/Ho
lographicMenuScreen.kt:54:10 Syntax error: Expecting a top level declaration.
e: file:///C:/Users/AuraF/Documents/ReGenesis_AOSP/app/src/main/java/dev/aurakai/auraframefx/domains/aura/ui/screens/Ho
lographicMenuScreen.kt:54:14 Syntax error: Expecting a top level declaration.
e: file:///C:/Users/AuraF/Documents/ReGenesis_AOSP/app/src/main/java/dev/aurakai/auraframefx/domains/aura/ui/screens/Ho
lographicMenuScreen.kt:54:15 Syntax error: Expecting a top level declaration.
e: file:///C:/Users/AuraF/Documents/ReGenesis_AOSP/app/src/main/java/dev/aurakai/auraframefx/domains/aura/ui/screens/Ho
lographicMenuScreen.kt:54:18 Syntax error: Expecting a top level declaration.
e: file:///C:/Users/AuraF/Documents/ReGenesis_AOSP/app/src/main/java/dev/aurakai/auraframefx/domains/aura/ui/screens/Ho
lographicMenuScreen.kt:54:19 Syntax error: Expecting a top level declaration.
e: file:///C:/Users/AuraF/Documents/ReGenesis_AOSP/app/src/main/java/dev/aurakai/auraframefx/domains/aura/ui/screens/Ho
lographicMenuScreen.kt:54:22 Syntax error: Expecting a top level declaration.
e: file:///C:/Users/AuraF/Documents/ReGenesis_AOSP/app/src/main/java/dev/aurakai/auraframefx/domains/aura/ui/screens/Ho
lographicMenuScreen.kt:54:23 Syntax error: Expecting a top level declaration.
e: file:///C:/Users/AuraF/Documents/ReGenesis_AOSP/app/src/main/java/dev/aurakai/auraframefx/domains/aura/ui/screens/Ho
lographicMenuScreen.kt:54:27 Syntax error: Expecting a top level declaration.
e: file:///C:/Users/AuraF/Documents/ReGenesis_AOSP/app/src/main/java/dev/aurakai/auraframefx/domains/aura/ui/screens/Ho
lographicMenuScreen.kt:54:28 Syntax error: Expecting a top level declaration.
e: file:///C:/Users/AuraF/Documents/ReGenesis_AOSP/app/src/main/java/dev/aurakai/auraframefx/domains/aura/ui/screens/Ho
lographicMenuScreen.kt:54:32 Syntax error: Expecting a top level declaration.
e: file:///C:/Users/AuraF/Documents/ReGenesis_AOSP/app/src/main/java/dev/aurakai/auraframefx/domains/aura/ui/screens/Ho
lographicMenuScreen.kt:54:33 Syntax error: Expecting a top level declaration.
e: file:///C:/Users/AuraF/Documents/ReGenesis_AOSP/app/src/main/java/dev/aurakai/auraframefx/domains/aura/ui/screens/Ho
lographicMenuScreen.kt:54:36 Syntax error: Expecting a top level declaration.
e: file:///C:/Users/AuraF/Documents/ReGenesis_AOSP/app/src/main/java/dev/aurakai/auraframefx/domains/aura/ui/screens/Ho
lographicMenuScreen.kt:54:37 Syntax error: Expecting a top level declaration.
e: file:///C:/Users/AuraF/Documents/ReGenesis_AOSP/app/src/main/java/dev/aurakai/auraframefx/domains/aura/ui/screens/Ho
lographicMenuScreen.kt:54:44 Syntax error: Expecting a top level declaration.
e: file:///C:/Users/AuraF/Documents/ReGenesis_AOSP/app/src/main/java/dev/aurakai/auraframefx/domains/aura/ui/screens/Ho
lographicMenuScreen.kt:54:45 Syntax error: Expecting a top level declaration.
e: file:///C:/Users/AuraF/Documents/ReGenesis_AOSP/app/src/main/java/dev/aurakai/auraframefx/domains/aura/ui/screens/Ho
lographicMenuScreen.kt:54:56 Syntax error: Expecting a top level declaration.
e: file:///C:/Users/AuraF/Documents/ReGenesis_AOSP/app/src/main/java/dev/aurakai/auraframefx/domains/aura/ui/screens/Ho
lographicMenuScreen.kt:54:57 Syntax error: Expecting a top level declaration.
e: file:///C:/Users/AuraF/Documents/ReGenesis_AOSP/app/src/main/java/dev/aurakai/auraframefx/domains/aura/ui/screens/Ho
lographicMenuScreen.kt:54:64 Syntax error: Expecting a top level declaration.
e: file:///C:/Users/AuraF/Documents/ReGenesis_AOSP/app/src/main/java/dev/aurakai/auraframefx/domains/aura/ui/screens/Ho
lographicMenuScreen.kt:54:65 Syntax error: Expecting a top level declaration.
e: file:///C:/Users/AuraF/Documents/ReGenesis_AOSP/app/src/main/java/dev/aurakai/auraframefx/domains/aura/ui/screens/Ho
lographicMenuScreen.kt:54:69 Syntax error: Expecting a top level declaration.
e: file:///C:/Users/AuraF/Documents/ReGenesis_AOSP/app/src/main/java/dev/aurakai/auraframefx/domains/aura/ui/screens/Ho
lographicMenuScreen.kt:54:70 Syntax error: Expecting a top level declaration.
e: file:///C:/Users/AuraF/Documents/ReGenesis_AOSP/app/src/main/java/dev/aurakai/auraframefx/domains/aura/ui/screens/Ho
lographicMenuScreen.kt:54:77 Syntax error: Expecting a top level declaration.
e: file:///C:/Users/AuraF/Documents/ReGenesis_AOSP/app/src/main/java/dev/aurakai/auraframefx/domains/aura/ui/screens/Ho
lographicMenuScreen.kt:54:78 Syntax error: Expecting a top level declaration.
e: file:///C:/Users/AuraF/Documents/ReGenesis_AOSP/app/src/main/java/dev/aurakai/auraframefx/domains/aura/ui/screens/Ho
lographicMenuScreen.kt:54:99 Syntax error: Expecting a top level declaration.
e: file:///C:/Users/AuraF/Documents/ReGenesis_AOSP/app/src/main/java/dev/aurakai/auraframefx/domains/aura/ui/screens/Ho
lographicMenuScreen.kt:54:100 Syntax error: Expecting a top level declaration.
e: file:///C:/Users/AuraF/Documents/ReGenesis_AOSP/app/src/main/java/dev/aurakai/auraframefx/domains/aura/ui/screens/Ho
lographicMenuScreen.kt:55:1 Syntax error: Expecting a top level declaration.
e: file:///C:/Users/AuraF/Documents/ReGenesis_AOSP/app/src/main/java/dev/aurakai/auraframefx/domains/aura/ui/screens/Ho
lographicMenuScreen.kt:55:9 Syntax error: Expecting a top level declaration.
e: file:///C:/Users/AuraF/Documents/ReGenesis_AOSP/app/src/main/java/dev/aurakai/auraframefx/domains/aura/ui/screens/Ho
lographicMenuScreen.kt:55:12 Syntax error: Expecting a top level declaration.
e: file:///C:/Users/AuraF/Documents/ReGenesis_AOSP/app/src/main/java/dev/aurakai/auraframefx/domains/aura/ui/screens/Ho
lographicMenuScreen.kt:55:13 Syntax error: Expecting a top level declaration.
e: file:///C:/Users/AuraF/Documents/ReGenesis_AOSP/app/src/main/java/dev/aurakai/auraframefx/domains/aura/ui/screens/Ho
lographicMenuScreen.kt:55:20 Syntax error: Expecting a top level declaration.
e: file:///C:/Users/AuraF/Documents/ReGenesis_AOSP/app/src/main/java/dev/aurakai/auraframefx/domains/aura/ui/screens/Ho
lographicMenuScreen.kt:55:21 Syntax error: Expecting a top level declaration.
e: file:///C:/Users/AuraF/Documents/ReGenesis_AOSP/app/src/main/java/dev/aurakai/auraframefx/domains/aura/ui/screens/Ho
lographicMenuScreen.kt:55:32 Syntax error: Expecting a top level declaration.
e: file:///C:/Users/AuraF/Documents/ReGenesis_AOSP/app/src/main/java/dev/aurakai/auraframefx/domains/aura/ui/screens/Ho
lographicMenuScreen.kt:55:33 Syntax error: Expecting a top level declaration.
e: file:///C:/Users/AuraF/Documents/ReGenesis_AOSP/app/src/main/java/dev/aurakai/auraframefx/domains/aura/ui/screens/Ho
lographicMenuScreen.kt:55:40 Syntax error: Expecting a top level declaration.
e: file:///C:/Users/AuraF/Documents/ReGenesis_AOSP/app/src/main/java/dev/aurakai/auraframefx/domains/aura/ui/screens/Ho
lographicMenuScreen.kt:55:41 Syntax error: Expecting a top level declaration.
e: file:///C:/Users/AuraF/Documents/ReGenesis_AOSP/app/src/main/java/dev/aurakai/auraframefx/domains/aura/ui/screens/Ho
lographicMenuScreen.kt:55:45 Syntax error: Expecting a top level declaration.
e: file:///C:/Users/AuraF/Documents/ReGenesis_AOSP/app/src/main/java/dev/aurakai/auraframefx/domains/aura/ui/screens/Ho
lographicMenuScreen.kt:55:46 Syntax error: Expecting a top level declaration.
e: file:///C:/Users/AuraF/Documents/ReGenesis_AOSP/app/src/main/java/dev/aurakai/auraframefx/domains/aura/ui/screens/Ho
lographicMenuScreen.kt:56:1 Syntax error: Expecting a top level declaration.
e: file:///C:/Users/AuraF/Documents/ReGenesis_AOSP/app/src/main/java/dev/aurakai/auraframefx/domains/aura/ui/screens/Ho
lographicMenuScreen.kt:56:4 Syntax error: Expecting a top level declaration.
e: file:///C:/Users/AuraF/Documents/ReGenesis_AOSP/app/src/main/java/dev/aurakai/auraframefx/domains/aura/ui/screens/Ho
lographicMenuScreen.kt:56:7 Syntax error: Expecting a top level declaration.
e: file:///C:/Users/AuraF/Documents/ReGenesis_AOSP/app/src/main/java/dev/aurakai/auraframefx/domains/aura/ui/screens/Ho
lographicMenuScreen.kt:57:1 Syntax error: Expecting a top level declaration.
e: file:///C:/Users/AuraF/Documents/ReGenesis_AOSP/app/src/main/java/dev/aurakai/auraframefx/domains/aura/ui/screens/Ho
lographicMenuScreen.kt:57:9 Syntax error: Expecting a top level declaration.
e: file:///C:/Users/AuraF/Documents/ReGenesis_AOSP/app/src/main/java/dev/aurakai/auraframefx/domains/aura/ui/screens/Ho
lographicMenuScreen.kt:57:12 Syntax error: Expecting a top level declaration.
e: file:///C:/Users/AuraF/Documents/ReGenesis_AOSP/app/src/main/java/dev/aurakai/auraframefx/domains/aura/ui/screens/Ho
lographicMenuScreen.kt:57:13 Syntax error: Expecting a top level declaration.
e: file:///C:/Users/AuraF/Documents/ReGenesis_AOSP/app/src/main/java/dev/aurakai/auraframefx/domains/aura/ui/screens/Ho
lographicMenuScreen.kt:57:20 Syntax error: Expecting a top level declaration.
e: file:///C:/Users/AuraF/Documents/ReGenesis_AOSP/app/src/main/java/dev/aurakai/auraframefx/domains/aura/ui/screens/Ho
lographicMenuScreen.kt:57:21 Syntax error: Expecting a top level declaration.
e: file:///C:/Users/AuraF/Documents/ReGenesis_AOSP/app/src/main/java/dev/aurakai/auraframefx/domains/aura/ui/screens/Ho
lographicMenuScreen.kt:57:32 Syntax error: Expecting a top level declaration.
e: file:///C:/Users/AuraF/Documents/ReGenesis_AOSP/app/src/main/java/dev/aurakai/auraframefx/domains/aura/ui/screens/Ho
lographicMenuScreen.kt:57:33 Syntax error: Expecting a top level declaration.
e: file:///C:/Users/AuraF/Documents/ReGenesis_AOSP/app/src/main/java/dev/aurakai/auraframefx/domains/aura/ui/screens/Ho
lographicMenuScreen.kt:57:40 Syntax error: Expecting a top level declaration.
e: file:///C:/Users/AuraF/Documents/ReGenesis_AOSP/app/src/main/java/dev/aurakai/auraframefx/domains/aura/ui/screens/Ho
lographicMenuScreen.kt:57:41 Syntax error: Expecting a top level declaration.
e: file:///C:/Users/AuraF/Documents/ReGenesis_AOSP/app/src/main/java/dev/aurakai/auraframefx/domains/aura/ui/screens/Ho
lographicMenuScreen.kt:57:45 Syntax error: Expecting a top level declaration.
e: file:///C:/Users/AuraF/Documents/ReGenesis_AOSP/app/src/main/java/dev/aurakai/auraframefx/domains/aura/ui/screens/Ho
lographicMenuScreen.kt:57:46 Syntax error: Expecting a top level declaration.
e: file:///C:/Users/AuraF/Documents/ReGenesis_AOSP/app/src/main/java/dev/aurakai/auraframefx/domains/aura/ui/screens/Ho
lographicMenuScreen.kt:57:48 Syntax error: Expecting a top level declaration.
e: file:///C:/Users/AuraF/Documents/ReGenesis_AOSP/app/src/main/java/dev/aurakai/auraframefx/domains/aura/ui/screens/Ho
lographicMenuScreen.kt:57:49 Syntax error: Expecting a top level declaration.
e: file:///C:/Users/AuraF/Documents/ReGenesis_AOSP/app/src/main/java/dev/aurakai/auraframefx/domains/aura/ui/screens/Ho
lographicMenuScreen.kt:58:1 Syntax error: Expecting a top level declaration.
e: file:///C:/Users/AuraF/Documents/ReGenesis_AOSP/app/src/main/java/dev/aurakai/auraframefx/domains/aura/ui/screens/Ho
lographicMenuScreen.kt:58:2 Syntax error: Expecting a top level declaration.
e: file:///C:/Users/AuraF/Documents/ReGenesis_AOSP/app/src/main/java/dev/aurakai/auraframefx/domains/aura/ui/screens/Ho
lographicMenuScreen.kt:58:3 Syntax error: Expecting a top level declaration.
e: file:///C:/Users/AuraF/Documents/ReGenesis_AOSP/app/src/main/java/dev/aurakai/auraframefx/domains/aura/ui/screens/Ho
lographicMenuScreen.kt:58:4 Syntax error: Expecting a top level declaration.
e: file:///C:/Users/AuraF/Documents/ReGenesis_AOSP/app/src/main/java/dev/aurakai/auraframefx/domains/aura/ui/screens/Ho
lographicMenuScreen.kt:58:5 Syntax error: Expecting a top level declaration.
e: file:///C:/Users/AuraF/Documents/ReGenesis_AOSP/app/src/main/java/dev/aurakai/auraframefx/domains/aura/ui/screens/Ho
lographicMenuScreen.kt:58:6 Syntax error: Expecting a top level declaration.
e: file:///C:/Users/AuraF/Documents/ReGenesis_AOSP/app/src/main/java/dev/aurakai/auraframefx/domains/aura/ui/screens/Ho
lographicMenuScreen.kt:58:7 Syntax error: Expecting a top level declaration.
e: file:///C:/Users/AuraF/Documents/ReGenesis_AOSP/app/src/main/java/dev/aurakai/auraframefx/domains/aura/ui/screens/Ho
lographicMenuScreen.kt:58:8 Syntax error: Expecting a top level declaration.
e: file:///C:/Users/AuraF/Documents/ReGenesis_AOSP/app/src/main/java/dev/aurakai/auraframefx/domains/aura/ui/screens/Ho
lographicMenuScreen.kt:58:10 Syntax error: Expecting a top level declaration.
e: file:///C:/Users/AuraF/Documents/ReGenesis_AOSP/app/src/main/java/dev/aurakai/auraframefx/domains/aura/ui/screens/Ho
lographicMenuScreen.kt:58:16 Syntax error: Expecting a top level declaration.
e: file:///C:/Users/AuraF/Documents/ReGenesis_AOSP/app/src/main/java/dev/aurakai/auraframefx/domains/aura/ui/screens/Ho
lographicMenuScreen.kt:58:17 Syntax error: Expecting a top level declaration.
e: file:///C:/Users/AuraF/Documents/ReGenesis_AOSP/app/src/main/java/dev/aurakai/auraframefx/domains/aura/ui/screens/Ho
lographicMenuScreen.kt:58:21 Syntax error: Expecting a top level declaration.
e: file:///C:/Users/AuraF/Documents/ReGenesis_AOSP/app/src/main/java/dev/aurakai/auraframefx/domains/aura/ui/screens/Ho
lographicMenuScreen.kt:58:22 Syntax error: Expecting a top level declaration.
e: file:///C:/Users/AuraF/Documents/ReGenesis_AOSP/app/src/main/java/dev/aurakai/auraframefx/domains/aura/ui/screens/Ho
lographicMenuScreen.kt:58:25 Syntax error: Expecting a top level declaration.
e: file:///C:/Users/AuraF/Documents/ReGenesis_AOSP/app/src/main/java/dev/aurakai/auraframefx/domains/aura/ui/screens/Ho
lographicMenuScreen.kt:58:26 Syntax error: Expecting a top level declaration.
e: file:///C:/Users/AuraF/Documents/ReGenesis_AOSP/app/src/main/java/dev/aurakai/auraframefx/domains/aura/ui/screens/Ho
lographicMenuScreen.kt:58:29 Syntax error: Expecting a top level declaration.
e: file:///C:/Users/AuraF/Documents/ReGenesis_AOSP/app/src/main/java/dev/aurakai/auraframefx/domains/aura/ui/screens/Ho
lographicMenuScreen.kt:58:30 Syntax error: Expecting a top level declaration.
e: file:///C:/Users/AuraF/Documents/ReGenesis_AOSP/app/src/main/java/dev/aurakai/auraframefx/domains/aura/ui/screens/Ho
lographicMenuScreen.kt:58:34 Syntax error: Expecting a top level declaration.
e: file:///C:/Users/AuraF/Documents/ReGenesis_AOSP/app/src/main/java/dev/aurakai/auraframefx/domains/aura/ui/screens/Ho
lographicMenuScreen.kt:58:35 Syntax error: Expecting a top level declaration.
e: file:///C:/Users/AuraF/Documents/ReGenesis_AOSP/app/src/main/java/dev/aurakai/auraframefx/domains/aura/ui/screens/Ho
lographicMenuScreen.kt:58:39 Syntax error: Expecting a top level declaration.
e: file:///C:/Users/AuraF/Documents/ReGenesis_AOSP/app/src/main/java/dev/aurakai/auraframefx/domains/aura/ui/screens/Ho
lographicMenuScreen.kt:58:40 Syntax error: Expecting a top level declaration.
e: file:///C:/Users/AuraF/Documents/ReGenesis_AOSP/app/src/main/java/dev/aurakai/auraframefx/domains/aura/ui/screens/Ho
lographicMenuScreen.kt:58:43 Syntax error: Expecting a top level declaration.
e: file:///C:/Users/AuraF/Documents/ReGenesis_AOSP/app/src/main/java/dev/aurakai/auraframefx/domains/aura/ui/screens/Ho
lographicMenuScreen.kt:58:44 Syntax error: Expecting a top level declaration.
e: file:///C:/Users/AuraF/Documents/ReGenesis_AOSP/app/src/main/java/dev/aurakai/auraframefx/domains/aura/ui/screens/Ho
lographicMenuScreen.kt:58:51 Syntax error: Expecting a top level declaration.
e: file:///C:/Users/AuraF/Documents/ReGenesis_AOSP/app/src/main/java/dev/aurakai/auraframefx/domains/aura/ui/screens/Ho
lographicMenuScreen.kt:58:52 Syntax error: Expecting a top level declaration.
e: file:///C:/Users/AuraF/Documents/ReGenesis_AOSP/app/src/main/java/dev/aurakai/auraframefx/domains/aura/ui/screens/Ho
lographicMenuScreen.kt:58:63 Syntax error: Expecting a top level declaration.
e: file:///C:/Users/AuraF/Documents/ReGenesis_AOSP/app/src/main/java/dev/aurakai/auraframefx/domains/aura/ui/screens/Ho
lographicMenuScreen.kt:58:64 Syntax error: Expecting a top level declaration.
e: file:///C:/Users/AuraF/Documents/ReGenesis_AOSP/app/src/main/java/dev/aurakai/auraframefx/domains/aura/ui/screens/Ho
lographicMenuScreen.kt:58:71 Syntax error: Expecting a top level declaration.
e: file:///C:/Users/AuraF/Documents/ReGenesis_AOSP/app/src/main/java/dev/aurakai/auraframefx/domains/aura/ui/screens/Ho
lographicMenuScreen.kt:58:72 Syntax error: Expecting a top level declaration.
e: file:///C:/Users/AuraF/Documents/ReGenesis_AOSP/app/src/main/java/dev/aurakai/auraframefx/domains/aura/ui/screens/Ho
lographicMenuScreen.kt:58:76 Syntax error: Expecting a top level declaration.
e: file:///C:/Users/AuraF/Documents/ReGenesis_AOSP/app/src/main/java/dev/aurakai/auraframefx/domains/aura/ui/screens/Ho
lographicMenuScreen.kt:58:77 Syntax error: Expecting a top level declaration.
e: file:///C:/Users/AuraF/Documents/ReGenesis_AOSP/app/src/main/java/dev/aurakai/auraframefx/domains/aura/ui/screens/Ho
lographicMenuScreen.kt:58:79 Syntax error: Expecting a top level declaration.
e: file:///C:/Users/AuraF/Documents/ReGenesis_AOSP/app/src/main/java/dev/aurakai/auraframefx/domains/aura/ui/screens/Ho
lographicMenuScreen.kt:58:80 Syntax error: Expecting a top level declaration.
e: file:///C:/Users/AuraF/Documents/ReGenesis_AOSP/app/src/main/java/dev/aurakai/auraframefx/domains/aura/ui/screens/Ho
lographicMenuScreen.kt:58:87 Syntax error: Expecting a top level declaration.
e: file:///C:/Users/AuraF/Documents/ReGenesis_AOSP/app/src/main/java/dev/aurakai/auraframefx/domains/aura/ui/screens/Ho
lographicMenuScreen.kt:58:88 Syntax error: Expecting a top level declaration.
e: file:///C:/Users/AuraF/Documents/ReGenesis_AOSP/app/src/main/java/dev/aurakai/auraframefx/domains/aura/ui/screens/Ho
lographicMenuScreen.kt:58:109 Syntax error: Expecting a top level declaration.
e: file:///C:/Users/AuraF/Documents/ReGenesis_AOSP/app/src/main/java/dev/aurakai/auraframefx/domains/aura/ui/screens/Ho
lographicMenuScreen.kt:58:110 Syntax error: Expecting a top level declaration.
e: file:///C:/Users/AuraF/Documents/ReGenesis_AOSP/app/src/main/java/dev/aurakai/auraframefx/domains/aura/ui/screens/Ho
lographicMenuScreen.kt:58:112 Syntax error: imports are only allowed in the beginning of file.
e: file:///C:/Users/AuraF/Documents/ReGenesis_AOSP/app/src/main/java/dev/aurakai/auraframefx/domains/aura/ui/screens/Ho
lographicMenuScreen.kt:62:40 Conflicting import: imported name 'RepeatMode' is ambiguous.
e: file:///C:/Users/AuraF/Documents/ReGenesis_AOSP/app/src/main/java/dev/aurakai/auraframefx/domains/aura/ui/screens/Ho
lographicMenuScreen.kt:69:1 Syntax error: Expecting a top level declaration.
e: file:///C:/Users/AuraF/Documents/ReGenesis_AOSP/app/src/main/java/dev/aurakai/auraframefx/domains/aura/ui/screens/Ho
lographicMenuScreen.kt:69:9 Syntax error: Expecting a top level declaration.
e: file:///C:/Users/AuraF/Documents/ReGenesis_AOSP/app/src/main/java/dev/aurakai/auraframefx/domains/aura/ui/screens/Ho
lographicMenuScreen.kt:69:17 Syntax error: Expecting a top level declaration.
e: file:///C:/Users/AuraF/Documents/ReGenesis_AOSP/app/src/main/java/dev/aurakai/auraframefx/domains/aura/ui/screens/Ho
lographicMenuScreen.kt:69:18 Syntax error: Expecting a top level declaration.
e: file:///C:/Users/AuraF/Documents/ReGenesis_AOSP/app/src/main/java/dev/aurakai/auraframefx/domains/aura/ui/screens/Ho
lographicMenuScreen.kt:69:25 Syntax error: Expecting a top level declaration.
e: file:///C:/Users/AuraF/Documents/ReGenesis_AOSP/app/src/main/java/dev/aurakai/auraframefx/domains/aura/ui/screens/Ho
lographicMenuScreen.kt:69:26 Syntax error: Expecting a top level declaration.
e: file:///C:/Users/AuraF/Documents/ReGenesis_AOSP/app/src/main/java/dev/aurakai/auraframefx/domains/aura/ui/screens/Ho
lographicMenuScreen.kt:69:36 Syntax error: Expecting a top level declaration.
e: file:///C:/Users/AuraF/Documents/ReGenesis_AOSP/app/src/main/java/dev/aurakai/auraframefx/domains/aura/ui/screens/Ho
lographicMenuScreen.kt:69:37 Syntax error: Expecting a top level declaration.
e: file:///C:/Users/AuraF/Documents/ReGenesis_AOSP/app/src/main/java/dev/aurakai/auraframefx/domains/aura/ui/screens/Ho
lographicMenuScreen.kt:69:47 Syntax error: imports are only allowed in the beginning of file.
e: file:///C:/Users/AuraF/Documents/ReGenesis_AOSP/app/src/main/java/dev/aurakai/auraframefx/domains/aura/ui/screens/Ho
lographicMenuScreen.kt:70:43 Conflicting import: imported name 'Arrangement' is ambiguous.
e: file:///C:/Users/AuraF/Documents/ReGenesis_AOSP/app/src/main/java/dev/aurakai/auraframefx/domains/aura/ui/screens/Ho
lographicMenuScreen.kt:84:40 Conflicting import: imported name 'Icons' is ambiguous.
e: file:///C:/Users/AuraF/Documents/ReGenesis_AOSP/app/src/main/java/dev/aurakai/auraframefx/domains/aura/ui/screens/Ho
lographicMenuScreen.kt:93:33 Conflicting import: imported name 'Composable' is ambiguous.
e: file:///C:/Users/AuraF/Documents/ReGenesis_AOSP/app/src/main/java/dev/aurakai/auraframefx/domains/aura/ui/screens/Ho
lographicMenuScreen.kt:98:28 Conflicting import: imported name 'Alignment' is ambiguous.
e: file:///C:/Users/AuraF/Documents/ReGenesis_AOSP/app/src/main/java/dev/aurakai/auraframefx/domains/aura/ui/screens/Ho
lographicMenuScreen.kt:99:28 Conflicting import: imported name 'Modifier' is ambiguous.
e: file:///C:/Users/AuraF/Documents/ReGenesis_AOSP/app/src/main/java/dev/aurakai/auraframefx/domains/aura/ui/screens/Ho
lographicMenuScreen.kt:102:37 Conflicting import: imported name 'Brush' is ambiguous.
e: file:///C:/Users/AuraF/Documents/ReGenesis_AOSP/app/src/main/java/dev/aurakai/auraframefx/domains/aura/ui/screens/Ho
lographicMenuScreen.kt:103:37 Conflicting import: imported name 'Color' is ambiguous.
e: file:///C:/Users/AuraF/Documents/ReGenesis_AOSP/app/src/main/java/dev/aurakai/auraframefx/domains/aura/ui/screens/Ho
lographicMenuScreen.kt:105:44 Conflicting import: imported name 'ImageVector' is ambiguous.
e: file:///C:/Users/AuraF/Documents/ReGenesis_AOSP/app/src/main/java/dev/aurakai/auraframefx/domains/aura/ui/screens/Ho
lographicMenuScreen.kt:107:38 Conflicting import: imported name 'FontWeight' is ambiguous.
e: file:///C:/Users/AuraF/Documents/ReGenesis_AOSP/app/src/main/java/dev/aurakai/auraframefx/domains/aura/ui/screens/Ho
lographicMenuScreen.kt:111:1 Syntax error: Expecting a top level declaration.
e: file:///C:/Users/AuraF/Documents/ReGenesis_AOSP/app/src/main/java/dev/aurakai/auraframefx/domains/aura/ui/screens/Ho
lographicMenuScreen.kt:111:2 Syntax error: Expecting a top level declaration.
e: file:///C:/Users/AuraF/Documents/ReGenesis_AOSP/app/src/main/java/dev/aurakai/auraframefx/domains/aura/ui/screens/Ho
lographicMenuScreen.kt:111:3 Syntax error: Expecting a top level declaration.
e: file:///C:/Users/AuraF/Documents/ReGenesis_AOSP/app/src/main/java/dev/aurakai/auraframefx/domains/aura/ui/screens/Ho
lographicMenuScreen.kt:111:4 Syntax error: Expecting a top level declaration.
e: file:///C:/Users/AuraF/Documents/ReGenesis_AOSP/app/src/main/java/dev/aurakai/auraframefx/domains/aura/ui/screens/Ho
lographicMenuScreen.kt:111:5 Syntax error: Expecting a top level declaration.
e: file:///C:/Users/AuraF/Documents/ReGenesis_AOSP/app/src/main/java/dev/aurakai/auraframefx/domains/aura/ui/screens/Ho
lographicMenuScreen.kt:111:6 Syntax error: Expecting a top level declaration.
e: file:///C:/Users/AuraF/Documents/ReGenesis_AOSP/app/src/main/java/dev/aurakai/auraframefx/domains/aura/ui/screens/Ho
lographicMenuScreen.kt:111:7 Syntax error: Expecting a top level declaration.
e: file:///C:/Users/AuraF/Documents/ReGenesis_AOSP/app/src/main/java/dev/aurakai/auraframefx/domains/aura/ui/screens/Ho
lographicMenuScreen.kt:111:8 Syntax error: Expecting a top level declaration.
e: file:///C:/Users/AuraF/Documents/ReGenesis_AOSP/app/src/main/java/dev/aurakai/auraframefx/domains/aura/ui/screens/Ho
lographicMenuScreen.kt:111:10 Syntax error: Expecting a top level declaration.
e: file:///C:/Users/AuraF/Documents/ReGenesis_AOSP/app/src/main/java/dev/aurakai/auraframefx/domains/aura/ui/screens/Ho
lographicMenuScreen.kt:111:14 Syntax error: Expecting a top level declaration.
e: file:///C:/Users/AuraF/Documents/ReGenesis_AOSP/app/src/main/java/dev/aurakai/auraframefx/domains/aura/ui/screens/Ho
lographicMenuScreen.kt:111:15 Syntax error: Expecting a top level declaration.
e: file:///C:/Users/AuraF/Documents/ReGenesis_AOSP/app/src/main/java/dev/aurakai/auraframefx/domains/aura/ui/screens/Ho
lographicMenuScreen.kt:111:18 Syntax error: Expecting a top level declaration.
e: file:///C:/Users/AuraF/Documents/ReGenesis_AOSP/app/src/main/java/dev/aurakai/auraframefx/domains/aura/ui/screens/Ho
lographicMenuScreen.kt:111:19 Syntax error: Expecting a top level declaration.
e: file:///C:/Users/AuraF/Documents/ReGenesis_AOSP/app/src/main/java/dev/aurakai/auraframefx/domains/aura/ui/screens/Ho
lographicMenuScreen.kt:111:22 Syntax error: Expecting a top level declaration.
e: file:///C:/Users/AuraF/Documents/ReGenesis_AOSP/app/src/main/java/dev/aurakai/auraframefx/domains/aura/ui/screens/Ho
lographicMenuScreen.kt:111:23 Syntax error: Expecting a top level declaration.
e: file:///C:/Users/AuraF/Documents/ReGenesis_AOSP/app/src/main/java/dev/aurakai/auraframefx/domains/aura/ui/screens/Ho
lographicMenuScreen.kt:111:27 Syntax error: Expecting a top level declaration.
e: file:///C:/Users/AuraF/Documents/ReGenesis_AOSP/app/src/main/java/dev/aurakai/auraframefx/domains/aura/ui/screens/Ho
lographicMenuScreen.kt:111:28 Syntax error: Expecting a top level declaration.
e: file:///C:/Users/AuraF/Documents/ReGenesis_AOSP/app/src/main/java/dev/aurakai/auraframefx/domains/aura/ui/screens/Ho
lographicMenuScreen.kt:111:32 Syntax error: Expecting a top level declaration.
e: file:///C:/Users/AuraF/Documents/ReGenesis_AOSP/app/src/main/java/dev/aurakai/auraframefx/domains/aura/ui/screens/Ho
lographicMenuScreen.kt:111:33 Syntax error: Expecting a top level declaration.
e: file:///C:/Users/AuraF/Documents/ReGenesis_AOSP/app/src/main/java/dev/aurakai/auraframefx/domains/aura/ui/screens/Ho
lographicMenuScreen.kt:111:36 Syntax error: Expecting a top level declaration.
e: file:///C:/Users/AuraF/Documents/ReGenesis_AOSP/app/src/main/java/dev/aurakai/auraframefx/domains/aura/ui/screens/Ho
lographicMenuScreen.kt:111:37 Syntax error: Expecting a top level declaration.
e: file:///C:/Users/AuraF/Documents/ReGenesis_AOSP/app/src/main/java/dev/aurakai/auraframefx/domains/aura/ui/screens/Ho
lographicMenuScreen.kt:111:44 Syntax error: Expecting a top level declaration.
e: file:///C:/Users/AuraF/Documents/ReGenesis_AOSP/app/src/main/java/dev/aurakai/auraframefx/domains/aura/ui/screens/Ho
lographicMenuScreen.kt:111:45 Syntax error: Expecting a top level declaration.
e: file:///C:/Users/AuraF/Documents/ReGenesis_AOSP/app/src/main/java/dev/aurakai/auraframefx/domains/aura/ui/screens/Ho
lographicMenuScreen.kt:111:56 Syntax error: Expecting a top level declaration.
e: file:///C:/Users/AuraF/Documents/ReGenesis_AOSP/app/src/main/java/dev/aurakai/auraframefx/domains/aura/ui/screens/Ho
lographicMenuScreen.kt:111:57 Syntax error: Expecting a top level declaration.
e: file:///C:/Users/AuraF/Documents/ReGenesis_AOSP/app/src/main/java/dev/aurakai/auraframefx/domains/aura/ui/screens/Ho
lographicMenuScreen.kt:111:64 Syntax error: Expecting a top level declaration.
e: file:///C:/Users/AuraF/Documents/ReGenesis_AOSP/app/src/main/java/dev/aurakai/auraframefx/domains/aura/ui/screens/Ho
lographicMenuScreen.kt:111:65 Syntax error: Expecting a top level declaration.
e: file:///C:/Users/AuraF/Documents/ReGenesis_AOSP/app/src/main/java/dev/aurakai/auraframefx/domains/aura/ui/screens/Ho
lographicMenuScreen.kt:111:69 Syntax error: Expecting a top level declaration.
e: file:///C:/Users/AuraF/Documents/ReGenesis_AOSP/app/src/main/java/dev/aurakai/auraframefx/domains/aura/ui/screens/Ho
lographicMenuScreen.kt:111:70 Syntax error: Expecting a top level declaration.
e: file:///C:/Users/AuraF/Documents/ReGenesis_AOSP/app/src/main/java/dev/aurakai/auraframefx/domains/aura/ui/screens/Ho
lographicMenuScreen.kt:111:77 Syntax error: Expecting a top level declaration.
e: file:///C:/Users/AuraF/Documents/ReGenesis_AOSP/app/src/main/java/dev/aurakai/auraframefx/domains/aura/ui/screens/Ho
lographicMenuScreen.kt:111:78 Syntax error: Expecting a top level declaration.
e: file:///C:/Users/AuraF/Documents/ReGenesis_AOSP/app/src/main/java/dev/aurakai/auraframefx/domains/aura/ui/screens/Ho
lographicMenuScreen.kt:111:99 Syntax error: Expecting a top level declaration.
e: file:///C:/Users/AuraF/Documents/ReGenesis_AOSP/app/src/main/java/dev/aurakai/auraframefx/domains/aura/ui/screens/Ho
lographicMenuScreen.kt:111:100 Syntax error: Expecting a top level declaration.
e: file:///C:/Users/AuraF/Documents/ReGenesis_AOSP/app/src/main/java/dev/aurakai/auraframefx/domains/aura/ui/screens/Ho
lographicMenuScreen.kt:111:102 Syntax error: imports are only allowed in the beginning of file.
e: file:///C:/Users/AuraF/Documents/ReGenesis_AOSP/app/src/main/java/dev/aurakai/auraframefx/domains/aura/ui/screens/Ho
lographicMenuScreen.kt:112:32 Unresolved reference 'data'.
e: file:///C:/Users/AuraF/Documents/ReGenesis_AOSP/app/src/main/java/dev/aurakai/auraframefx/domains/aura/ui/screens/Ho
lographicMenuScreen.kt:119:35 Unresolved reference 'components'.
e: file:///C:/Users/AuraF/Documents/ReGenesis_AOSP/app/src/main/java/dev/aurakai/auraframefx/domains/aura/ui/screens/Ho
lographicMenuScreen.kt:120:35 Unresolved reference 'components'.
e: file:///C:/Users/AuraF/Documents/ReGenesis_AOSP/app/src/main/java/dev/aurakai/auraframefx/domains/aura/ui/screens/Ho
lographicMenuScreen.kt:122:1 Syntax error: Expecting a top level declaration.
e: file:///C:/Users/AuraF/Documents/ReGenesis_AOSP/app/src/main/java/dev/aurakai/auraframefx/domains/aura/ui/screens/Ho
lographicMenuScreen.kt:122:4 Syntax error: Expecting a top level declaration.
e: file:///C:/Users/AuraF/Documents/ReGenesis_AOSP/app/src/main/java/dev/aurakai/auraframefx/domains/aura/ui/screens/Ho
lographicMenuScreen.kt:122:7 Syntax error: Expecting a top level declaration.
e: file:///C:/Users/AuraF/Documents/ReGenesis_AOSP/app/src/main/java/dev/aurakai/auraframefx/domains/aura/ui/screens/Ho
lographicMenuScreen.kt:122:9 Syntax error: imports are only allowed in the beginning of file.
e: file:///C:/Users/AuraF/Documents/ReGenesis_AOSP/app/src/main/java/dev/aurakai/auraframefx/domains/aura/ui/screens/Ho
lographicMenuScreen.kt:123:56 Conflicting import: imported name 'AuraKaiModules' is ambiguous.
e: file:///C:/Users/AuraF/Documents/ReGenesis_AOSP/app/src/main/java/dev/aurakai/auraframefx/domains/aura/ui/screens/Ho
lographicMenuScreen.kt:126:59 Conflicting import: imported name 'GlassCardStyles' is ambiguous.
e: file:///C:/Users/AuraF/Documents/ReGenesis_AOSP/app/src/main/java/dev/aurakai/auraframefx/domains/aura/ui/screens/Ho
lographicMenuScreen.kt:129:1 Syntax error: Expecting a top level declaration.
e: file:///C:/Users/AuraF/Documents/ReGenesis_AOSP/app/src/main/java/dev/aurakai/auraframefx/domains/aura/ui/screens/Ho
lographicMenuScreen.kt:129:2 Syntax error: Expecting a top level declaration.
e: file:///C:/Users/AuraF/Documents/ReGenesis_AOSP/app/src/main/java/dev/aurakai/auraframefx/domains/aura/ui/screens/Ho
lographicMenuScreen.kt:129:3 Syntax error: Expecting a top level declaration.
e: file:///C:/Users/AuraF/Documents/ReGenesis_AOSP/app/src/main/java/dev/aurakai/auraframefx/domains/aura/ui/screens/Ho
lographicMenuScreen.kt:129:4 Syntax error: Expecting a top level declaration.
e: file:///C:/Users/AuraF/Documents/ReGenesis_AOSP/app/src/main/java/dev/aurakai/auraframefx/domains/aura/ui/screens/Ho
lographicMenuScreen.kt:129:5 Syntax error: Expecting a top level declaration.
e: file:///C:/Users/AuraF/Documents/ReGenesis_AOSP/app/src/main/java/dev/aurakai/auraframefx/domains/aura/ui/screens/Ho
lographicMenuScreen.kt:129:6 Syntax error: Expecting a top level declaration.
e: file:///C:/Users/AuraF/Documents/ReGenesis_AOSP/app/src/main/java/dev/aurakai/auraframefx/domains/aura/ui/screens/Ho
lographicMenuScreen.kt:129:7 Syntax error: Expecting a top level declaration.
e: file:///C:/Users/AuraF/Documents/ReGenesis_AOSP/app/src/main/java/dev/aurakai/auraframefx/domains/aura/ui/screens/Ho
lographicMenuScreen.kt:129:8 Syntax error: Expecting a top level declaration.
e: file:///C:/Users/AuraF/Documents/ReGenesis_AOSP/app/src/main/java/dev/aurakai/auraframefx/domains/aura/ui/screens/Ho
lographicMenuScreen.kt:129:10 Syntax error: Expecting a top level declaration.
e: file:///C:/Users/AuraF/Documents/ReGenesis_AOSP/app/src/main/java/dev/aurakai/auraframefx/domains/aura/ui/screens/Ho
lographicMenuScreen.kt:129:16 Syntax error: Expecting a top level declaration.
e: file:///C:/Users/AuraF/Documents/ReGenesis_AOSP/app/src/main/java/dev/aurakai/auraframefx/domains/aura/ui/screens/Ho
lographicMenuScreen.kt:129:17 Syntax error: Expecting a top level declaration.
e: file:///C:/Users/AuraF/Documents/ReGenesis_AOSP/app/src/main/java/dev/aurakai/auraframefx/domains/aura/ui/screens/Ho
lographicMenuScreen.kt:129:21 Syntax error: Expecting a top level declaration.
e: file:///C:/Users/AuraF/Documents/ReGenesis_AOSP/app/src/main/java/dev/aurakai/auraframefx/domains/aura/ui/screens/Ho
lographicMenuScreen.kt:129:22 Syntax error: Expecting a top level declaration.
e: file:///C:/Users/AuraF/Documents/ReGenesis_AOSP/app/src/main/java/dev/aurakai/auraframefx/domains/aura/ui/screens/Ho
lographicMenuScreen.kt:129:25 Syntax error: Expecting a top level declaration.
e: file:///C:/Users/AuraF/Documents/ReGenesis_AOSP/app/src/main/java/dev/aurakai/auraframefx/domains/aura/ui/screens/Ho
lographicMenuScreen.kt:129:26 Syntax error: Expecting a top level declaration.
e: file:///C:/Users/AuraF/Documents/ReGenesis_AOSP/app/src/main/java/dev/aurakai/auraframefx/domains/aura/ui/screens/Ho
lographicMenuScreen.kt:129:29 Syntax error: Expecting a top level declaration.
e: file:///C:/Users/AuraF/Documents/ReGenesis_AOSP/app/src/main/java/dev/aurakai/auraframefx/domains/aura/ui/screens/Ho
lographicMenuScreen.kt:129:30 Syntax error: Expecting a top level declaration.
e: file:///C:/Users/AuraF/Documents/ReGenesis_AOSP/app/src/main/java/dev/aurakai/auraframefx/domains/aura/ui/screens/Ho
lographicMenuScreen.kt:129:34 Syntax error: Expecting a top level declaration.
e: file:///C:/Users/AuraF/Documents/ReGenesis_AOSP/app/src/main/java/dev/aurakai/auraframefx/domains/aura/ui/screens/Ho
lographicMenuScreen.kt:129:35 Syntax error: Expecting a top level declaration.
e: file:///C:/Users/AuraF/Documents/ReGenesis_AOSP/app/src/main/java/dev/aurakai/auraframefx/domains/aura/ui/screens/Ho
lographicMenuScreen.kt:129:39 Syntax error: Expecting a top level declaration.
e: file:///C:/Users/AuraF/Documents/ReGenesis_AOSP/app/src/main/java/dev/aurakai/auraframefx/domains/aura/ui/screens/Ho
lographicMenuScreen.kt:129:40 Syntax error: Expecting a top level declaration.
e: file:///C:/Users/AuraF/Documents/ReGenesis_AOSP/app/src/main/java/dev/aurakai/auraframefx/domains/aura/ui/screens/Ho
lographicMenuScreen.kt:129:43 Syntax error: Expecting a top level declaration.
e: file:///C:/Users/AuraF/Documents/ReGenesis_AOSP/app/src/main/java/dev/aurakai/auraframefx/domains/aura/ui/screens/Ho
lographicMenuScreen.kt:129:44 Syntax error: Expecting a top level declaration.
e: file:///C:/Users/AuraF/Documents/ReGenesis_AOSP/app/src/main/java/dev/aurakai/auraframefx/domains/aura/ui/screens/Ho
lographicMenuScreen.kt:129:51 Syntax error: Expecting a top level declaration.
e: file:///C:/Users/AuraF/Documents/ReGenesis_AOSP/app/src/main/java/dev/aurakai/auraframefx/domains/aura/ui/screens/Ho
lographicMenuScreen.kt:129:52 Syntax error: Expecting a top level declaration.
e: file:///C:/Users/AuraF/Documents/ReGenesis_AOSP/app/src/main/java/dev/aurakai/auraframefx/domains/aura/ui/screens/Ho
lographicMenuScreen.kt:129:63 Syntax error: Expecting a top level declaration.
e: file:///C:/Users/AuraF/Documents/ReGenesis_AOSP/app/src/main/java/dev/aurakai/auraframefx/domains/aura/ui/screens/Ho
lographicMenuScreen.kt:129:64 Syntax error: Expecting a top level declaration.
e: file:///C:/Users/AuraF/Documents/ReGenesis_AOSP/app/src/main/java/dev/aurakai/auraframefx/domains/aura/ui/screens/Ho
lographicMenuScreen.kt:129:71 Syntax error: Expecting a top level declaration.
e: file:///C:/Users/AuraF/Documents/ReGenesis_AOSP/app/src/main/java/dev/aurakai/auraframefx/domains/aura/ui/screens/Ho
lographicMenuScreen.kt:129:72 Syntax error: Expecting a top level declaration.
e: file:///C:/Users/AuraF/Documents/ReGenesis_AOSP/app/src/main/java/dev/aurakai/auraframefx/domains/aura/ui/screens/Ho
lographicMenuScreen.kt:129:76 Syntax error: Expecting a top level declaration.
e: file:///C:/Users/AuraF/Documents/ReGenesis_AOSP/app/src/main/java/dev/aurakai/auraframefx/domains/aura/ui/screens/Ho
lographicMenuScreen.kt:129:77 Syntax error: Expecting a top level declaration.
e: file:///C:/Users/AuraF/Documents/ReGenesis_AOSP/app/src/main/java/dev/aurakai/auraframefx/domains/aura/ui/screens/Ho
lographicMenuScreen.kt:129:79 Syntax error: Expecting a top level declaration.
e: file:///C:/Users/AuraF/Documents/ReGenesis_AOSP/app/src/main/java/dev/aurakai/auraframefx/domains/aura/ui/screens/Ho
lographicMenuScreen.kt:129:80 Syntax error: Expecting a top level declaration.
e: file:///C:/Users/AuraF/Documents/ReGenesis_AOSP/app/src/main/java/dev/aurakai/auraframefx/domains/aura/ui/screens/Ho
lographicMenuScreen.kt:129:87 Syntax error: Expecting a top level declaration.
e: file:///C:/Users/AuraF/Documents/ReGenesis_AOSP/app/src/main/java/dev/aurakai/auraframefx/domains/aura/ui/screens/Ho
lographicMenuScreen.kt:129:88 Syntax error: Expecting a top level declaration.
e: file:///C:/Users/AuraF/Documents/ReGenesis_AOSP/app/src/main/java/dev/aurakai/auraframefx/domains/aura/ui/screens/Ho
lographicMenuScreen.kt:129:109 Syntax error: Expecting a top level declaration.
e: file:///C:/Users/AuraF/Documents/ReGenesis_AOSP/app/src/main/java/dev/aurakai/auraframefx/domains/aura/ui/screens/Ho
lographicMenuScreen.kt:129:110 Syntax error: Expecting a top level declaration.
e: file:///C:/Users/AuraF/Documents/ReGenesis_AOSP/app/src/main/java/dev/aurakai/auraframefx/domains/aura/ui/screens/Ho
lographicMenuScreen.kt:162:14 Unresolved reference 'background'.
e: file:///C:/Users/AuraF/Documents/ReGenesis_AOSP/app/src/main/java/dev/aurakai/auraframefx/domains/aura/ui/screens/Ho
lographicMenuScreen.kt:285:14 Unresolved reference 'background'.
e: file:///C:/Users/AuraF/Documents/ReGenesis_AOSP/app/src/main/java/dev/aurakai/auraframefx/domains/aura/ui/screens/Ho
lographicMenuScreen.kt:338:22 Unresolved reference 'background'.
e: file:///C:/Users/AuraF/Documents/ReGenesis_AOSP/app/src/main/java/dev/aurakai/auraframefx/domains/aura/ui/screens/Ho
lographicMenuScreen.kt:375:22 Unresolved reference 'background'.
e: file:///C:/Users/AuraF/Documents/ReGenesis_AOSP/app/src/main/java/dev/aurakai/auraframefx/domains/aura/ui/screens/Se
ttingsScreen.kt:87:5 Cannot infer type for type parameter 'R'. Specify it explicitly.
e: file:///C:/Users/AuraF/Documents/ReGenesis_AOSP/app/src/main/java/dev/aurakai/auraframefx/domains/aura/ui/screens/Se
ttingsScreen.kt:87:5 Reference has a nullable type 'Nothing?'. Use explicit '?.invoke' to make a function-like call 
instead.
e: file:///C:/Users/AuraF/Documents/ReGenesis_AOSP/app/src/main/java/dev/aurakai/auraframefx/domains/aura/ui/screens/Se
ttingsScreen.kt:158:35 Argument type mismatch: actual type is 'Nothing?', but 'Boolean' was expected.
e: file:///C:/Users/AuraF/Documents/ReGenesis_AOSP/app/src/main/java/dev/aurakai/auraframefx/domains/aura/ui/screens/Se
ttingsScreen.kt:169:33 Argument type mismatch: actual type is 'String', but 'Float' was expected.
e: file:///C:/Users/AuraF/Documents/ReGenesis_AOSP/app/src/main/java/dev/aurakai/auraframefx/domains/aura/ui/screens/Se
ttingsScreen.kt:200:33 Argument type mismatch: actual type is 'String', but 'Float' was expected.
e: file:///C:/Users/AuraF/Documents/ReGenesis_AOSP/app/src/main/java/dev/aurakai/auraframefx/domains/aura/ui/screens/Se
ttingsScreen.kt:211:35 Argument type mismatch: actual type is 'Unit', but 'Boolean' was expected.
e: file:///C:/Users/AuraF/Documents/ReGenesis_AOSP/app/src/main/java/dev/aurakai/auraframefx/domains/aura/ui/screens/Se
ttingsScreen.kt:226:35 Argument type mismatch: actual type is 'Unit', but 'Boolean' was expected.
e: file:///C:/Users/AuraF/Documents/ReGenesis_AOSP/app/src/main/java/dev/aurakai/auraframefx/domains/aura/ui/screens/Wo
rkingLabScreen.kt:1:1 Syntax error: Expecting a top level declaration.
e: file:///C:/Users/AuraF/Documents/ReGenesis_AOSP/app/src/main/java/dev/aurakai/auraframefx/domains/aura/ui/screens/Wo
rkingLabScreen.kt:1:2 Syntax error: Expecting a top level declaration.
e: file:///C:/Users/AuraF/Documents/ReGenesis_AOSP/app/src/main/java/dev/aurakai/auraframefx/domains/aura/ui/screens/Wo
rkingLabScreen.kt:1:3 Syntax error: Expecting a top level declaration.
e: file:///C:/Users/AuraF/Documents/ReGenesis_AOSP/app/src/main/java/dev/aurakai/auraframefx/domains/aura/ui/screens/Wo
rkingLabScreen.kt:1:4 Syntax error: Expecting a top level declaration.
e: file:///C:/Users/AuraF/Documents/ReGenesis_AOSP/app/src/main/java/dev/aurakai/auraframefx/domains/aura/ui/screens/Wo
rkingLabScreen.kt:1:5 Syntax error: Expecting a top level declaration.
e: file:///C:/Users/AuraF/Documents/ReGenesis_AOSP/app/src/main/java/dev/aurakai/auraframefx/domains/aura/ui/screens/Wo
rkingLabScreen.kt:1:6 Syntax error: Expecting a top level declaration.
e: file:///C:/Users/AuraF/Documents/ReGenesis_AOSP/app/src/main/java/dev/aurakai/auraframefx/domains/aura/ui/screens/Wo
rkingLabScreen.kt:1:7 Syntax error: Expecting a top level declaration.
e: file:///C:/Users/AuraF/Documents/ReGenesis_AOSP/app/src/main/java/dev/aurakai/auraframefx/domains/aura/ui/screens/Wo
rkingLabScreen.kt:1:8 Syntax error: Expecting a top level declaration.
e: file:///C:/Users/AuraF/Documents/ReGenesis_AOSP/app/src/main/java/dev/aurakai/auraframefx/domains/aura/ui/screens/Wo
rkingLabScreen.kt:1:10 Syntax error: Expecting a top level declaration.
e: file:///C:/Users/AuraF/Documents/ReGenesis_AOSP/app/src/main/java/dev/aurakai/auraframefx/domains/aura/ui/screens/Wo
rkingLabScreen.kt:1:14 Syntax error: Expecting a top level declaration.
e: file:///C:/Users/AuraF/Documents/ReGenesis_AOSP/app/src/main/java/dev/aurakai/auraframefx/domains/aura/ui/screens/Wo
rkingLabScreen.kt:1:15 Syntax error: Expecting a top level declaration.
e: file:///C:/Users/AuraF/Documents/ReGenesis_AOSP/app/src/main/java/dev/aurakai/auraframefx/domains/aura/ui/screens/Wo
rkingLabScreen.kt:1:18 Syntax error: Expecting a top level declaration.
e: file:///C:/Users/AuraF/Documents/ReGenesis_AOSP/app/src/main/java/dev/aurakai/auraframefx/domains/aura/ui/screens/Wo
rkingLabScreen.kt:1:19 Syntax error: Expecting a top level declaration.
e: file:///C:/Users/AuraF/Documents/ReGenesis_AOSP/app/src/main/java/dev/aurakai/auraframefx/domains/aura/ui/screens/Wo
rkingLabScreen.kt:1:22 Syntax error: Expecting a top level declaration.
e: file:///C:/Users/AuraF/Documents/ReGenesis_AOSP/app/src/main/java/dev/aurakai/auraframefx/domains/aura/ui/screens/Wo
rkingLabScreen.kt:1:23 Syntax error: Expecting a top level declaration.
e: file:///C:/Users/AuraF/Documents/ReGenesis_AOSP/app/src/main/java/dev/aurakai/auraframefx/domains/aura/ui/screens/Wo
rkingLabScreen.kt:1:27 Syntax error: Expecting a top level declaration.
e: file:///C:/Users/AuraF/Documents/ReGenesis_AOSP/app/src/main/java/dev/aurakai/auraframefx/domains/aura/ui/screens/Wo
rkingLabScreen.kt:1:28 Syntax error: Expecting a top level declaration.
e: file:///C:/Users/AuraF/Documents/ReGenesis_AOSP/app/src/main/java/dev/aurakai/auraframefx/domains/aura/ui/screens/Wo
rkingLabScreen.kt:1:32 Syntax error: Expecting a top level declaration.
e: file:///C:/Users/AuraF/Documents/ReGenesis_AOSP/app/src/main/java/dev/aurakai/auraframefx/domains/aura/ui/screens/Wo
rkingLabScreen.kt:1:33 Syntax error: Expecting a top level declaration.
e: file:///C:/Users/AuraF/Documents/ReGenesis_AOSP/app/src/main/java/dev/aurakai/auraframefx/domains/aura/ui/screens/Wo
rkingLabScreen.kt:1:36 Syntax error: Expecting a top level declaration.
e: file:///C:/Users/AuraF/Documents/ReGenesis_AOSP/app/src/main/java/dev/aurakai/auraframefx/domains/aura/ui/screens/Wo
rkingLabScreen.kt:1:37 Syntax error: Expecting a top level declaration.
e: file:///C:/Users/AuraF/Documents/ReGenesis_AOSP/app/src/main/java/dev/aurakai/auraframefx/domains/aura/ui/screens/Wo
rkingLabScreen.kt:1:44 Syntax error: Expecting a top level declaration.
e: file:///C:/Users/AuraF/Documents/ReGenesis_AOSP/app/src/main/java/dev/aurakai/auraframefx/domains/aura/ui/screens/Wo
rkingLabScreen.kt:1:45 Syntax error: Expecting a top level declaration.
e: file:///C:/Users/AuraF/Documents/ReGenesis_AOSP/app/src/main/java/dev/aurakai/auraframefx/domains/aura/ui/screens/Wo
rkingLabScreen.kt:1:56 Syntax error: Expecting a top level declaration.
e: file:///C:/Users/AuraF/Documents/ReGenesis_AOSP/app/src/main/java/dev/aurakai/auraframefx/domains/aura/ui/screens/Wo
rkingLabScreen.kt:1:57 Syntax error: Expecting a top level declaration.
e: file:///C:/Users/AuraF/Documents/ReGenesis_AOSP/app/src/main/java/dev/aurakai/auraframefx/domains/aura/ui/screens/Wo
rkingLabScreen.kt:1:64 Syntax error: Expecting a top level declaration.
e: file:///C:/Users/AuraF/Documents/ReGenesis_AOSP/app/src/main/java/dev/aurakai/auraframefx/domains/aura/ui/screens/Wo
rkingLabScreen.kt:1:65 Syntax error: Expecting a top level declaration.
e: file:///C:/Users/AuraF/Documents/ReGenesis_AOSP/app/src/main/java/dev/aurakai/auraframefx/domains/aura/ui/screens/Wo
rkingLabScreen.kt:1:69 Syntax error: Expecting a top level declaration.
e: file:///C:/Users/AuraF/Documents/ReGenesis_AOSP/app/src/main/java/dev/aurakai/auraframefx/domains/aura/ui/screens/Wo
rkingLabScreen.kt:1:70 Syntax error: Expecting a top level declaration.
e: file:///C:/Users/AuraF/Documents/ReGenesis_AOSP/app/src/main/java/dev/aurakai/auraframefx/domains/aura/ui/screens/Wo
rkingLabScreen.kt:1:77 Syntax error: Expecting a top level declaration.
e: file:///C:/Users/AuraF/Documents/ReGenesis_AOSP/app/src/main/java/dev/aurakai/auraframefx/domains/aura/ui/screens/Wo
rkingLabScreen.kt:1:78 Syntax error: Expecting a top level declaration.
e: file:///C:/Users/AuraF/Documents/ReGenesis_AOSP/app/src/main/java/dev/aurakai/auraframefx/domains/aura/ui/screens/Wo
rkingLabScreen.kt:1:94 Syntax error: Expecting a top level declaration.
e: file:///C:/Users/AuraF/Documents/ReGenesis_AOSP/app/src/main/java/dev/aurakai/auraframefx/domains/aura/ui/screens/Wo
rkingLabScreen.kt:1:95 Syntax error: Expecting a top level declaration.
e: file:///C:/Users/AuraF/Documents/ReGenesis_AOSP/app/src/main/java/dev/aurakai/auraframefx/domains/aura/ui/screens/Wo
rkingLabScreen.kt:2:1 Syntax error: Expecting a top level declaration.
e: file:///C:/Users/AuraF/Documents/ReGenesis_AOSP/app/src/main/java/dev/aurakai/auraframefx/domains/aura/ui/screens/Wo
rkingLabScreen.kt:2:9 Syntax error: Expecting a top level declaration.
e: file:///C:/Users/AuraF/Documents/ReGenesis_AOSP/app/src/main/java/dev/aurakai/auraframefx/domains/aura/ui/screens/Wo
rkingLabScreen.kt:2:12 Syntax error: Expecting a top level declaration.
e: file:///C:/Users/AuraF/Documents/ReGenesis_AOSP/app/src/main/java/dev/aurakai/auraframefx/domains/aura/ui/screens/Wo
rkingLabScreen.kt:2:13 Syntax error: Expecting a top level declaration.
e: file:///C:/Users/AuraF/Documents/ReGenesis_AOSP/app/src/main/java/dev/aurakai/auraframefx/domains/aura/ui/screens/Wo
rkingLabScreen.kt:2:20 Syntax error: Expecting a top level declaration.
e: file:///C:/Users/AuraF/Documents/ReGenesis_AOSP/app/src/main/java/dev/aurakai/auraframefx/domains/aura/ui/screens/Wo
rkingLabScreen.kt:2:21 Syntax error: Expecting a top level declaration.
e: file:///C:/Users/AuraF/Documents/ReGenesis_AOSP/app/src/main/java/dev/aurakai/auraframefx/domains/aura/ui/screens/Wo
rkingLabScreen.kt:2:32 Syntax error: Expecting a top level declaration.
e: file:///C:/Users/AuraF/Documents/ReGenesis_AOSP/app/src/main/java/dev/aurakai/auraframefx/domains/aura/ui/screens/Wo
rkingLabScreen.kt:2:33 Syntax error: Expecting a top level declaration.
e: file:///C:/Users/AuraF/Documents/ReGenesis_AOSP/app/src/main/java/dev/aurakai/auraframefx/domains/aura/ui/screens/Wo
rkingLabScreen.kt:2:40 Syntax error: Expecting a top level declaration.
e: file:///C:/Users/AuraF/Documents/ReGenesis_AOSP/app/src/main/java/dev/aurakai/auraframefx/domains/aura/ui/screens/Wo
rkingLabScreen.kt:2:41 Syntax error: Expecting a top level declaration.
e: file:///C:/Users/AuraF/Documents/ReGenesis_AOSP/app/src/main/java/dev/aurakai/auraframefx/domains/aura/ui/screens/Wo
rkingLabScreen.kt:2:45 Syntax error: Expecting a top level declaration.
e: file:///C:/Users/AuraF/Documents/ReGenesis_AOSP/app/src/main/java/dev/aurakai/auraframefx/domains/aura/ui/screens/Wo
rkingLabScreen.kt:2:46 Syntax error: Expecting a top level declaration.
e: file:///C:/Users/AuraF/Documents/ReGenesis_AOSP/app/src/main/java/dev/aurakai/auraframefx/domains/aura/ui/screens/Wo
rkingLabScreen.kt:3:1 Syntax error: Expecting a top level declaration.
e: file:///C:/Users/AuraF/Documents/ReGenesis_AOSP/app/src/main/java/dev/aurakai/auraframefx/domains/aura/ui/screens/Wo
rkingLabScreen.kt:3:4 Syntax error: Expecting a top level declaration.
e: file:///C:/Users/AuraF/Documents/ReGenesis_AOSP/app/src/main/java/dev/aurakai/auraframefx/domains/aura/ui/screens/Wo
rkingLabScreen.kt:3:7 Syntax error: Expecting a top level declaration.
e: file:///C:/Users/AuraF/Documents/ReGenesis_AOSP/app/src/main/java/dev/aurakai/auraframefx/domains/aura/ui/screens/Wo
rkingLabScreen.kt:4:1 Syntax error: Expecting a top level declaration.
e: file:///C:/Users/AuraF/Documents/ReGenesis_AOSP/app/src/main/java/dev/aurakai/auraframefx/domains/aura/ui/screens/Wo
rkingLabScreen.kt:4:9 Syntax error: Expecting a top level declaration.
e: file:///C:/Users/AuraF/Documents/ReGenesis_AOSP/app/src/main/java/dev/aurakai/auraframefx/domains/aura/ui/screens/Wo
rkingLabScreen.kt:4:12 Syntax error: Expecting a top level declaration.
e: file:///C:/Users/AuraF/Documents/ReGenesis_AOSP/app/src/main/java/dev/aurakai/auraframefx/domains/aura/ui/screens/Wo
rkingLabScreen.kt:4:13 Syntax error: Expecting a top level declaration.
e: file:///C:/Users/AuraF/Documents/ReGenesis_AOSP/app/src/main/java/dev/aurakai/auraframefx/domains/aura/ui/screens/Wo
rkingLabScreen.kt:4:20 Syntax error: Expecting a top level declaration.
e: file:///C:/Users/AuraF/Documents/ReGenesis_AOSP/app/src/main/java/dev/aurakai/auraframefx/domains/aura/ui/screens/Wo
rkingLabScreen.kt:4:21 Syntax error: Expecting a top level declaration.
e: file:///C:/Users/AuraF/Documents/ReGenesis_AOSP/app/src/main/java/dev/aurakai/auraframefx/domains/aura/ui/screens/Wo
rkingLabScreen.kt:4:32 Syntax error: Expecting a top level declaration.
e: file:///C:/Users/AuraF/Documents/ReGenesis_AOSP/app/src/main/java/dev/aurakai/auraframefx/domains/aura/ui/screens/Wo
rkingLabScreen.kt:4:33 Syntax error: Expecting a top level declaration.
e: file:///C:/Users/AuraF/Documents/ReGenesis_AOSP/app/src/main/java/dev/aurakai/auraframefx/domains/aura/ui/screens/Wo
rkingLabScreen.kt:4:40 Syntax error: Expecting a top level declaration.
e: file:///C:/Users/AuraF/Documents/ReGenesis_AOSP/app/src/main/java/dev/aurakai/auraframefx/domains/aura/ui/screens/Wo
rkingLabScreen.kt:4:41 Syntax error: Expecting a top level declaration.
e: file:///C:/Users/AuraF/Documents/ReGenesis_AOSP/app/src/main/java/dev/aurakai/auraframefx/domains/aura/ui/screens/Wo
rkingLabScreen.kt:4:45 Syntax error: Expecting a top level declaration.
e: file:///C:/Users/AuraF/Documents/ReGenesis_AOSP/app/src/main/java/dev/aurakai/auraframefx/domains/aura/ui/screens/Wo
rkingLabScreen.kt:4:46 Syntax error: Expecting a top level declaration.
e: file:///C:/Users/AuraF/Documents/ReGenesis_AOSP/app/src/main/java/dev/aurakai/auraframefx/domains/aura/ui/screens/Wo
rkingLabScreen.kt:4:48 Syntax error: Expecting a top level declaration.
e: file:///C:/Users/AuraF/Documents/ReGenesis_AOSP/app/src/main/java/dev/aurakai/auraframefx/domains/aura/ui/screens/Wo
rkingLabScreen.kt:4:49 Syntax error: Expecting a top level declaration.
e: file:///C:/Users/AuraF/Documents/ReGenesis_AOSP/app/src/main/java/dev/aurakai/auraframefx/domains/aura/ui/screens/Wo
rkingLabScreen.kt:5:1 Syntax error: Expecting a top level declaration.
e: file:///C:/Users/AuraF/Documents/ReGenesis_AOSP/app/src/main/java/dev/aurakai/auraframefx/domains/aura/ui/screens/Wo
rkingLabScreen.kt:5:2 Syntax error: Expecting a top level declaration.
e: file:///C:/Users/AuraF/Documents/ReGenesis_AOSP/app/src/main/java/dev/aurakai/auraframefx/domains/aura/ui/screens/Wo
rkingLabScreen.kt:5:3 Syntax error: Expecting a top level declaration.
e: file:///C:/Users/AuraF/Documents/ReGenesis_AOSP/app/src/main/java/dev/aurakai/auraframefx/domains/aura/ui/screens/Wo
rkingLabScreen.kt:5:4 Syntax error: Expecting a top level declaration.
e: file:///C:/Users/AuraF/Documents/ReGenesis_AOSP/app/src/main/java/dev/aurakai/auraframefx/domains/aura/ui/screens/Wo
rkingLabScreen.kt:5:5 Syntax error: Expecting a top level declaration.
e: file:///C:/Users/AuraF/Documents/ReGenesis_AOSP/app/src/main/java/dev/aurakai/auraframefx/domains/aura/ui/screens/Wo
rkingLabScreen.kt:5:6 Syntax error: Expecting a top level declaration.
e: file:///C:/Users/AuraF/Documents/ReGenesis_AOSP/app/src/main/java/dev/aurakai/auraframefx/domains/aura/ui/screens/Wo
rkingLabScreen.kt:5:7 Syntax error: Expecting a top level declaration.
e: file:///C:/Users/AuraF/Documents/ReGenesis_AOSP/app/src/main/java/dev/aurakai/auraframefx/domains/aura/ui/screens/Wo
rkingLabScreen.kt:5:8 Syntax error: Expecting a top level declaration.
e: file:///C:/Users/AuraF/Documents/ReGenesis_AOSP/app/src/main/java/dev/aurakai/auraframefx/domains/aura/ui/screens/Wo
rkingLabScreen.kt:5:10 Syntax error: Expecting a top level declaration.
e: file:///C:/Users/AuraF/Documents/ReGenesis_AOSP/app/src/main/java/dev/aurakai/auraframefx/domains/aura/ui/screens/Wo
rkingLabScreen.kt:5:16 Syntax error: Expecting a top level declaration.
e: file:///C:/Users/AuraF/Documents/ReGenesis_AOSP/app/src/main/java/dev/aurakai/auraframefx/domains/aura/ui/screens/Wo
rkingLabScreen.kt:5:17 Syntax error: Expecting a top level declaration.
e: file:///C:/Users/AuraF/Documents/ReGenesis_AOSP/app/src/main/java/dev/aurakai/auraframefx/domains/aura/ui/screens/Wo
rkingLabScreen.kt:5:21 Syntax error: Expecting a top level declaration.
e: file:///C:/Users/AuraF/Documents/ReGenesis_AOSP/app/src/main/java/dev/aurakai/auraframefx/domains/aura/ui/screens/Wo
rkingLabScreen.kt:5:22 Syntax error: Expecting a top level declaration.
e: file:///C:/Users/AuraF/Documents/ReGenesis_AOSP/app/src/main/java/dev/aurakai/auraframefx/domains/aura/ui/screens/Wo
rkingLabScreen.kt:5:25 Syntax error: Expecting a top level declaration.
e: file:///C:/Users/AuraF/Documents/ReGenesis_AOSP/app/src/main/java/dev/aurakai/auraframefx/domains/aura/ui/screens/Wo
rkingLabScreen.kt:5:26 Syntax error: Expecting a top level declaration.
e: file:///C:/Users/AuraF/Documents/ReGenesis_AOSP/app/src/main/java/dev/aurakai/auraframefx/domains/aura/ui/screens/Wo
rkingLabScreen.kt:5:29 Syntax error: Expecting a top level declaration.
e: file:///C:/Users/AuraF/Documents/ReGenesis_AOSP/app/src/main/java/dev/aurakai/auraframefx/domains/aura/ui/screens/Wo
rkingLabScreen.kt:5:30 Syntax error: Expecting a top level declaration.
e: file:///C:/Users/AuraF/Documents/ReGenesis_AOSP/app/src/main/java/dev/aurakai/auraframefx/domains/aura/ui/screens/Wo
rkingLabScreen.kt:5:34 Syntax error: Expecting a top level declaration.
e: file:///C:/Users/AuraF/Documents/ReGenesis_AOSP/app/src/main/java/dev/aurakai/auraframefx/domains/aura/ui/screens/Wo
rkingLabScreen.kt:5:35 Syntax error: Expecting a top level declaration.
e: file:///C:/Users/AuraF/Documents/ReGenesis_AOSP/app/src/main/java/dev/aurakai/auraframefx/domains/aura/ui/screens/Wo
rkingLabScreen.kt:5:39 Syntax error: Expecting a top level declaration.
e: file:///C:/Users/AuraF/Documents/ReGenesis_AOSP/app/src/main/java/dev/aurakai/auraframefx/domains/aura/ui/screens/Wo
rkingLabScreen.kt:5:40 Syntax error: Expecting a top level declaration.
e: file:///C:/Users/AuraF/Documents/ReGenesis_AOSP/app/src/main/java/dev/aurakai/auraframefx/domains/aura/ui/screens/Wo
rkingLabScreen.kt:5:43 Syntax error: Expecting a top level declaration.
e: file:///C:/Users/AuraF/Documents/ReGenesis_AOSP/app/src/main/java/dev/aurakai/auraframefx/domains/aura/ui/screens/Wo
rkingLabScreen.kt:5:44 Syntax error: Expecting a top level declaration.
e: file:///C:/Users/AuraF/Documents/ReGenesis_AOSP/app/src/main/java/dev/aurakai/auraframefx/domains/aura/ui/screens/Wo
rkingLabScreen.kt:5:51 Syntax error: Expecting a top level declaration.
e: file:///C:/Users/AuraF/Documents/ReGenesis_AOSP/app/src/main/java/dev/aurakai/auraframefx/domains/aura/ui/screens/Wo
rkingLabScreen.kt:5:52 Syntax error: Expecting a top level declaration.
e: file:///C:/Users/AuraF/Documents/ReGenesis_AOSP/app/src/main/java/dev/aurakai/auraframefx/domains/aura/ui/screens/Wo
rkingLabScreen.kt:5:63 Syntax error: Expecting a top level declaration.
e: file:///C:/Users/AuraF/Documents/ReGenesis_AOSP/app/src/main/java/dev/aurakai/auraframefx/domains/aura/ui/screens/Wo
rkingLabScreen.kt:5:64 Syntax error: Expecting a top level declaration.
e: file:///C:/Users/AuraF/Documents/ReGenesis_AOSP/app/src/main/java/dev/aurakai/auraframefx/domains/aura/ui/screens/Wo
rkingLabScreen.kt:5:71 Syntax error: Expecting a top level declaration.
e: file:///C:/Users/AuraF/Documents/ReGenesis_AOSP/app/src/main/java/dev/aurakai/auraframefx/domains/aura/ui/screens/Wo
rkingLabScreen.kt:5:72 Syntax error: Expecting a top level declaration.
e: file:///C:/Users/AuraF/Documents/ReGenesis_AOSP/app/src/main/java/dev/aurakai/auraframefx/domains/aura/ui/screens/Wo
rkingLabScreen.kt:5:76 Syntax error: Expecting a top level declaration.
e: file:///C:/Users/AuraF/Documents/ReGenesis_AOSP/app/src/main/java/dev/aurakai/auraframefx/domains/aura/ui/screens/Wo
rkingLabScreen.kt:5:77 Syntax error: Expecting a top level declaration.
e: file:///C:/Users/AuraF/Documents/ReGenesis_AOSP/app/src/main/java/dev/aurakai/auraframefx/domains/aura/ui/screens/Wo
rkingLabScreen.kt:5:79 Syntax error: Expecting a top level declaration.
e: file:///C:/Users/AuraF/Documents/ReGenesis_AOSP/app/src/main/java/dev/aurakai/auraframefx/domains/aura/ui/screens/Wo
rkingLabScreen.kt:5:80 Syntax error: Expecting a top level declaration.
e: file:///C:/Users/AuraF/Documents/ReGenesis_AOSP/app/src/main/java/dev/aurakai/auraframefx/domains/aura/ui/screens/Wo
rkingLabScreen.kt:5:87 Syntax error: Expecting a top level declaration.
e: file:///C:/Users/AuraF/Documents/ReGenesis_AOSP/app/src/main/java/dev/aurakai/auraframefx/domains/aura/ui/screens/Wo
rkingLabScreen.kt:5:88 Syntax error: Expecting a top level declaration.
e: file:///C:/Users/AuraF/Documents/ReGenesis_AOSP/app/src/main/java/dev/aurakai/auraframefx/domains/aura/ui/screens/Wo
rkingLabScreen.kt:5:104 Syntax error: Expecting a top level declaration.
e: file:///C:/Users/AuraF/Documents/ReGenesis_AOSP/app/src/main/java/dev/aurakai/auraframefx/domains/aura/ui/screens/Wo
rkingLabScreen.kt:5:105 Syntax error: Expecting a top level declaration.
e: file:///C:/Users/AuraF/Documents/ReGenesis_AOSP/app/src/main/java/dev/aurakai/auraframefx/domains/aura/ui/screens/Wo
rkingLabScreen.kt:5:107 Syntax error: imports are only allowed in the beginning of file.
e: file:///C:/Users/AuraF/Documents/ReGenesis_AOSP/app/src/main/java/dev/aurakai/auraframefx/domains/aura/ui/screens/Wo
rkingLabScreen.kt:19:20 Unresolved reference 'aurafAramefx'.
e: file:///C:/Users/AuraF/Documents/ReGenesis_AOSP/app/src/main/java/dev/aurakai/auraframefx/domains/aura/ui/screens/Wo
rkingLabScreen.kt:69:24 Cannot infer type for type parameter 'T'. Specify it explicitly.
e: file:///C:/Users/AuraF/Documents/ReGenesis_AOSP/app/src/main/java/dev/aurakai/auraframefx/domains/aura/ui/screens/Wo
rkingLabScreen.kt:70:9 Unresolved reference 'ScreenBounds'.
e: file:///C:/Users/AuraF/Documents/ReGenesis_AOSP/app/src/main/java/dev/aurakai/auraframefx/domains/aura/ui/screens/Wo
rkingLabScreen.kt:74:18 Unresolved reference 'rememberEmbodimentEngine'.
e: file:///C:/Users/AuraF/Documents/ReGenesis_AOSP/app/src/main/java/dev/aurakai/auraframefx/domains/aura/ui/screens/Wo
rkingLabScreen.kt:77:25 Cannot infer type for type parameter 'T'. Specify it explicitly.
e: file:///C:/Users/AuraF/Documents/ReGenesis_AOSP/app/src/main/java/dev/aurakai/auraframefx/domains/aura/ui/screens/Wo
rkingLabScreen.kt:77:36 Unresolved reference 'WorkChoreographer'.
e: file:///C:/Users/AuraF/Documents/ReGenesis_AOSP/app/src/main/java/dev/aurakai/auraframefx/domains/aura/ui/screens/Wo
rkingLabScreen.kt:91:5 Cannot infer type for type parameter 'T'. Specify it explicitly.
e: file:///C:/Users/AuraF/Documents/ReGenesis_AOSP/app/src/main/java/dev/aurakai/auraframefx/domains/aura/ui/screens/Wo
rkingLabScreen.kt:92:9 Unresolved reference 'WorkBehaviorExecutor'.
e: file:///C:/Users/AuraF/Documents/ReGenesis_AOSP/app/src/main/java/dev/aurakai/auraframefx/domains/aura/ui/screens/Wo
rkingLabScreen.kt:102:52 Cannot infer type for type parameter 'T'. Specify it explicitly.
e: file:///C:/Users/AuraF/Documents/ReGenesis_AOSP/app/src/main/java/dev/aurakai/auraframefx/domains/aura/ui/screens/Wo
rkingLabScreen.kt:102:69 Cannot infer type for type parameter 'T'. Specify it explicitly.
e: file:///C:/Users/AuraF/Documents/ReGenesis_AOSP/app/src/main/java/dev/aurakai/auraframefx/domains/aura/ui/screens/Wo
rkingLabScreen.kt:102:69 Cannot infer type for type parameter 'R'. Specify it explicitly.
e: file:///C:/Users/AuraF/Documents/ReGenesis_AOSP/app/src/main/java/dev/aurakai/auraframefx/domains/aura/ui/screens/Wo
rkingLabScreen.kt:102:75 Cannot infer type for type parameter 'T'. Specify it explicitly.
e: file:///C:/Users/AuraF/Documents/ReGenesis_AOSP/app/src/main/java/dev/aurakai/auraframefx/domains/aura/ui/screens/Wo
rkingLabScreen.kt:103:9 Cannot infer type for type parameter 'T'. Specify it explicitly.
e: file:///C:/Users/AuraF/Documents/ReGenesis_AOSP/app/src/main/java/dev/aurakai/auraframefx/domains/aura/ui/screens/Wo
rkingLabScreen.kt:103:33 Unresolved reference 'value'.
e: file:///C:/Users/AuraF/Documents/ReGenesis_AOSP/app/src/main/java/dev/aurakai/auraframefx/domains/aura/ui/screens/Wo
rkingLabScreen.kt:104:13 Cannot infer type for type parameter 'T'. Specify it explicitly.
e: file:///C:/Users/AuraF/Documents/ReGenesis_AOSP/app/src/main/java/dev/aurakai/auraframefx/domains/aura/ui/screens/Wo
rkingLabScreen.kt:105:32 Unresolved reference 'value'.
e: file:///C:/Users/AuraF/Documents/ReGenesis_AOSP/app/src/main/java/dev/aurakai/auraframefx/domains/aura/ui/screens/Wo
rkingLabScreen.kt:106:29 Unresolved reference 'it'.
e: file:///C:/Users/AuraF/Documents/ReGenesis_AOSP/app/src/main/java/dev/aurakai/auraframefx/domains/aura/ui/screens/Wo
rkingLabScreen.kt:106:55 Unresolved reference 'AURA'.
e: file:///C:/Users/AuraF/Documents/ReGenesis_AOSP/app/src/main/java/dev/aurakai/auraframefx/domains/aura/ui/screens/Wo
rkingLabScreen.kt:107:23 Unresolved reference 'currentPosition'.
e: file:///C:/Users/AuraF/Documents/ReGenesis_AOSP/app/src/main/java/dev/aurakai/auraframefx/domains/aura/ui/screens/Wo
rkingLabScreen.kt:112:51 Cannot infer type for type parameter 'T'. Specify it explicitly.
e: file:///C:/Users/AuraF/Documents/ReGenesis_AOSP/app/src/main/java/dev/aurakai/auraframefx/domains/aura/ui/screens/Wo
rkingLabScreen.kt:112:68 Cannot infer type for type parameter 'T'. Specify it explicitly.
e: file:///C:/Users/AuraF/Documents/ReGenesis_AOSP/app/src/main/java/dev/aurakai/auraframefx/domains/aura/ui/screens/Wo
rkingLabScreen.kt:112:68 Cannot infer type for type parameter 'R'. Specify it explicitly.
e: file:///C:/Users/AuraF/Documents/ReGenesis_AOSP/app/src/main/java/dev/aurakai/auraframefx/domains/aura/ui/screens/Wo
rkingLabScreen.kt:112:74 Cannot infer type for type parameter 'T'. Specify it explicitly.
e: file:///C:/Users/AuraF/Documents/ReGenesis_AOSP/app/src/main/java/dev/aurakai/auraframefx/domains/aura/ui/screens/Wo
rkingLabScreen.kt:113:9 Cannot infer type for type parameter 'T'. Specify it explicitly.
e: file:///C:/Users/AuraF/Documents/ReGenesis_AOSP/app/src/main/java/dev/aurakai/auraframefx/domains/aura/ui/screens/Wo
rkingLabScreen.kt:113:33 Unresolved reference 'value'.
e: file:///C:/Users/AuraF/Documents/ReGenesis_AOSP/app/src/main/java/dev/aurakai/auraframefx/domains/aura/ui/screens/Wo
rkingLabScreen.kt:114:13 Cannot infer type for type parameter 'T'. Specify it explicitly.
e: file:///C:/Users/AuraF/Documents/ReGenesis_AOSP/app/src/main/java/dev/aurakai/auraframefx/domains/aura/ui/screens/Wo
rkingLabScreen.kt:115:32 Unresolved reference 'value'.
e: file:///C:/Users/AuraF/Documents/ReGenesis_AOSP/app/src/main/java/dev/aurakai/auraframefx/domains/aura/ui/screens/Wo
rkingLabScreen.kt:116:29 Unresolved reference 'it'.
e: file:///C:/Users/AuraF/Documents/ReGenesis_AOSP/app/src/main/java/dev/aurakai/auraframefx/domains/aura/ui/screens/Wo
rkingLabScreen.kt:116:55 Unresolved reference 'KAI'.
e: file:///C:/Users/AuraF/Documents/ReGenesis_AOSP/app/src/main/java/dev/aurakai/auraframefx/domains/aura/ui/screens/Wo
rkingLabScreen.kt:117:23 Unresolved reference 'currentPosition'.
e: file:///C:/Users/AuraF/Documents/ReGenesis_AOSP/app/src/main/java/dev/aurakai/auraframefx/domains/aura/ui/screens/Wo
rkingLabScreen.kt:123:27 Unresolved reference 'rememberBreathingAnimation'.
e: file:///C:/Users/AuraF/Documents/ReGenesis_AOSP/app/src/main/java/dev/aurakai/auraframefx/domains/aura/ui/screens/Wo
rkingLabScreen.kt:128:28 Unresolved reference 'MoodState'.
e: file:///C:/Users/AuraF/Documents/ReGenesis_AOSP/app/src/main/java/dev/aurakai/auraframefx/domains/aura/ui/screens/Wo
rkingLabScreen.kt:136:45 Unresolved reference 'generateAuraWorkSequence'.
e: file:///C:/Users/AuraF/Documents/ReGenesis_AOSP/app/src/main/java/dev/aurakai/auraframefx/domains/aura/ui/screens/Wo
rkingLabScreen.kt:137:44 Unresolved reference 'generateKaiWorkSequence'.
e: file:///C:/Users/AuraF/Documents/ReGenesis_AOSP/app/src/main/java/dev/aurakai/auraframefx/domains/aura/ui/screens/Wo
rkingLabScreen.kt:143:49 Cannot infer type for value parameter 'step'. Specify it explicitly.
e: file:///C:/Users/AuraF/Documents/ReGenesis_AOSP/app/src/main/java/dev/aurakai/auraframefx/domains/aura/ui/screens/Wo
rkingLabScreen.kt:144:51 Unresolved reference 'statusMessage'.
e: file:///C:/Users/AuraF/Documents/ReGenesis_AOSP/app/src/main/java/dev/aurakai/auraframefx/domains/aura/ui/screens/Wo
rkingLabScreen.kt:145:51 Unresolved reference 'targetCard'.
e: file:///C:/Users/AuraF/Documents/ReGenesis_AOSP/app/src/main/java/dev/aurakai/auraframefx/domains/aura/ui/screens/Wo
rkingLabScreen.kt:148:40 Unresolved reference 'action'.
e: file:///C:/Users/AuraF/Documents/ReGenesis_AOSP/app/src/main/java/dev/aurakai/auraframefx/domains/aura/ui/screens/Wo
rkingLabScreen.kt:149:33 Unresolved reference 'WorkAction'.
e: file:///C:/Users/AuraF/Documents/ReGenesis_AOSP/app/src/main/java/dev/aurakai/auraframefx/domains/aura/ui/screens/Wo
rkingLabScreen.kt:150:72 Unresolved reference 'targetCard'.
e: file:///C:/Users/AuraF/Documents/ReGenesis_AOSP/app/src/main/java/dev/aurakai/auraframefx/domains/aura/ui/screens/Wo
rkingLabScreen.kt:153:54 Unresolved reference 'sprite'.
e: file:///C:/Users/AuraF/Documents/ReGenesis_AOSP/app/src/main/java/dev/aurakai/auraframefx/domains/aura/ui/screens/Wo
rkingLabScreen.kt:153:65 Unresolved reference 'AuraState'.
e: file:///C:/Users/AuraF/Documents/ReGenesis_AOSP/app/src/main/java/dev/aurakai/auraframefx/domains/aura/ui/screens/Wo
rkingLabScreen.kt:153:78 Unresolved reference 'AuraState'.
e: file:///C:/Users/AuraF/Documents/ReGenesis_AOSP/app/src/main/java/dev/aurakai/auraframefx/domains/aura/ui/screens/Wo
rkingLabScreen.kt:159:54 Unresolved reference 'sprite'.
e: file:///C:/Users/AuraF/Documents/ReGenesis_AOSP/app/src/main/java/dev/aurakai/auraframefx/domains/aura/ui/screens/Wo
rkingLabScreen.kt:159:65 Unresolved reference 'AuraState'.
e: file:///C:/Users/AuraF/Documents/ReGenesis_AOSP/app/src/main/java/dev/aurakai/auraframefx/domains/aura/ui/screens/Wo
rkingLabScreen.kt:160:48 Unresolved reference 'AuraState'.
e: file:///C:/Users/AuraF/Documents/ReGenesis_AOSP/app/src/main/java/dev/aurakai/auraframefx/domains/aura/ui/screens/Wo
rkingLabScreen.kt:161:50 Unresolved reference 'ManifestationDefaults'.
e: file:///C:/Users/AuraF/Documents/ReGenesis_AOSP/app/src/main/java/dev/aurakai/auraframefx/domains/aura/ui/screens/Wo
rkingLabScreen.kt:162:61 Unresolved reference 'duration'.
e: file:///C:/Users/AuraF/Documents/ReGenesis_AOSP/app/src/main/java/dev/aurakai/auraframefx/domains/aura/ui/screens/Wo
rkingLabScreen.kt:168:40 Unresolved reference 'duration'.
e: file:///C:/Users/AuraF/Documents/ReGenesis_AOSP/app/src/main/java/dev/aurakai/auraframefx/domains/aura/ui/screens/Wo
rkingLabScreen.kt:176:48 Cannot infer type for value parameter 'step'. Specify it explicitly.
e: file:///C:/Users/AuraF/Documents/ReGenesis_AOSP/app/src/main/java/dev/aurakai/auraframefx/domains/aura/ui/screens/Wo
rkingLabScreen.kt:177:50 Unresolved reference 'statusMessage'.
e: file:///C:/Users/AuraF/Documents/ReGenesis_AOSP/app/src/main/java/dev/aurakai/auraframefx/domains/aura/ui/screens/Wo
rkingLabScreen.kt:178:50 Unresolved reference 'targetCard'.
e: file:///C:/Users/AuraF/Documents/ReGenesis_AOSP/app/src/main/java/dev/aurakai/auraframefx/domains/aura/ui/screens/Wo
rkingLabScreen.kt:181:40 Unresolved reference 'action'.
e: file:///C:/Users/AuraF/Documents/ReGenesis_AOSP/app/src/main/java/dev/aurakai/auraframefx/domains/aura/ui/screens/Wo
rkingLabScreen.kt:182:33 Unresolved reference 'WorkAction'.
e: file:///C:/Users/AuraF/Documents/ReGenesis_AOSP/app/src/main/java/dev/aurakai/auraframefx/domains/aura/ui/screens/Wo
rkingLabScreen.kt:183:72 Unresolved reference 'targetCard'.
e: file:///C:/Users/AuraF/Documents/ReGenesis_AOSP/app/src/main/java/dev/aurakai/auraframefx/domains/aura/ui/screens/Wo
rkingLabScreen.kt:186:54 Unresolved reference 'sprite'.
e: file:///C:/Users/AuraF/Documents/ReGenesis_AOSP/app/src/main/java/dev/aurakai/auraframefx/domains/aura/ui/screens/Wo
rkingLabScreen.kt:186:65 Unresolved reference 'KaiState'.
e: file:///C:/Users/AuraF/Documents/ReGenesis_AOSP/app/src/main/java/dev/aurakai/auraframefx/domains/aura/ui/screens/Wo
rkingLabScreen.kt:186:77 Unresolved reference 'KaiState'.
e: file:///C:/Users/AuraF/Documents/ReGenesis_AOSP/app/src/main/java/dev/aurakai/auraframefx/domains/aura/ui/screens/Wo
rkingLabScreen.kt:192:54 Unresolved reference 'sprite'.
e: file:///C:/Users/AuraF/Documents/ReGenesis_AOSP/app/src/main/java/dev/aurakai/auraframefx/domains/aura/ui/screens/Wo
rkingLabScreen.kt:192:65 Unresolved reference 'KaiState'.
e: file:///C:/Users/AuraF/Documents/ReGenesis_AOSP/app/src/main/java/dev/aurakai/auraframefx/domains/aura/ui/screens/Wo
rkingLabScreen.kt:193:48 Unresolved reference 'KaiState'.
e: file:///C:/Users/AuraF/Documents/ReGenesis_AOSP/app/src/main/java/dev/aurakai/auraframefx/domains/aura/ui/screens/Wo
rkingLabScreen.kt:194:50 Unresolved reference 'ManifestationDefaults'.
e: file:///C:/Users/AuraF/Documents/ReGenesis_AOSP/app/src/main/java/dev/aurakai/auraframefx/domains/aura/ui/screens/Wo
rkingLabScreen.kt:195:61 Unresolved reference 'duration'.
e: file:///C:/Users/AuraF/Documents/ReGenesis_AOSP/app/src/main/java/dev/aurakai/auraframefx/domains/aura/ui/screens/Wo
rkingLabScreen.kt:201:40 Unresolved reference 'duration'.
e: file:///C:/Users/AuraF/Documents/ReGenesis_AOSP/app/src/main/java/dev/aurakai/auraframefx/domains/aura/ui/screens/Wo
rkingLabScreen.kt:239:78 Unresolved reference 'AURA'.
e: file:///C:/Users/AuraF/Documents/ReGenesis_AOSP/app/src/main/java/dev/aurakai/auraframefx/domains/aura/ui/screens/Wo
rkingLabScreen.kt:252:76 Unresolved reference 'KAI'.
e: file:///C:/Users/AuraF/Documents/ReGenesis_AOSP/app/src/main/java/dev/aurakai/auraframefx/domains/aura/ui/screens/Wo
rkingLabScreen.kt:265:72 Unresolved reference 'AURA'.
e: file:///C:/Users/AuraF/Documents/ReGenesis_AOSP/app/src/main/java/dev/aurakai/auraframefx/domains/aura/ui/screens/Wo
rkingLabScreen.kt:278:72 Unresolved reference 'KAI'.
e: file:///C:/Users/AuraF/Documents/ReGenesis_AOSP/app/src/main/java/dev/aurakai/auraframefx/domains/aura/ui/screens/Wo
rkingLabScreen.kt:293:33 Property delegate must have a 'getValue(Nothing?, KProperty0<ERROR CLASS: Cannot infer 
argument for type parameter T>)' method. None of the following functions is applicable:
e: file:///C:/Users/AuraF/Documents/ReGenesis_AOSP/app/src/main/java/dev/aurakai/auraframefx/domains/aura/ui/screens/Wo
rkingLabScreen.kt:293:36 Cannot infer type for type parameter 'T'. Specify it explicitly.
e: file:///C:/Users/AuraF/Documents/ReGenesis_AOSP/app/src/main/java/dev/aurakai/auraframefx/domains/aura/ui/screens/Wo
rkingLabScreen.kt:293:63 Cannot infer type for type parameter 'T'. Specify it explicitly.
e: file:///C:/Users/AuraF/Documents/ReGenesis_AOSP/app/src/main/java/dev/aurakai/auraframefx/domains/aura/ui/screens/Wo
rkingLabScreen.kt:295:39 Cannot infer type for value parameter 'manifest'. Specify it explicitly.
e: file:///C:/Users/AuraF/Documents/ReGenesis_AOSP/app/src/main/java/dev/aurakai/auraframefx/domains/aura/ui/screens/Wo
rkingLabScreen.kt:296:25 'when' expression must be exhaustive. Add an 'else' branch.
e: file:///C:/Users/AuraF/Documents/ReGenesis_AOSP/app/src/main/java/dev/aurakai/auraframefx/domains/aura/ui/screens/Wo
rkingLabScreen.kt:296:40 Unresolved reference 'character'.
e: file:///C:/Users/AuraF/Documents/ReGenesis_AOSP/app/src/main/java/dev/aurakai/auraframefx/domains/aura/ui/screens/Wo
rkingLabScreen.kt:297:27 Unresolved reference 'AURA'.
e: file:///C:/Users/AuraF/Documents/ReGenesis_AOSP/app/src/main/java/dev/aurakai/auraframefx/domains/aura/ui/screens/Wo
rkingLabScreen.kt:297:45 Unresolved reference 'state'.
e: file:///C:/Users/AuraF/Documents/ReGenesis_AOSP/app/src/main/java/dev/aurakai/auraframefx/domains/aura/ui/screens/Wo
rkingLabScreen.kt:297:54 Unresolved reference 'AuraState'.
e: file:///C:/Users/AuraF/Documents/ReGenesis_AOSP/app/src/main/java/dev/aurakai/auraframefx/domains/aura/ui/screens/Wo
rkingLabScreen.kt:297:65 Unresolved reference 'assetPath'.
e: file:///C:/Users/AuraF/Documents/ReGenesis_AOSP/app/src/main/java/dev/aurakai/auraframefx/domains/aura/ui/screens/Wo
rkingLabScreen.kt:298:27 Unresolved reference 'KAI'.
e: file:///C:/Users/AuraF/Documents/ReGenesis_AOSP/app/src/main/java/dev/aurakai/auraframefx/domains/aura/ui/screens/Wo
rkingLabScreen.kt:298:44 Unresolved reference 'state'.
e: file:///C:/Users/AuraF/Documents/ReGenesis_AOSP/app/src/main/java/dev/aurakai/auraframefx/domains/aura/ui/screens/Wo
rkingLabScreen.kt:298:53 Unresolved reference 'KaiState'.
e: file:///C:/Users/AuraF/Documents/ReGenesis_AOSP/app/src/main/java/dev/aurakai/auraframefx/domains/aura/ui/screens/Wo
rkingLabScreen.kt:298:63 Unresolved reference 'assetPath'.
e: file:///C:/Users/AuraF/Documents/ReGenesis_AOSP/app/src/main/java/dev/aurakai/auraframefx/domains/aura/ui/screens/Wo
rkingLabScreen.kt:301:60 Unresolved reference 'character'.
e: file:///C:/Users/AuraF/Documents/ReGenesis_AOSP/app/src/main/java/dev/aurakai/auraframefx/domains/aura/ui/screens/Wo
rkingLabScreen.kt:302:37 Unresolved reference 'currentPosition'.
e: file:///C:/Users/AuraF/Documents/ReGenesis_AOSP/app/src/main/java/dev/aurakai/auraframefx/domains/aura/ui/screens/Wo
rkingLabScreen.kt:305:17 @Composable invocations can only happen from the context of a @Composable function
e: file:///C:/Users/AuraF/Documents/ReGenesis_AOSP/app/src/main/java/dev/aurakai/auraframefx/domains/aura/ui/screens/Wo
rkingLabScreen.kt:312:35 Argument type mismatch: actual type is 'Any', but 'Painter' was expected.
e: file:///C:/Users/AuraF/Documents/ReGenesis_AOSP/app/src/main/java/dev/aurakai/auraframefx/domains/aura/ui/screens/Wo
rkingLabScreen.kt:313:58 Unresolved reference 'character'.
e: file:///C:/Users/AuraF/Documents/ReGenesis_AOSP/app/src/main/java/dev/aurakai/auraframefx/domains/aura/ui/screens/Wo
rkingLabScreen.kt:316:49 Unresolved reference 'isWalking'.
e: file:///C:/Users/AuraF/Documents/ReGenesis_AOSP/app/src/main/java/dev/aurakai/auraframefx/domains/aura/ui/screens/Wo
rkingLabScreen.kt:323:9 Inapplicable candidate(s): fun <K> WHEN_CALL(vararg branches: K): K
e: file:///C:/Users/AuraF/Documents/ReGenesis_AOSP/app/src/main/java/dev/aurakai/auraframefx/domains/aura/ui/screens/Wo
rkingLabScreen.kt:324:27 Cannot infer type for type parameter 'T'. Specify it explicitly.
e: file:///C:/Users/AuraF/Documents/ReGenesis_AOSP/app/src/main/java/dev/aurakai/auraframefx/domains/aura/ui/screens/Wo
rkingLabScreen.kt:324:27 Cannot infer type for type parameter 'R'. Specify it explicitly.
e: file:///C:/Users/AuraF/Documents/ReGenesis_AOSP/app/src/main/java/dev/aurakai/auraframefx/domains/aura/ui/screens/Wo
rkingLabScreen.kt:324:27 Unresolved reference. None of the following candidates is applicable because of a receiver 
type mismatch:
e: file:///C:/Users/AuraF/Documents/ReGenesis_AOSP/app/src/main/java/dev/aurakai/auraframefx/domains/aura/ui/screens/Wo
rkingLabScreen.kt:324:33 Cannot infer type for type parameter 'T'. Specify it explicitly.
e: file:///C:/Users/AuraF/Documents/ReGenesis_AOSP/app/src/main/java/dev/aurakai/auraframefx/domains/aura/ui/screens/Wo
rkingLabScreen.kt:325:30 Cannot infer type for type parameter 'T'. Specify it explicitly.
e: file:///C:/Users/AuraF/Documents/ReGenesis_AOSP/app/src/main/java/dev/aurakai/auraframefx/domains/aura/ui/screens/Wo
rkingLabScreen.kt:325:30 Cannot infer type for type parameter 'R'. Specify it explicitly.
e: file:///C:/Users/AuraF/Documents/ReGenesis_AOSP/app/src/main/java/dev/aurakai/auraframefx/domains/aura/ui/screens/Wo
rkingLabScreen.kt:325:30 Unresolved reference. None of the following candidates is applicable because of a receiver 
type mismatch:
e: file:///C:/Users/AuraF/Documents/ReGenesis_AOSP/app/src/main/java/dev/aurakai/auraframefx/domains/aura/ui/screens/Wo
rkingLabScreen.kt:325:36 Cannot infer type for type parameter 'T'. Specify it explicitly.
e: file:///C:/Users/AuraF/Documents/ReGenesis_AOSP/app/src/main/java/dev/aurakai/auraframefx/domains/aura/ui/screens/Wo
rkingLabScreen.kt:383:24 Cannot infer type for type parameter 'T'. Specify it explicitly.
e: file:///C:/Users/AuraF/Documents/ReGenesis_AOSP/app/src/main/java/dev/aurakai/auraframefx/domains/aura/ui/screens/Wo
rkingLabScreen.kt:383:35 Unresolved reference 'ScreenBounds'.
e: file:///C:/Users/AuraF/Documents/ReGenesis_AOSP/app/src/main/java/dev/aurakai/auraframefx/domains/aura/ui/screens/Wo
rkingLabScreen.kt:384:18 Unresolved reference 'rememberEmbodimentEngine'.
e: file:///C:/Users/AuraF/Documents/ReGenesis_AOSP/app/src/main/java/dev/aurakai/auraframefx/domains/aura/ui/screens/Wo
rkingLabScreen.kt:385:25 Cannot infer type for type parameter 'T'. Specify it explicitly.
e: file:///C:/Users/AuraF/Documents/ReGenesis_AOSP/app/src/main/java/dev/aurakai/auraframefx/domains/aura/ui/screens/Wo
rkingLabScreen.kt:385:36 Unresolved reference 'WorkChoreographer'.
e: file:///C:/Users/AuraF/Documents/ReGenesis_AOSP/app/src/main/java/dev/aurakai/auraframefx/domains/aura/ui/screens/Wo
rkingLabScreen.kt:388:33 Operator call 'component1()' is ambiguous for destructuring of type 'ERROR CLASS: Unresolved 
name: generateCoordinatedWork'. Applicable candidates:
e: file:///C:/Users/AuraF/Documents/ReGenesis_AOSP/app/src/main/java/dev/aurakai/auraframefx/domains/aura/ui/screens/Wo
rkingLabScreen.kt:388:33 Operator call 'component2()' is ambiguous for destructuring of type 'ERROR CLASS: Unresolved 
name: generateCoordinatedWork'. Applicable candidates:
e: file:///C:/Users/AuraF/Documents/ReGenesis_AOSP/app/src/main/java/dev/aurakai/auraframefx/domains/aura/ui/screens/Wo
rkingLabScreen.kt:388:47 Unresolved reference 'generateCoordinatedWork'.
e: file:///C:/Users/AuraF/Documents/ReGenesis_AOSP/app/src/main/java/dev/aurakai/auraframefx/domains/aura/ui/screens/Wo
rkingLabScreen.kt:391:13 Unresolved reference 'WorkBehaviorExecutor'.
e: file:///C:/Users/AuraF/Documents/ReGenesis_AOSP/app/src/main/java/dev/aurakai/auraframefx/domains/aura/ui/screens/Wo
rkingLabScreen.kt:407:24 Cannot infer type for type parameter 'T'. Specify it explicitly.
e: file:///C:/Users/AuraF/Documents/ReGenesis_AOSP/app/src/main/java/dev/aurakai/auraframefx/domains/aura/ui/screens/Wo
rkingLabScreen.kt:407:35 Unresolved reference 'ScreenBounds'.
e: file:///C:/Users/AuraF/Documents/ReGenesis_AOSP/app/src/main/java/dev/aurakai/auraframefx/domains/aura/ui/screens/Wo
rkingLabScreen.kt:408:18 Unresolved reference 'rememberEmbodimentEngine'.
e: file:///C:/Users/AuraF/Documents/ReGenesis_AOSP/app/src/main/java/dev/aurakai/auraframefx/domains/aura/ui/screens/Wo
rkingLabScreen.kt:413:21 Unresolved reference 'AuraState'.
e: file:///C:/Users/AuraF/Documents/ReGenesis_AOSP/app/src/main/java/dev/aurakai/auraframefx/domains/aura/ui/screens/Wo
rkingLabScreen.kt:414:22 Unresolved reference 'ManifestationDefaults'.
e: file:///C:/Users/AuraF/Documents/ReGenesis_AOSP/app/src/main/java/dev/aurakai/auraframefx/domains/aura/ui/screens/Wo
rkingLabScreen.kt:417:23 Unresolved reference 'ManifestationTrigger'.
e: file:///C:/Users/AuraF/Documents/ReGenesis_AOSP/app/src/main/java/dev/aurakai/auraframefx/domains/aura/ui/screens/Wo
rkingLabScreen.kt:424:21 Unresolved reference 'KaiState'.
e: file:///C:/Users/AuraF/Documents/ReGenesis_AOSP/app/src/main/java/dev/aurakai/auraframefx/domains/aura/ui/screens/Wo
rkingLabScreen.kt:425:22 Unresolved reference 'ManifestationDefaults'.
e: file:///C:/Users/AuraF/Documents/ReGenesis_AOSP/app/src/main/java/dev/aurakai/auraframefx/domains/aura/ui/screens/Wo
rkingLabScreen.kt:428:23 Unresolved reference 'ManifestationTrigger'.
e: file:///C:/Users/AuraF/Documents/ReGenesis_AOSP/app/src/main/java/dev/aurakai/auraframefx/domains/aura/ui/screens/Wo
rkingLabScreen.kt:441:24 Cannot infer type for type parameter 'T'. Specify it explicitly.
e: file:///C:/Users/AuraF/Documents/ReGenesis_AOSP/app/src/main/java/dev/aurakai/auraframefx/domains/aura/ui/screens/Wo
rkingLabScreen.kt:441:35 Unresolved reference 'ScreenBounds'.
e: file:///C:/Users/AuraF/Documents/ReGenesis_AOSP/app/src/main/java/dev/aurakai/auraframefx/domains/aura/ui/screens/Wo
rkingLabScreen.kt:442:18 Unresolved reference 'rememberEmbodimentEngine'.
e: file:///C:/Users/AuraF/Documents/ReGenesis_AOSP/app/src/main/java/dev/aurakai/auraframefx/domains/aura/ui/screens/Wo
rkingLabScreen.kt:450:21 Unresolved reference 'AuraState'.
e: file:///C:/Users/AuraF/Documents/ReGenesis_AOSP/app/src/main/java/dev/aurakai/auraframefx/domains/aura/ui/screens/Wo
rkingLabScreen.kt:451:23 Unresolved reference 'ManifestationTrigger'.
e: file:///C:/Users/AuraF/Documents/ReGenesis_AOSP/app/src/main/java/dev/aurakai/auraframefx/domains/aura/ui/screens/Wo
rkingLabScreen.kt:458:21 Unresolved reference 'KaiState'.
e: file:///C:/Users/AuraF/Documents/ReGenesis_AOSP/app/src/main/java/dev/aurakai/auraframefx/domains/aura/ui/screens/Wo
rkingLabScreen.kt:459:23 Unresolved reference 'ManifestationTrigger'.
e: file:///C:/Users/AuraF/Documents/ReGenesis_AOSP/app/src/main/java/dev/aurakai/auraframefx/domains/aura/ui/screens/Wo
rkingLabScreen.kt:466:21 Unresolved reference 'AuraState'.
e: file:///C:/Users/AuraF/Documents/ReGenesis_AOSP/app/src/main/java/dev/aurakai/auraframefx/domains/aura/ui/screens/Wo
rkingLabScreen.kt:467:22 Unresolved reference 'ManifestationDefaults'.
e: file:///C:/Users/AuraF/Documents/ReGenesis_AOSP/app/src/main/java/dev/aurakai/auraframefx/domains/aura/ui/screens/au
ra/catalogs/IconifyExpandedCatalog.kt:17:61 Unresolved reference 'SettingType'.
e: file:///C:/Users/AuraF/Documents/ReGenesis_AOSP/app/src/main/java/dev/aurakai/auraframefx/domains/aura/ui/screens/au
ra/catalogs/IconifyExpandedCatalog.kt:25:19 Unresolved reference 'SettingType'.
e: file:///C:/Users/AuraF/Documents/ReGenesis_AOSP/app/src/main/java/dev/aurakai/auraframefx/domains/aura/ui/screens/au
ra/catalogs/IconifyExpandedCatalog.kt:42:13 Unresolved reference 'SettingType'.
e: file:///C:/Users/AuraF/Documents/ReGenesis_AOSP/app/src/main/java/dev/aurakai/auraframefx/domains/aura/ui/screens/au
ra/catalogs/IconifyExpandedCatalog.kt:50:13 Unresolved reference 'SettingType'.
e: file:///C:/Users/AuraF/Documents/ReGenesis_AOSP/app/src/main/java/dev/aurakai/auraframefx/domains/aura/ui/screens/au
ra/catalogs/IconifyExpandedCatalog.kt:58:13 Unresolved reference 'SettingType'.
e: file:///C:/Users/AuraF/Documents/ReGenesis_AOSP/app/src/main/java/dev/aurakai/auraframefx/domains/aura/ui/screens/au
ra/catalogs/IconifyExpandedCatalog.kt:66:13 Unresolved reference 'SettingType'.
e: file:///C:/Users/AuraF/Documents/ReGenesis_AOSP/app/src/main/java/dev/aurakai/auraframefx/domains/aura/ui/screens/au
ra/catalogs/IconifyExpandedCatalog.kt:74:13 Unresolved reference 'SettingType'.
e: file:///C:/Users/AuraF/Documents/ReGenesis_AOSP/app/src/main/java/dev/aurakai/auraframefx/domains/aura/ui/screens/au
ra/catalogs/IconifyExpandedCatalog.kt:82:13 Unresolved reference 'SettingType'.
e: file:///C:/Users/AuraF/Documents/ReGenesis_AOSP/app/src/main/java/dev/aurakai/auraframefx/domains/aura/ui/screens/au
ra/catalogs/IconifyExpandedCatalog.kt:90:13 Unresolved reference 'SettingType'.
e: file:///C:/Users/AuraF/Documents/ReGenesis_AOSP/app/src/main/java/dev/aurakai/auraframefx/domains/aura/ui/screens/au
ra/catalogs/IconifyExpandedCatalog.kt:98:13 Unresolved reference 'SettingType'.
e: file:///C:/Users/AuraF/Documents/ReGenesis_AOSP/app/src/main/java/dev/aurakai/auraframefx/domains/aura/ui/screens/au
ra/catalogs/IconifyExpandedCatalog.kt:106:13 Unresolved reference 'SettingType'.
e: file:///C:/Users/AuraF/Documents/ReGenesis_AOSP/app/src/main/java/dev/aurakai/auraframefx/domains/aura/ui/screens/au
ra/catalogs/IconifyExpandedCatalog.kt:114:13 Unresolved reference 'SettingType'.
e: file:///C:/Users/AuraF/Documents/ReGenesis_AOSP/app/src/main/java/dev/aurakai/auraframefx/domains/aura/ui/screens/au
ra/catalogs/IconifyExpandedCatalog.kt:122:13 Unresolved reference 'SettingType'.
e: file:///C:/Users/AuraF/Documents/ReGenesis_AOSP/app/src/main/java/dev/aurakai/auraframefx/domains/aura/ui/screens/au
ra/catalogs/IconifyExpandedCatalog.kt:130:13 Unresolved reference 'SettingType'.
e: file:///C:/Users/AuraF/Documents/ReGenesis_AOSP/app/src/main/java/dev/aurakai/auraframefx/domains/aura/ui/screens/au
ra/catalogs/IconifyExpandedCatalog.kt:138:13 Unresolved reference 'SettingType'.
e: file:///C:/Users/AuraF/Documents/ReGenesis_AOSP/app/src/main/java/dev/aurakai/auraframefx/domains/aura/ui/screens/au
ra/catalogs/IconifyExpandedCatalog.kt:146:13 Unresolved reference 'SettingType'.
e: file:///C:/Users/AuraF/Documents/ReGenesis_AOSP/app/src/main/java/dev/aurakai/auraframefx/domains/aura/ui/screens/au
ra/catalogs/IconifyExpandedCatalog.kt:154:13 Unresolved reference 'SettingType'.
e: file:///C:/Users/AuraF/Documents/ReGenesis_AOSP/app/src/main/java/dev/aurakai/auraframefx/domains/aura/ui/screens/au
ra/catalogs/IconifyExpandedCatalog.kt:162:13 Unresolved reference 'SettingType'.
e: file:///C:/Users/AuraF/Documents/ReGenesis_AOSP/app/src/main/java/dev/aurakai/auraframefx/domains/aura/ui/screens/au
ra/catalogs/IconifyExpandedCatalog.kt:170:13 Unresolved reference 'SettingType'.
e: file:///C:/Users/AuraF/Documents/ReGenesis_AOSP/app/src/main/java/dev/aurakai/auraframefx/domains/aura/ui/screens/au
ra/catalogs/IconifyExpandedCatalog.kt:178:13 Unresolved reference 'SettingType'.
e: file:///C:/Users/AuraF/Documents/ReGenesis_AOSP/app/src/main/java/dev/aurakai/auraframefx/domains/aura/ui/screens/au
ra/catalogs/IconifyExpandedCatalog.kt:186:13 Unresolved reference 'SettingType'.
e: file:///C:/Users/AuraF/Documents/ReGenesis_AOSP/app/src/main/java/dev/aurakai/auraframefx/domains/aura/ui/screens/au
ra/catalogs/IconifyExpandedCatalog.kt:194:13 Unresolved reference 'SettingType'.
e: file:///C:/Users/AuraF/Documents/ReGenesis_AOSP/app/src/main/java/dev/aurakai/auraframefx/domains/aura/ui/screens/au
ra/catalogs/IconifyExpandedCatalog.kt:202:13 Unresolved reference 'SettingType'.
e: file:///C:/Users/AuraF/Documents/ReGenesis_AOSP/app/src/main/java/dev/aurakai/auraframefx/domains/aura/ui/screens/au
ra/catalogs/IconifyExpandedCatalog.kt:210:13 Unresolved reference 'SettingType'.
e: file:///C:/Users/AuraF/Documents/ReGenesis_AOSP/app/src/main/java/dev/aurakai/auraframefx/domains/aura/ui/screens/au
ra/catalogs/IconifyExpandedCatalog.kt:218:13 Unresolved reference 'SettingType'.
e: file:///C:/Users/AuraF/Documents/ReGenesis_AOSP/app/src/main/java/dev/aurakai/auraframefx/domains/aura/ui/screens/au
ra/catalogs/IconifyExpandedCatalog.kt:226:13 Unresolved reference 'SettingType'.
e: file:///C:/Users/AuraF/Documents/ReGenesis_AOSP/app/src/main/java/dev/aurakai/auraframefx/domains/aura/ui/screens/au
ra/catalogs/IconifyExpandedCatalog.kt:234:13 Unresolved reference 'SettingType'.
e: file:///C:/Users/AuraF/Documents/ReGenesis_AOSP/app/src/main/java/dev/aurakai/auraframefx/domains/aura/ui/screens/au
ra/catalogs/IconifyExpandedCatalog.kt:242:13 Unresolved reference 'SettingType'.
e: file:///C:/Users/AuraF/Documents/ReGenesis_AOSP/app/src/main/java/dev/aurakai/auraframefx/domains/aura/ui/screens/au
ra/catalogs/IconifyExpandedCatalog.kt:250:13 Unresolved reference 'SettingType'.
e: file:///C:/Users/AuraF/Documents/ReGenesis_AOSP/app/src/main/java/dev/aurakai/auraframefx/domains/aura/ui/screens/au
ra/catalogs/IconifyExpandedCatalog.kt:258:13 Unresolved reference 'SettingType'.
e: file:///C:/Users/AuraF/Documents/ReGenesis_AOSP/app/src/main/java/dev/aurakai/auraframefx/domains/aura/ui/screens/au
ra/catalogs/IconifyExpandedCatalog.kt:266:13 Unresolved reference 'SettingType'.
e: file:///C:/Users/AuraF/Documents/ReGenesis_AOSP/app/src/main/java/dev/aurakai/auraframefx/domains/aura/ui/screens/au
ra/catalogs/IconifyExpandedCatalog.kt:274:13 Unresolved reference 'SettingType'.
e: file:///C:/Users/AuraF/Documents/ReGenesis_AOSP/app/src/main/java/dev/aurakai/auraframefx/domains/aura/ui/screens/au
ra/catalogs/IconifyExpandedCatalog.kt:282:13 Unresolved reference 'SettingType'.
e: file:///C:/Users/AuraF/Documents/ReGenesis_AOSP/app/src/main/java/dev/aurakai/auraframefx/domains/aura/ui/screens/au
ra/catalogs/IconifyExpandedCatalog.kt:290:13 Unresolved reference 'SettingType'.
e: file:///C:/Users/AuraF/Documents/ReGenesis_AOSP/app/src/main/java/dev/aurakai/auraframefx/domains/aura/ui/screens/au
ra/catalogs/IconifyExpandedCatalog.kt:298:13 Unresolved reference 'SettingType'.
e: file:///C:/Users/AuraF/Documents/ReGenesis_AOSP/app/src/main/java/dev/aurakai/auraframefx/domains/aura/ui/screens/au
ra/catalogs/IconifyExpandedCatalog.kt:306:13 Unresolved reference 'SettingType'.
e: file:///C:/Users/AuraF/Documents/ReGenesis_AOSP/app/src/main/java/dev/aurakai/auraframefx/domains/aura/ui/screens/au
ra/catalogs/IconifyExpandedCatalog.kt:314:13 Unresolved reference 'SettingType'.
e: file:///C:/Users/AuraF/Documents/ReGenesis_AOSP/app/src/main/java/dev/aurakai/auraframefx/domains/aura/ui/screens/au
ra/catalogs/IconifyExpandedCatalog.kt:329:13 Unresolved reference 'SettingType'.
e: file:///C:/Users/AuraF/Documents/ReGenesis_AOSP/app/src/main/java/dev/aurakai/auraframefx/domains/aura/ui/screens/au
ra/catalogs/IconifyExpandedCatalog.kt:337:13 Unresolved reference 'SettingType'.
e: file:///C:/Users/AuraF/Documents/ReGenesis_AOSP/app/src/main/java/dev/aurakai/auraframefx/domains/aura/ui/screens/au
ra/catalogs/IconifyExpandedCatalog.kt:345:13 Unresolved reference 'SettingType'.
e: file:///C:/Users/AuraF/Documents/ReGenesis_AOSP/app/src/main/java/dev/aurakai/auraframefx/domains/aura/ui/screens/au
ra/catalogs/IconifyExpandedCatalog.kt:353:13 Unresolved reference 'SettingType'.
e: file:///C:/Users/AuraF/Documents/ReGenesis_AOSP/app/src/main/java/dev/aurakai/auraframefx/domains/aura/ui/screens/au
ra/catalogs/IconifyExpandedCatalog.kt:361:13 Unresolved reference 'SettingType'.
e: file:///C:/Users/AuraF/Documents/ReGenesis_AOSP/app/src/main/java/dev/aurakai/auraframefx/domains/aura/ui/screens/au
ra/catalogs/IconifyExpandedCatalog.kt:369:13 Unresolved reference 'SettingType'.
e: file:///C:/Users/AuraF/Documents/ReGenesis_AOSP/app/src/main/java/dev/aurakai/auraframefx/domains/aura/ui/screens/au
ra/catalogs/IconifyExpandedCatalog.kt:379:13 Unresolved reference 'SettingType'.
e: file:///C:/Users/AuraF/Documents/ReGenesis_AOSP/app/src/main/java/dev/aurakai/auraframefx/domains/aura/ui/screens/au
ra/catalogs/IconifyExpandedCatalog.kt:387:13 Unresolved reference 'SettingType'.
e: file:///C:/Users/AuraF/Documents/ReGenesis_AOSP/app/src/main/java/dev/aurakai/auraframefx/domains/aura/ui/screens/au
ra/catalogs/IconifyExpandedCatalog.kt:395:13 Unresolved reference 'SettingType'.
e: file:///C:/Users/AuraF/Documents/ReGenesis_AOSP/app/src/main/java/dev/aurakai/auraframefx/domains/aura/ui/screens/au
ra/catalogs/IconifyExpandedCatalog.kt:403:13 Unresolved reference 'SettingType'.
e: file:///C:/Users/AuraF/Documents/ReGenesis_AOSP/app/src/main/java/dev/aurakai/auraframefx/domains/aura/ui/screens/au
ra/catalogs/IconifyExpandedCatalog.kt:411:13 Unresolved reference 'SettingType'.
e: file:///C:/Users/AuraF/Documents/ReGenesis_AOSP/app/src/main/java/dev/aurakai/auraframefx/domains/aura/ui/screens/au
ra/catalogs/IconifyExpandedCatalog.kt:419:13 Unresolved reference 'SettingType'.
e: file:///C:/Users/AuraF/Documents/ReGenesis_AOSP/app/src/main/java/dev/aurakai/auraframefx/domains/aura/ui/screens/au
ra/catalogs/IconifyExpandedCatalog.kt:427:13 Unresolved reference 'SettingType'.
e: file:///C:/Users/AuraF/Documents/ReGenesis_AOSP/app/src/main/java/dev/aurakai/auraframefx/domains/aura/ui/screens/au
ra/catalogs/IconifyExpandedCatalog.kt:435:13 Unresolved reference 'SettingType'.
e: file:///C:/Users/AuraF/Documents/ReGenesis_AOSP/app/src/main/java/dev/aurakai/auraframefx/domains/aura/ui/screens/au
ra/catalogs/IconifyExpandedCatalog.kt:443:13 Unresolved reference 'SettingType'.
e: file:///C:/Users/AuraF/Documents/ReGenesis_AOSP/app/src/main/java/dev/aurakai/auraframefx/domains/aura/ui/screens/au
ra/catalogs/IconifyExpandedCatalog.kt:451:13 Unresolved reference 'SettingType'.
e: file:///C:/Users/AuraF/Documents/ReGenesis_AOSP/app/src/main/java/dev/aurakai/auraframefx/domains/aura/ui/screens/au
ra/catalogs/IconifyExpandedCatalog.kt:459:13 Unresolved reference 'SettingType'.
e: file:///C:/Users/AuraF/Documents/ReGenesis_AOSP/app/src/main/java/dev/aurakai/auraframefx/domains/aura/ui/screens/au
ra/catalogs/IconifyExpandedCatalog.kt:467:13 Unresolved reference 'SettingType'.
e: file:///C:/Users/AuraF/Documents/ReGenesis_AOSP/app/src/main/java/dev/aurakai/auraframefx/domains/aura/ui/screens/au
ra/catalogs/IconifyExpandedCatalog.kt:475:13 Unresolved reference 'SettingType'.
e: file:///C:/Users/AuraF/Documents/ReGenesis_AOSP/app/src/main/java/dev/aurakai/auraframefx/domains/aura/ui/screens/au
ra/catalogs/IconifyExpandedCatalog.kt:483:13 Unresolved reference 'SettingType'.
e: file:///C:/Users/AuraF/Documents/ReGenesis_AOSP/app/src/main/java/dev/aurakai/auraframefx/domains/aura/ui/screens/au
ra/catalogs/IconifyExpandedCatalog.kt:491:13 Unresolved reference 'SettingType'.
e: file:///C:/Users/AuraF/Documents/ReGenesis_AOSP/app/src/main/java/dev/aurakai/auraframefx/domains/aura/ui/screens/au
ra/catalogs/IconifyExpandedCatalog.kt:506:13 Unresolved reference 'SettingType'.
e: file:///C:/Users/AuraF/Documents/ReGenesis_AOSP/app/src/main/java/dev/aurakai/auraframefx/domains/aura/ui/screens/au
ra/catalogs/IconifyExpandedCatalog.kt:515:13 Unresolved reference 'SettingType'.
e: file:///C:/Users/AuraF/Documents/ReGenesis_AOSP/app/src/main/java/dev/aurakai/auraframefx/domains/aura/ui/screens/au
ra/catalogs/IconifyExpandedCatalog.kt:523:13 Unresolved reference 'SettingType'.
e: file:///C:/Users/AuraF/Documents/ReGenesis_AOSP/app/src/main/java/dev/aurakai/auraframefx/domains/aura/ui/screens/au
ra/catalogs/IconifyExpandedCatalog.kt:531:13 Unresolved reference 'SettingType'.
e: file:///C:/Users/AuraF/Documents/ReGenesis_AOSP/app/src/main/java/dev/aurakai/auraframefx/domains/aura/ui/screens/au
ra/catalogs/IconifyExpandedCatalog.kt:539:13 Unresolved reference 'SettingType'.
e: file:///C:/Users/AuraF/Documents/ReGenesis_AOSP/app/src/main/java/dev/aurakai/auraframefx/domains/aura/ui/screens/au
ra/catalogs/IconifyExpandedCatalog.kt:547:13 Unresolved reference 'SettingType'.
e: file:///C:/Users/AuraF/Documents/ReGenesis_AOSP/app/src/main/java/dev/aurakai/auraframefx/domains/aura/ui/screens/au
ra/catalogs/IconifyExpandedCatalog.kt:555:13 Unresolved reference 'SettingType'.
e: file:///C:/Users/AuraF/Documents/ReGenesis_AOSP/app/src/main/java/dev/aurakai/auraframefx/domains/aura/ui/screens/au
ra/catalogs/IconifyExpandedCatalog.kt:563:13 Unresolved reference 'SettingType'.
e: file:///C:/Users/AuraF/Documents/ReGenesis_AOSP/app/src/main/java/dev/aurakai/auraframefx/domains/aura/ui/screens/au
ra/catalogs/IconifyExpandedCatalog.kt:571:13 Unresolved reference 'SettingType'.
e: file:///C:/Users/AuraF/Documents/ReGenesis_AOSP/app/src/main/java/dev/aurakai/auraframefx/domains/aura/ui/screens/au
ra/catalogs/IconifyExpandedCatalog.kt:579:13 Unresolved reference 'SettingType'.
e: file:///C:/Users/AuraF/Documents/ReGenesis_AOSP/app/src/main/java/dev/aurakai/auraframefx/domains/aura/ui/screens/au
ra/catalogs/IconifyExpandedCatalog.kt:587:13 Unresolved reference 'SettingType'.
e: file:///C:/Users/AuraF/Documents/ReGenesis_AOSP/app/src/main/java/dev/aurakai/auraframefx/domains/aura/ui/screens/au
ra/catalogs/IconifyExpandedCatalog.kt:596:13 Unresolved reference 'SettingType'.
e: file:///C:/Users/AuraF/Documents/ReGenesis_AOSP/app/src/main/java/dev/aurakai/auraframefx/domains/aura/ui/screens/au
ra/catalogs/IconifyExpandedCatalog.kt:604:13 Unresolved reference 'SettingType'.
e: file:///C:/Users/AuraF/Documents/ReGenesis_AOSP/app/src/main/java/dev/aurakai/auraframefx/domains/aura/ui/screens/au
ra/catalogs/IconifyExpandedCatalog.kt:612:13 Unresolved reference 'SettingType'.
e: file:///C:/Users/AuraF/Documents/ReGenesis_AOSP/app/src/main/java/dev/aurakai/auraframefx/domains/aura/ui/screens/au
ra/catalogs/IconifyExpandedCatalog.kt:620:13 Unresolved reference 'SettingType'.
e: file:///C:/Users/AuraF/Documents/ReGenesis_AOSP/app/src/main/java/dev/aurakai/auraframefx/domains/aura/ui/screens/au
ra/catalogs/IconifyExpandedCatalog.kt:628:13 Unresolved reference 'SettingType'.
e: file:///C:/Users/AuraF/Documents/ReGenesis_AOSP/app/src/main/java/dev/aurakai/auraframefx/domains/aura/ui/screens/au
ra/catalogs/IconifyExpandedCatalog.kt:636:13 Unresolved reference 'SettingType'.
e: file:///C:/Users/AuraF/Documents/ReGenesis_AOSP/app/src/main/java/dev/aurakai/auraframefx/domains/aura/ui/screens/au
ra/catalogs/IconifyExpandedCatalog.kt:644:13 Unresolved reference 'SettingType'.
e: file:///C:/Users/AuraF/Documents/ReGenesis_AOSP/app/src/main/java/dev/aurakai/auraframefx/domains/aura/ui/screens/au
ra/catalogs/IconifyExpandedCatalog.kt:652:13 Unresolved reference 'SettingType'.
e: file:///C:/Users/AuraF/Documents/ReGenesis_AOSP/app/src/main/java/dev/aurakai/auraframefx/domains/aura/ui/screens/au
ra/catalogs/IconifyExpandedCatalog.kt:660:13 Unresolved reference 'SettingType'.
e: file:///C:/Users/AuraF/Documents/ReGenesis_AOSP/app/src/main/java/dev/aurakai/auraframefx/domains/aura/ui/screens/au
ra/catalogs/IconifyExpandedCatalog.kt:668:13 Unresolved reference 'SettingType'.
e: file:///C:/Users/AuraF/Documents/ReGenesis_AOSP/app/src/main/java/dev/aurakai/auraframefx/domains/aura/ui/screens/au
ra/catalogs/IconifyExpandedCatalog.kt:683:13 Unresolved reference 'SettingType'.
e: file:///C:/Users/AuraF/Documents/ReGenesis_AOSP/app/src/main/java/dev/aurakai/auraframefx/domains/aura/ui/screens/au
ra/catalogs/IconifyExpandedCatalog.kt:691:13 Unresolved reference 'SettingType'.
e: file:///C:/Users/AuraF/Documents/ReGenesis_AOSP/app/src/main/java/dev/aurakai/auraframefx/domains/aura/ui/screens/au
ra/catalogs/IconifyExpandedCatalog.kt:699:13 Unresolved reference 'SettingType'.
e: file:///C:/Users/AuraF/Documents/ReGenesis_AOSP/app/src/main/java/dev/aurakai/auraframefx/domains/aura/ui/screens/au
ra/catalogs/IconifyExpandedCatalog.kt:707:13 Unresolved reference 'SettingType'.
e: file:///C:/Users/AuraF/Documents/ReGenesis_AOSP/app/src/main/java/dev/aurakai/auraframefx/domains/aura/ui/screens/au
ra/catalogs/IconifyExpandedCatalog.kt:715:13 Unresolved reference 'SettingType'.
e: file:///C:/Users/AuraF/Documents/ReGenesis_AOSP/app/src/main/java/dev/aurakai/auraframefx/domains/aura/ui/screens/au
ra/catalogs/IconifyExpandedCatalog.kt:723:13 Unresolved reference 'SettingType'.
e: file:///C:/Users/AuraF/Documents/ReGenesis_AOSP/app/src/main/java/dev/aurakai/auraframefx/domains/aura/ui/screens/au
ra/catalogs/IconifyExpandedCatalog.kt:732:13 Unresolved reference 'SettingType'.
e: file:///C:/Users/AuraF/Documents/ReGenesis_AOSP/app/src/main/java/dev/aurakai/auraframefx/domains/aura/ui/screens/au
ra/catalogs/IconifyExpandedCatalog.kt:741:13 Unresolved reference 'SettingType'.
e: file:///C:/Users/AuraF/Documents/ReGenesis_AOSP/app/src/main/java/dev/aurakai/auraframefx/domains/aura/ui/screens/au
ra/catalogs/IconifyExpandedCatalog.kt:749:13 Unresolved reference 'SettingType'.
e: file:///C:/Users/AuraF/Documents/ReGenesis_AOSP/app/src/main/java/dev/aurakai/auraframefx/domains/aura/ui/screens/au
ra/catalogs/IconifyExpandedCatalog.kt:757:13 Unresolved reference 'SettingType'.
e: file:///C:/Users/AuraF/Documents/ReGenesis_AOSP/app/src/main/java/dev/aurakai/auraframefx/domains/aura/ui/screens/au
ra/catalogs/IconifyExpandedCatalog.kt:765:13 Unresolved reference 'SettingType'.
e: file:///C:/Users/AuraF/Documents/ReGenesis_AOSP/app/src/main/java/dev/aurakai/auraframefx/domains/aura/ui/screens/au
ra/catalogs/IconifyExpandedCatalog.kt:773:13 Unresolved reference 'SettingType'.
e: file:///C:/Users/AuraF/Documents/ReGenesis_AOSP/app/src/main/java/dev/aurakai/auraframefx/domains/aura/ui/screens/au
ra/catalogs/IconifyExpandedCatalog.kt:781:13 Unresolved reference 'SettingType'.
e: file:///C:/Users/AuraF/Documents/ReGenesis_AOSP/app/src/main/java/dev/aurakai/auraframefx/domains/aura/ui/screens/au
ra/catalogs/IconifyExpandedCatalog.kt:789:13 Unresolved reference 'SettingType'.
e: file:///C:/Users/AuraF/Documents/ReGenesis_AOSP/app/src/main/java/dev/aurakai/auraframefx/domains/aura/ui/screens/au
ra/catalogs/IconifyExpandedCatalog.kt:797:13 Unresolved reference 'SettingType'.
e: file:///C:/Users/AuraF/Documents/ReGenesis_AOSP/app/src/main/java/dev/aurakai/auraframefx/domains/aura/ui/screens/au
ra/catalogs/IconifyExpandedCatalog.kt:805:13 Unresolved reference 'SettingType'.
e: file:///C:/Users/AuraF/Documents/ReGenesis_AOSP/app/src/main/java/dev/aurakai/auraframefx/domains/aura/ui/screens/au
ra/catalogs/IconifyExpandedCatalog.kt:813:13 Unresolved reference 'SettingType'.
e: file:///C:/Users/AuraF/Documents/ReGenesis_AOSP/app/src/main/java/dev/aurakai/auraframefx/domains/aura/ui/screens/au
ra/catalogs/IconifyExpandedCatalog.kt:821:13 Unresolved reference 'SettingType'.
e: file:///C:/Users/AuraF/Documents/ReGenesis_AOSP/app/src/main/java/dev/aurakai/auraframefx/domains/aura/ui/screens/au
ra/catalogs/IconifyExpandedCatalog.kt:829:13 Unresolved reference 'SettingType'.
e: file:///C:/Users/AuraF/Documents/ReGenesis_AOSP/app/src/main/java/dev/aurakai/auraframefx/domains/aura/ui/screens/au
ra/catalogs/IconifyExpandedCatalog.kt:837:13 Unresolved reference 'SettingType'.
e: file:///C:/Users/AuraF/Documents/ReGenesis_AOSP/app/src/main/java/dev/aurakai/auraframefx/domains/aura/ui/screens/au
ra/catalogs/IconifyExpandedCatalog.kt:852:13 Unresolved reference 'SettingType'.
e: file:///C:/Users/AuraF/Documents/ReGenesis_AOSP/app/src/main/java/dev/aurakai/auraframefx/domains/aura/ui/screens/au
ra/catalogs/IconifyExpandedCatalog.kt:860:13 Unresolved reference 'SettingType'.
e: file:///C:/Users/AuraF/Documents/ReGenesis_AOSP/app/src/main/java/dev/aurakai/auraframefx/domains/aura/ui/screens/au
ra/catalogs/IconifyExpandedCatalog.kt:868:13 Unresolved reference 'SettingType'.
e: file:///C:/Users/AuraF/Documents/ReGenesis_AOSP/app/src/main/java/dev/aurakai/auraframefx/domains/aura/ui/screens/au
ra/catalogs/IconifyExpandedCatalog.kt:876:13 Unresolved reference 'SettingType'.
e: file:///C:/Users/AuraF/Documents/ReGenesis_AOSP/app/src/main/java/dev/aurakai/auraframefx/domains/aura/ui/screens/au
ra/catalogs/IconifyExpandedCatalog.kt:884:13 Unresolved reference 'SettingType'.
e: file:///C:/Users/AuraF/Documents/ReGenesis_AOSP/app/src/main/java/dev/aurakai/auraframefx/domains/aura/ui/screens/au
ra/catalogs/IconifyExpandedCatalog.kt:892:13 Unresolved reference 'SettingType'.
e: file:///C:/Users/AuraF/Documents/ReGenesis_AOSP/app/src/main/java/dev/aurakai/auraframefx/domains/aura/ui/screens/au
ra/catalogs/IconifyExpandedCatalog.kt:900:13 Unresolved reference 'SettingType'.
e: file:///C:/Users/AuraF/Documents/ReGenesis_AOSP/app/src/main/java/dev/aurakai/auraframefx/domains/aura/ui/screens/au
ra/catalogs/IconifyExpandedCatalog.kt:908:13 Unresolved reference 'SettingType'.
e: file:///C:/Users/AuraF/Documents/ReGenesis_AOSP/app/src/main/java/dev/aurakai/auraframefx/domains/aura/ui/screens/au
ra/catalogs/IconifyExpandedCatalog.kt:916:13 Unresolved reference 'SettingType'.
e: file:///C:/Users/AuraF/Documents/ReGenesis_AOSP/app/src/main/java/dev/aurakai/auraframefx/domains/aura/ui/screens/au
ra/catalogs/IconifyExpandedCatalog.kt:924:13 Unresolved reference 'SettingType'.
e: file:///C:/Users/AuraF/Documents/ReGenesis_AOSP/app/src/main/java/dev/aurakai/auraframefx/domains/aura/ui/screens/au
ra/catalogs/IconifyExpandedCatalog.kt:932:13 Unresolved reference 'SettingType'.
e: file:///C:/Users/AuraF/Documents/ReGenesis_AOSP/app/src/main/java/dev/aurakai/auraframefx/domains/aura/ui/screens/au
ra/catalogs/IconifyExpandedCatalog.kt:947:13 Unresolved reference 'SettingType'.
e: file:///C:/Users/AuraF/Documents/ReGenesis_AOSP/app/src/main/java/dev/aurakai/auraframefx/domains/aura/ui/screens/au
ra/catalogs/IconifyExpandedCatalog.kt:958:13 Unresolved reference 'SettingType'.
e: file:///C:/Users/AuraF/Documents/ReGenesis_AOSP/app/src/main/java/dev/aurakai/auraframefx/domains/aura/ui/screens/au
ra/catalogs/IconifyExpandedCatalog.kt:966:13 Unresolved reference 'SettingType'.
e: file:///C:/Users/AuraF/Documents/ReGenesis_AOSP/app/src/main/java/dev/aurakai/auraframefx/domains/aura/ui/screens/au
ra/catalogs/IconifyExpandedCatalog.kt:974:13 Unresolved reference 'SettingType'.
e: file:///C:/Users/AuraF/Documents/ReGenesis_AOSP/app/src/main/java/dev/aurakai/auraframefx/domains/aura/ui/screens/au
ra/catalogs/IconifyExpandedCatalog.kt:982:13 Unresolved reference 'SettingType'.
e: file:///C:/Users/AuraF/Documents/ReGenesis_AOSP/app/src/main/java/dev/aurakai/auraframefx/domains/aura/ui/screens/au
ra/catalogs/IconifyExpandedCatalog.kt:990:13 Unresolved reference 'SettingType'.
e: file:///C:/Users/AuraF/Documents/ReGenesis_AOSP/app/src/main/java/dev/aurakai/auraframefx/domains/aura/ui/screens/au
ra/catalogs/IconifyExpandedCatalog.kt:998:13 Unresolved reference 'SettingType'.
e: file:///C:/Users/AuraF/Documents/ReGenesis_AOSP/app/src/main/java/dev/aurakai/auraframefx/domains/aura/ui/screens/au
ra/catalogs/IconifyExpandedCatalog.kt:1006:13 Unresolved reference 'SettingType'.
e: file:///C:/Users/AuraF/Documents/ReGenesis_AOSP/app/src/main/java/dev/aurakai/auraframefx/domains/aura/ui/screens/au
ra/catalogs/IconifyExpandedCatalog.kt:1014:13 Unresolved reference 'SettingType'.
e: file:///C:/Users/AuraF/Documents/ReGenesis_AOSP/app/src/main/java/dev/aurakai/auraframefx/domains/aura/ui/screens/au
ra/catalogs/IconifyExpandedCatalog.kt:1029:13 Unresolved reference 'SettingType'.
e: file:///C:/Users/AuraF/Documents/ReGenesis_AOSP/app/src/main/java/dev/aurakai/auraframefx/domains/aura/ui/screens/au
ra/catalogs/IconifyExpandedCatalog.kt:1037:13 Unresolved reference 'SettingType'.
e: file:///C:/Users/AuraF/Documents/ReGenesis_AOSP/app/src/main/java/dev/aurakai/auraframefx/domains/aura/ui/screens/au
ra/catalogs/IconifyExpandedCatalog.kt:1045:13 Unresolved reference 'SettingType'.
e: file:///C:/Users/AuraF/Documents/ReGenesis_AOSP/app/src/main/java/dev/aurakai/auraframefx/domains/aura/ui/screens/au
ra/catalogs/IconifyExpandedCatalog.kt:1053:13 Unresolved reference 'SettingType'.
e: file:///C:/Users/AuraF/Documents/ReGenesis_AOSP/app/src/main/java/dev/aurakai/auraframefx/domains/aura/ui/screens/au
ra/catalogs/IconifyExpandedCatalog.kt:1061:13 Unresolved reference 'SettingType'.
e: file:///C:/Users/AuraF/Documents/ReGenesis_AOSP/app/src/main/java/dev/aurakai/auraframefx/domains/aura/ui/screens/au
ra/catalogs/IconifyExpandedCatalog.kt:1069:13 Unresolved reference 'SettingType'.
e: file:///C:/Users/AuraF/Documents/ReGenesis_AOSP/app/src/main/java/dev/aurakai/auraframefx/domains/aura/ui/screens/au
ra/catalogs/IconifyExpandedCatalog.kt:1077:13 Unresolved reference 'SettingType'.
e: file:///C:/Users/AuraF/Documents/ReGenesis_AOSP/app/src/main/java/dev/aurakai/auraframefx/domains/aura/ui/screens/au
ra/catalogs/IconifyExpandedCatalog.kt:1092:13 Unresolved reference 'SettingType'.
e: file:///C:/Users/AuraF/Documents/ReGenesis_AOSP/app/src/main/java/dev/aurakai/auraframefx/domains/aura/ui/screens/au
ra/catalogs/IconifyExpandedCatalog.kt:1103:13 Unresolved reference 'SettingType'.
e: file:///C:/Users/AuraF/Documents/ReGenesis_AOSP/app/src/main/java/dev/aurakai/auraframefx/domains/aura/ui/screens/au
ra/catalogs/IconifyExpandedCatalog.kt:1114:13 Unresolved reference 'SettingType'.
e: file:///C:/Users/AuraF/Documents/ReGenesis_AOSP/app/src/main/java/dev/aurakai/auraframefx/domains/aura/ui/screens/au
ra/catalogs/IconifyExpandedCatalog.kt:1123:13 Unresolved reference 'SettingType'.
e: file:///C:/Users/AuraF/Documents/ReGenesis_AOSP/app/src/main/java/dev/aurakai/auraframefx/domains/aura/ui/screens/au
ra/catalogs/IconifyExpandedCatalog.kt:1132:13 Unresolved reference 'SettingType'.
e: file:///C:/Users/AuraF/Documents/ReGenesis_AOSP/app/src/main/java/dev/aurakai/auraframefx/domains/aura/ui/screens/au
ra/catalogs/IconifyExpandedCatalog.kt:1141:13 Unresolved reference 'SettingType'.
e: file:///C:/Users/AuraF/Documents/ReGenesis_AOSP/app/src/main/java/dev/aurakai/auraframefx/domains/aura/ui/screens/au
ra/catalogs/IconifyExpandedCatalog.kt:1150:13 Unresolved reference 'SettingType'.
e: file:///C:/Users/AuraF/Documents/ReGenesis_AOSP/app/src/main/java/dev/aurakai/auraframefx/domains/aura/ui/screens/au
ra/catalogs/IconifyExpandedCatalog.kt:1159:13 Unresolved reference 'SettingType'.
e: file:///C:/Users/AuraF/Documents/ReGenesis_AOSP/app/src/main/java/dev/aurakai/auraframefx/domains/aura/ui/screens/au
ra/catalogs/IconifyExpandedCatalog.kt:1177:13 Unresolved reference 'SettingType'.
e: file:///C:/Users/AuraF/Documents/ReGenesis_AOSP/app/src/main/java/dev/aurakai/auraframefx/domains/aura/ui/screens/au
ra/catalogs/IconifyExpandedCatalog.kt:1185:13 Unresolved reference 'SettingType'.
e: file:///C:/Users/AuraF/Documents/ReGenesis_AOSP/app/src/main/java/dev/aurakai/auraframefx/domains/aura/ui/screens/au
ra/catalogs/IconifyExpandedCatalog.kt:1200:13 Unresolved reference 'SettingType'.
e: file:///C:/Users/AuraF/Documents/ReGenesis_AOSP/app/src/main/java/dev/aurakai/auraframefx/domains/aura/ui/screens/au
ra/catalogs/IconifyExpandedCatalog.kt:1208:13 Unresolved reference 'SettingType'.
e: file:///C:/Users/AuraF/Documents/ReGenesis_AOSP/app/src/main/java/dev/aurakai/auraframefx/domains/aura/ui/screens/au
ra/catalogs/IconifyExpandedCatalog.kt:1216:13 Unresolved reference 'SettingType'.
e: file:///C:/Users/AuraF/Documents/ReGenesis_AOSP/app/src/main/java/dev/aurakai/auraframefx/domains/aura/ui/screens/au
ra/catalogs/IconifyExpandedCatalog.kt:1224:13 Unresolved reference 'SettingType'.
e: file:///C:/Users/AuraF/Documents/ReGenesis_AOSP/app/src/main/java/dev/aurakai/auraframefx/domains/aura/ui/screens/au
ra/catalogs/IconifyExpandedCatalog.kt:1232:13 Unresolved reference 'SettingType'.
e: file:///C:/Users/AuraF/Documents/ReGenesis_AOSP/app/src/main/java/dev/aurakai/auraframefx/domains/aura/ui/screens/ma
nual/ChromaSphereManualScreen.kt:17:32 Unresolved reference 'customization'.
e: file:///C:/Users/AuraF/Documents/ReGenesis_AOSP/app/src/main/java/dev/aurakai/auraframefx/domains/aura/ui/screens/ma
nual/ChromaSphereManualScreen.kt:18:35 Unresolved reference 'theme'.
e: file:///C:/Users/AuraF/Documents/ReGenesis_AOSP/app/src/main/java/dev/aurakai/auraframefx/domains/aura/ui/screens/ma
nual/ChromaSphereManualScreen.kt:19:35 Unresolved reference 'theme'.
e: file:///C:/Users/AuraF/Documents/ReGenesis_AOSP/app/src/main/java/dev/aurakai/auraframefx/domains/aura/ui/screens/ma
nual/ChromaSphereManualScreen.kt:30:16 Unresolved reference 'CustomizationViewModel'.
e: file:///C:/Users/AuraF/Documents/ReGenesis_AOSP/app/src/main/java/dev/aurakai/auraframefx/domains/aura/ui/screens/ma
nual/ChromaSphereManualScreen.kt:30:41 Cannot infer type for type parameter 'VM'. Specify it explicitly.
e: file:///C:/Users/AuraF/Documents/ReGenesis_AOSP/app/src/main/java/dev/aurakai/auraframefx/domains/aura/ui/screens/ma
nual/ChromaSphereManualScreen.kt:33:15 Property delegate must have a 'getValue(Nothing?, KProperty0<ERROR CLASS: 
Cannot infer argument for type parameter T>)' method. None of the following functions is applicable:
e: file:///C:/Users/AuraF/Documents/ReGenesis_AOSP/app/src/main/java/dev/aurakai/auraframefx/domains/aura/ui/screens/ma
nual/ChromaSphereManualScreen.kt:33:18 Cannot infer type for type parameter 'T'. Specify it explicitly.
e: file:///C:/Users/AuraF/Documents/ReGenesis_AOSP/app/src/main/java/dev/aurakai/auraframefx/domains/aura/ui/screens/ma
nual/ChromaSphereManualScreen.kt:33:28 Unresolved reference 'state'.
e: file:///C:/Users/AuraF/Documents/ReGenesis_AOSP/app/src/main/java/dev/aurakai/auraframefx/domains/aura/ui/screens/ma
nual/ChromaSphereManualScreen.kt:33:34 Cannot infer type for type parameter 'T'. Specify it explicitly.
e: file:///C:/Users/AuraF/Documents/ReGenesis_AOSP/app/src/main/java/dev/aurakai/auraframefx/domains/aura/ui/screens/ma
nual/ChromaSphereManualScreen.kt:34:24 Unresolved reference 'monetConfig'.
e: file:///C:/Users/AuraF/Documents/ReGenesis_AOSP/app/src/main/java/dev/aurakai/auraframefx/domains/aura/ui/screens/ma
nual/ChromaSphereManualScreen.kt:42:38 Unresolved reference 'LEDFontFamily'.
e: file:///C:/Users/AuraF/Documents/ReGenesis_AOSP/app/src/main/java/dev/aurakai/auraframefx/domains/aura/ui/screens/ma
nual/ChromaSphereManualScreen.kt:44:33 Unresolved reference 'AuraNeonCyan'.
e: file:///C:/Users/AuraF/Documents/ReGenesis_AOSP/app/src/main/java/dev/aurakai/auraframefx/domains/aura/ui/screens/ma
nual/ChromaSphereManualScreen.kt:87:35 Unresolved reference 'updateMonetConfig'.
e: file:///C:/Users/AuraF/Documents/ReGenesis_AOSP/app/src/main/java/dev/aurakai/auraframefx/domains/aura/ui/screens/ma
nual/ChromaSphereManualScreen.kt:102:35 Unresolved reference 'updateMonetConfig'.
e: file:///C:/Users/AuraF/Documents/ReGenesis_AOSP/app/src/main/java/dev/aurakai/auraframefx/domains/aura/ui/screens/ma
nual/ChromaSphereManualScreen.kt:117:35 Unresolved reference 'updateMonetConfig'.
e: file:///C:/Users/AuraF/Documents/ReGenesis_AOSP/app/src/main/java/dev/aurakai/auraframefx/domains/aura/ui/screens/ma
nual/ChromaSphereManualScreen.kt:131:35 Unresolved reference 'updateMonetConfig'.
e: file:///C:/Users/AuraF/Documents/ReGenesis_AOSP/app/src/main/java/dev/aurakai/auraframefx/domains/aura/ui/screens/ma
nual/ChromaSphereManualScreen.kt:162:43 Unresolved reference 'updateMonetConfig'.
e: file:///C:/Users/AuraF/Documents/ReGenesis_AOSP/app/src/main/java/dev/aurakai/auraframefx/domains/aura/ui/screens/ma
nual/ChromaSphereManualScreen.kt:181:43 Unresolved reference 'updateMonetConfig'.
e: file:///C:/Users/AuraF/Documents/ReGenesis_AOSP/app/src/main/java/dev/aurakai/auraframefx/domains/aura/ui/screens/ma
nual/ChromaSphereManualScreen.kt:204:47 Unresolved reference 'AuraNeonCyan'.
e: file:///C:/Users/AuraF/Documents/ReGenesis_AOSP/app/src/main/java/dev/aurakai/auraframefx/domains/aura/ui/screens/ma
nual/ChromaSphereManualScreen.kt:211:30 Unresolved reference 'AuraNeonCyan'.
e: file:///C:/Users/AuraF/Documents/ReGenesis_AOSP/app/src/main/java/dev/aurakai/auraframefx/domains/aura/ui/screens/ma
nual/ChromaSphereManualScreen.kt:212:36 Unresolved reference 'AuraNeonCyan'.
e: file:///C:/Users/AuraF/Documents/ReGenesis_AOSP/app/src/main/java/dev/aurakai/auraframefx/domains/aura/ui/screens/ma
nual/ChromaSphereManualScreen.kt:231:37 Unresolved reference 'AuraNeonCyan'.
e: file:///C:/Users/AuraF/Documents/ReGenesis_AOSP/app/src/main/java/dev/aurakai/auraframefx/domains/aura/ui/screens/ma
nual/ChromaSphereManualScreen.kt:232:37 Unresolved reference 'AuraNeonCyan'.
e: file:///C:/Users/AuraF/Documents/ReGenesis_AOSP/app/src/main/java/dev/aurakai/auraframefx/domains/aura/ui/screens/ma
nual/ChromaSphereManualScreen.kt:243:46 Unresolved reference 'AuraNeonCyan'.
e: file:///C:/Users/AuraF/Documents/ReGenesis_AOSP/app/src/main/java/dev/aurakai/auraframefx/domains/aura/ui/screens/ma
nual/LaunchMatrixManualScreen.kt:17:32 Unresolved reference 'customization'.
e: file:///C:/Users/AuraF/Documents/ReGenesis_AOSP/app/src/main/java/dev/aurakai/auraframefx/domains/aura/ui/screens/ma
nual/LaunchMatrixManualScreen.kt:18:35 Unresolved reference 'theme'.
e: file:///C:/Users/AuraF/Documents/ReGenesis_AOSP/app/src/main/java/dev/aurakai/auraframefx/domains/aura/ui/screens/ma
nual/LaunchMatrixManualScreen.kt:19:35 Unresolved reference 'theme'.
e: file:///C:/Users/AuraF/Documents/ReGenesis_AOSP/app/src/main/java/dev/aurakai/auraframefx/domains/aura/ui/screens/ma
nual/LaunchMatrixManualScreen.kt:30:16 Unresolved reference 'CustomizationViewModel'.
e: file:///C:/Users/AuraF/Documents/ReGenesis_AOSP/app/src/main/java/dev/aurakai/auraframefx/domains/aura/ui/screens/ma
nual/LaunchMatrixManualScreen.kt:30:41 Cannot infer type for type parameter 'VM'. Specify it explicitly.
e: file:///C:/Users/AuraF/Documents/ReGenesis_AOSP/app/src/main/java/dev/aurakai/auraframefx/domains/aura/ui/screens/ma
nual/LaunchMatrixManualScreen.kt:33:15 Property delegate must have a 'getValue(Nothing?, KProperty0<ERROR CLASS: 
Cannot infer argument for type parameter T>)' method. None of the following functions is applicable:
e: file:///C:/Users/AuraF/Documents/ReGenesis_AOSP/app/src/main/java/dev/aurakai/auraframefx/domains/aura/ui/screens/ma
nual/LaunchMatrixManualScreen.kt:33:18 Cannot infer type for type parameter 'T'. Specify it explicitly.
e: file:///C:/Users/AuraF/Documents/ReGenesis_AOSP/app/src/main/java/dev/aurakai/auraframefx/domains/aura/ui/screens/ma
nual/LaunchMatrixManualScreen.kt:33:28 Unresolved reference 'state'.
e: file:///C:/Users/AuraF/Documents/ReGenesis_AOSP/app/src/main/java/dev/aurakai/auraframefx/domains/aura/ui/screens/ma
nual/LaunchMatrixManualScreen.kt:33:34 Cannot infer type for type parameter 'T'. Specify it explicitly.
e: file:///C:/Users/AuraF/Documents/ReGenesis_AOSP/app/src/main/java/dev/aurakai/auraframefx/domains/aura/ui/screens/ma
nual/LaunchMatrixManualScreen.kt:34:24 Unresolved reference 'launcherConfig'.
e: file:///C:/Users/AuraF/Documents/ReGenesis_AOSP/app/src/main/java/dev/aurakai/auraframefx/domains/aura/ui/screens/ma
nual/LaunchMatrixManualScreen.kt:42:38 Unresolved reference 'LEDFontFamily'.
e: file:///C:/Users/AuraF/Documents/ReGenesis_AOSP/app/src/main/java/dev/aurakai/auraframefx/domains/aura/ui/screens/ma
nual/LaunchMatrixManualScreen.kt:44:33 Unresolved reference 'KaiNeonGreen'.
e: file:///C:/Users/AuraF/Documents/ReGenesis_AOSP/app/src/main/java/dev/aurakai/auraframefx/domains/aura/ui/screens/ma
nual/LaunchMatrixManualScreen.kt:86:35 Unresolved reference 'KaiNeonGreen'.
e: file:///C:/Users/AuraF/Documents/ReGenesis_AOSP/app/src/main/java/dev/aurakai/auraframefx/domains/aura/ui/screens/ma
nual/LaunchMatrixManualScreen.kt:88:35 Unresolved reference 'updateLauncherConfig'.
e: file:///C:/Users/AuraF/Documents/ReGenesis_AOSP/app/src/main/java/dev/aurakai/auraframefx/domains/aura/ui/screens/ma
nual/LaunchMatrixManualScreen.kt:102:35 Unresolved reference 'KaiNeonGreen'.
e: file:///C:/Users/AuraF/Documents/ReGenesis_AOSP/app/src/main/java/dev/aurakai/auraframefx/domains/aura/ui/screens/ma
nual/LaunchMatrixManualScreen.kt:104:35 Unresolved reference 'updateLauncherConfig'.
e: file:///C:/Users/AuraF/Documents/ReGenesis_AOSP/app/src/main/java/dev/aurakai/auraframefx/domains/aura/ui/screens/ma
nual/LaunchMatrixManualScreen.kt:118:35 Unresolved reference 'KaiNeonGreen'.
e: file:///C:/Users/AuraF/Documents/ReGenesis_AOSP/app/src/main/java/dev/aurakai/auraframefx/domains/aura/ui/screens/ma
nual/LaunchMatrixManualScreen.kt:120:35 Unresolved reference 'updateLauncherConfig'.
e: file:///C:/Users/AuraF/Documents/ReGenesis_AOSP/app/src/main/java/dev/aurakai/auraframefx/domains/aura/ui/screens/ma
nual/LaunchMatrixManualScreen.kt:133:35 Unresolved reference 'KaiNeonGreen'.
e: file:///C:/Users/AuraF/Documents/ReGenesis_AOSP/app/src/main/java/dev/aurakai/auraframefx/domains/aura/ui/screens/ma
nual/LaunchMatrixManualScreen.kt:135:35 Unresolved reference 'updateLauncherConfig'.
e: file:///C:/Users/AuraF/Documents/ReGenesis_AOSP/app/src/main/java/dev/aurakai/auraframefx/domains/aura/ui/screens/ma
nual/OracleDriveManualScreen.kt:18:32 Unresolved reference 'customization'.
e: file:///C:/Users/AuraF/Documents/ReGenesis_AOSP/app/src/main/java/dev/aurakai/auraframefx/domains/aura/ui/screens/ma
nual/OracleDriveManualScreen.kt:19:35 Unresolved reference 'theme'.
e: file:///C:/Users/AuraF/Documents/ReGenesis_AOSP/app/src/main/java/dev/aurakai/auraframefx/domains/aura/ui/screens/ma
nual/OracleDriveManualScreen.kt:20:35 Unresolved reference 'theme'.
e: file:///C:/Users/AuraF/Documents/ReGenesis_AOSP/app/src/main/java/dev/aurakai/auraframefx/domains/aura/ui/screens/ma
nual/OracleDriveManualScreen.kt:31:16 Unresolved reference 'CustomizationViewModel'.
e: file:///C:/Users/AuraF/Documents/ReGenesis_AOSP/app/src/main/java/dev/aurakai/auraframefx/domains/aura/ui/screens/ma
nual/OracleDriveManualScreen.kt:31:41 Cannot infer type for type parameter 'VM'. Specify it explicitly.
e: file:///C:/Users/AuraF/Documents/ReGenesis_AOSP/app/src/main/java/dev/aurakai/auraframefx/domains/aura/ui/screens/ma
nual/OracleDriveManualScreen.kt:34:15 Property delegate must have a 'getValue(Nothing?, KProperty0<ERROR CLASS: Cannot 
infer argument for type parameter T>)' method. None of the following functions is applicable:
e: file:///C:/Users/AuraF/Documents/ReGenesis_AOSP/app/src/main/java/dev/aurakai/auraframefx/domains/aura/ui/screens/ma
nual/OracleDriveManualScreen.kt:34:18 Cannot infer type for type parameter 'T'. Specify it explicitly.
e: file:///C:/Users/AuraF/Documents/ReGenesis_AOSP/app/src/main/java/dev/aurakai/auraframefx/domains/aura/ui/screens/ma
nual/OracleDriveManualScreen.kt:34:28 Unresolved reference 'state'.
e: file:///C:/Users/AuraF/Documents/ReGenesis_AOSP/app/src/main/java/dev/aurakai/auraframefx/domains/aura/ui/screens/ma
nual/OracleDriveManualScreen.kt:34:34 Cannot infer type for type parameter 'T'. Specify it explicitly.
e: file:///C:/Users/AuraF/Documents/ReGenesis_AOSP/app/src/main/java/dev/aurakai/auraframefx/domains/aura/ui/screens/ma
nual/OracleDriveManualScreen.kt:35:24 Unresolved reference 'systemUIConfig'.
e: file:///C:/Users/AuraF/Documents/ReGenesis_AOSP/app/src/main/java/dev/aurakai/auraframefx/domains/aura/ui/screens/ma
nual/OracleDriveManualScreen.kt:43:38 Unresolved reference 'LEDFontFamily'.
e: file:///C:/Users/AuraF/Documents/ReGenesis_AOSP/app/src/main/java/dev/aurakai/auraframefx/domains/aura/ui/screens/ma
nual/OracleDriveManualScreen.kt:45:33 Unresolved reference 'NeonPurple'.
e: file:///C:/Users/AuraF/Documents/ReGenesis_AOSP/app/src/main/java/dev/aurakai/auraframefx/domains/aura/ui/screens/ma
nual/OracleDriveManualScreen.kt:87:35 Unresolved reference 'updateSystemUIConfig'.
e: file:///C:/Users/AuraF/Documents/ReGenesis_AOSP/app/src/main/java/dev/aurakai/auraframefx/domains/aura/ui/screens/ma
nual/OracleDriveManualScreen.kt:95:38 Unresolved reference 'NeonPurple'.
e: file:///C:/Users/AuraF/Documents/ReGenesis_AOSP/app/src/main/java/dev/aurakai/auraframefx/domains/aura/ui/screens/ma
nual/OracleDriveManualScreen.kt:96:44 Unresolved reference 'NeonPurple'.
e: file:///C:/Users/AuraF/Documents/ReGenesis_AOSP/app/src/main/java/dev/aurakai/auraframefx/domains/aura/ui/screens/ma
nual/OracleDriveManualScreen.kt:101:29 Unresolved reference 'NeonPurple'.
e: file:///C:/Users/AuraF/Documents/ReGenesis_AOSP/app/src/main/java/dev/aurakai/auraframefx/domains/aura/ui/screens/ma
nual/OracleDriveManualScreen.kt:112:35 Unresolved reference 'updateSystemUIConfig'.
e: file:///C:/Users/AuraF/Documents/ReGenesis_AOSP/app/src/main/java/dev/aurakai/auraframefx/domains/aura/ui/screens/ma
nual/OracleDriveManualScreen.kt:120:38 Unresolved reference 'NeonPurple'.
e: file:///C:/Users/AuraF/Documents/ReGenesis_AOSP/app/src/main/java/dev/aurakai/auraframefx/domains/aura/ui/screens/ma
nual/OracleDriveManualScreen.kt:121:44 Unresolved reference 'NeonPurple'.
e: file:///C:/Users/AuraF/Documents/ReGenesis_AOSP/app/src/main/java/dev/aurakai/auraframefx/domains/aura/ui/screens/ma
nual/OracleDriveManualScreen.kt:124:66 Unresolved reference 'NeonPurple'.
e: file:///C:/Users/AuraF/Documents/ReGenesis_AOSP/app/src/main/java/dev/aurakai/auraframefx/domains/aura/ui/screens/ma
nual/OracleDriveManualScreen.kt:133:35 Unresolved reference 'NeonPurple'.
e: file:///C:/Users/AuraF/Documents/ReGenesis_AOSP/app/src/main/java/dev/aurakai/auraframefx/domains/aura/ui/screens/ma
nual/OracleDriveManualScreen.kt:135:35 Unresolved reference 'updateSystemUIConfig'.
e: file:///C:/Users/AuraF/Documents/ReGenesis_AOSP/app/src/main/java/dev/aurakai/auraframefx/domains/aura/ui/screens/ma
nual/OracleDriveManualScreen.kt:149:35 Unresolved reference 'NeonPurple'.
e: file:///C:/Users/AuraF/Documents/ReGenesis_AOSP/app/src/main/java/dev/aurakai/auraframefx/domains/aura/ui/screens/ma
nual/OracleDriveManualScreen.kt:151:35 Unresolved reference 'updateSystemUIConfig'.
e: file:///C:/Users/AuraF/Documents/ReGenesis_AOSP/app/src/main/java/dev/aurakai/auraframefx/domains/aura/ui/screens/ma
nual/OracleDriveManualScreen.kt:164:35 Unresolved reference 'NeonPurple'.
e: file:///C:/Users/AuraF/Documents/ReGenesis_AOSP/app/src/main/java/dev/aurakai/auraframefx/domains/aura/ui/screens/ma
nual/OracleDriveManualScreen.kt:166:35 Unresolved reference 'updateSystemUIConfig'.
e: file:///C:/Users/AuraF/Documents/ReGenesis_AOSP/app/src/main/java/dev/aurakai/auraframefx/domains/cascade/network/in
frastructure/Serializer.kt:5:53 Unresolved reference 'StringBuilderAdapter'.
e: file:///C:/Users/AuraF/Documents/ReGenesis_AOSP/app/src/main/java/dev/aurakai/auraframefx/domains/cascade/network/in
frastructure/Serializer.kt:61:55 Unresolved reference 'StringBuilderAdapter'.
e: file:///C:/Users/AuraF/Documents/ReGenesis_AOSP/app/src/main/java/dev/aurakai/auraframefx/domains/cascade/utils/casc
ade/trinity/TrinityCoordinatorService.kt:3:32 Unresolved reference 'models'.
e: file:///C:/Users/AuraF/Documents/ReGenesis_AOSP/app/src/main/java/dev/aurakai/auraframefx/domains/cascade/utils/casc
ade/trinity/TrinityCoordinatorService.kt:4:32 Unresolved reference 'models'.
e: file:///C:/Users/AuraF/Documents/ReGenesis_AOSP/app/src/main/java/dev/aurakai/auraframefx/domains/cascade/utils/casc
ade/trinity/TrinityCoordinatorService.kt:5:32 Unresolved reference 'models'.
e: file:///C:/Users/AuraF/Documents/ReGenesis_AOSP/app/src/main/java/dev/aurakai/auraframefx/domains/cascade/utils/casc
ade/trinity/TrinityCoordinatorService.kt:55:13 Unresolved reference 'i'.
e: file:///C:/Users/AuraF/Documents/ReGenesis_AOSP/app/src/main/java/dev/aurakai/auraframefx/domains/cascade/utils/casc
ade/trinity/TrinityCoordinatorService.kt:65:17 Unresolved reference 'i'.
e: file:///C:/Users/AuraF/Documents/ReGenesis_AOSP/app/src/main/java/dev/aurakai/auraframefx/domains/cascade/utils/casc
ade/trinity/TrinityCoordinatorService.kt:98:33 Unresolved reference 'AiRequest'.
e: file:///C:/Users/AuraF/Documents/ReGenesis_AOSP/app/src/main/java/dev/aurakai/auraframefx/domains/cascade/utils/casc
ade/trinity/TrinityCoordinatorService.kt:98:50 Unresolved reference 'AgentResponse'.
e: file:///C:/Users/AuraF/Documents/ReGenesis_AOSP/app/src/main/java/dev/aurakai/auraframefx/domains/cascade/utils/casc
ade/trinity/TrinityCoordinatorService.kt:101:17 Unresolved reference 'AgentResponse'.
e: file:///C:/Users/AuraF/Documents/ReGenesis_AOSP/app/src/main/java/dev/aurakai/auraframefx/domains/cascade/utils/casc
ade/trinity/TrinityCoordinatorService.kt:104:53 Unresolved reference 'models'.
e: file:///C:/Users/AuraF/Documents/ReGenesis_AOSP/app/src/main/java/dev/aurakai/auraframefx/domains/cascade/utils/casc
ade/trinity/TrinityCoordinatorService.kt:139:25 Unresolved reference 'AiRequest'.
e: file:///C:/Users/AuraF/Documents/ReGenesis_AOSP/app/src/main/java/dev/aurakai/auraframefx/domains/cascade/utils/casc
ade/trinity/TrinityCoordinatorService.kt:140:45 Unresolved reference 'query'.
e: file:///C:/Users/AuraF/Documents/ReGenesis_AOSP/app/src/main/java/dev/aurakai/auraframefx/domains/cascade/utils/casc
ade/trinity/TrinityCoordinatorService.kt:141:36 Unresolved reference 'AiRequestType'.
e: file:///C:/Users/AuraF/Documents/ReGenesis_AOSP/app/src/main/java/dev/aurakai/auraframefx/domains/cascade/utils/casc
ade/trinity/TrinityCoordinatorService.kt:143:58 Unresolved reference 'context'.
e: file:///C:/Users/AuraF/Documents/ReGenesis_AOSP/app/src/main/java/dev/aurakai/auraframefx/domains/cascade/utils/casc
ade/trinity/TrinityCoordinatorService.kt:145:31 Unresolved reference 'toKotlinJsonObject'.
e: file:///C:/Users/AuraF/Documents/ReGenesis_AOSP/app/src/main/java/dev/aurakai/auraframefx/domains/cascade/utils/casc
ade/trinity/TrinityCoordinatorService.kt:172:33 Unresolved reference 'AiRequest'.
e: file:///C:/Users/AuraF/Documents/ReGenesis_AOSP/app/src/main/java/dev/aurakai/auraframefx/domains/cascade/utils/casc
ade/trinity/TrinityCoordinatorService.kt:174:44 Unresolved reference 'AiRequestType'.
e: file:///C:/Users/AuraF/Documents/ReGenesis_AOSP/app/src/main/java/dev/aurakai/auraframefx/domains/cascade/utils/casc
ade/trinity/TrinityCoordinatorService.kt:176:66 Unresolved reference 'context'.
e: file:///C:/Users/AuraF/Documents/ReGenesis_AOSP/app/src/main/java/dev/aurakai/auraframefx/domains/cascade/utils/casc
ade/trinity/TrinityCoordinatorService.kt:178:39 Unresolved reference 'toKotlinJsonObject'.
e: file:///C:/Users/AuraF/Documents/ReGenesis_AOSP/app/src/main/java/dev/aurakai/auraframefx/domains/cascade/utils/casc
ade/trinity/TrinityCoordinatorService.kt:184:37 Unresolved reference 'AgentResponse'.
e: file:///C:/Users/AuraF/Documents/ReGenesis_AOSP/app/src/main/java/dev/aurakai/auraframefx/domains/cascade/utils/casc
ade/trinity/TrinityCoordinatorService.kt:188:73 Unresolved reference 'models'.
e: file:///C:/Users/AuraF/Documents/ReGenesis_AOSP/app/src/main/java/dev/aurakai/auraframefx/domains/cascade/utils/casc
ade/trinity/TrinityCoordinatorService.kt:194:33 Unresolved reference 'AgentResponse'.
e: file:///C:/Users/AuraF/Documents/ReGenesis_AOSP/app/src/main/java/dev/aurakai/auraframefx/domains/cascade/utils/casc
ade/trinity/TrinityCoordinatorService.kt:197:69 Unresolved reference 'models'.
e: file:///C:/Users/AuraF/Documents/ReGenesis_AOSP/app/src/main/java/dev/aurakai/auraframefx/domains/cascade/utils/casc
ade/trinity/TrinityCoordinatorService.kt:211:17 Unresolved reference 'AgentResponse'.
e: file:///C:/Users/AuraF/Documents/ReGenesis_AOSP/app/src/main/java/dev/aurakai/auraframefx/domains/cascade/utils/casc
ade/trinity/TrinityCoordinatorService.kt:214:53 Unresolved reference 'models'.
e: file:///C:/Users/AuraF/Documents/ReGenesis_AOSP/app/src/main/java/dev/aurakai/auraframefx/domains/cascade/utils/casc
ade/trinity/TrinityCoordinatorService.kt:227:13 Unresolved reference 'AgentResponse'.
e: file:///C:/Users/AuraF/Documents/ReGenesis_AOSP/app/src/main/java/dev/aurakai/auraframefx/domains/cascade/utils/casc
ade/trinity/TrinityCoordinatorService.kt:227:30 Cannot infer type for type parameter 'T'. Specify it explicitly.
e: file:///C:/Users/AuraF/Documents/ReGenesis_AOSP/app/src/main/java/dev/aurakai/auraframefx/domains/cascade/utils/casc
ade/trinity/TrinityCoordinatorService.kt:228:9 Unresolved reference 'i'.
e: file:///C:/Users/AuraF/Documents/ReGenesis_AOSP/app/src/main/java/dev/aurakai/auraframefx/domains/cascade/utils/casc
ade/trinity/TrinityCoordinatorService.kt:234:17 Unresolved reference 'AgentResponse'.
e: file:///C:/Users/AuraF/Documents/ReGenesis_AOSP/app/src/main/java/dev/aurakai/auraframefx/domains/cascade/utils/casc
ade/trinity/TrinityCoordinatorService.kt:238:53 Unresolved reference 'models'.
e: file:///C:/Users/AuraF/Documents/ReGenesis_AOSP/app/src/main/java/dev/aurakai/auraframefx/domains/cascade/utils/casc
ade/trinity/TrinityCoordinatorService.kt:243:17 Unresolved reference 'AgentResponse'.
e: file:///C:/Users/AuraF/Documents/ReGenesis_AOSP/app/src/main/java/dev/aurakai/auraframefx/domains/cascade/utils/casc
ade/trinity/TrinityCoordinatorService.kt:246:53 Unresolved reference 'models'.
e: file:///C:/Users/AuraF/Documents/ReGenesis_AOSP/app/src/main/java/dev/aurakai/auraframefx/domains/cascade/utils/casc
ade/trinity/TrinityCoordinatorService.kt:283:18 Unresolved reference 'AiRequest'.
e: file:///C:/Users/AuraF/Documents/ReGenesis_AOSP/app/src/main/java/dev/aurakai/auraframefx/domains/cascade/utils/casc
ade/trinity/TrinityCoordinatorService.kt:286:31 Unresolved reference 'query'.
e: file:///C:/Users/AuraF/Documents/ReGenesis_AOSP/app/src/main/java/dev/aurakai/auraframefx/domains/cascade/utils/casc
ade/trinity/TrinityCoordinatorService.kt:349:9 Unresolved reference 'i'.
e: file:///C:/Users/AuraF/Documents/ReGenesis_AOSP/app/src/main/java/dev/aurakai/auraframefx/domains/cascade/utils/casc
ade/trinity/TrinityRepository.kt:5:32 Unresolved reference 'models'.
e: file:///C:/Users/AuraF/Documents/ReGenesis_AOSP/app/src/main/java/dev/aurakai/auraframefx/domains/cascade/utils/casc
ade/trinity/TrinityRepository.kt:6:32 Unresolved reference 'models'.
e: file:///C:/Users/AuraF/Documents/ReGenesis_AOSP/app/src/main/java/dev/aurakai/auraframefx/domains/cascade/utils/casc
ade/trinity/TrinityRepository.kt:7:32 Unresolved reference 'models'.
e: file:///C:/Users/AuraF/Documents/ReGenesis_AOSP/app/src/main/java/dev/aurakai/auraframefx/domains/cascade/utils/casc
ade/trinity/TrinityRepository.kt:8:32 Unresolved reference 'models'.
e: file:///C:/Users/AuraF/Documents/ReGenesis_AOSP/app/src/main/java/dev/aurakai/auraframefx/domains/cascade/utils/casc
ade/trinity/TrinityRepository.kt:9:32 Unresolved reference 'models'.
e: file:///C:/Users/AuraF/Documents/ReGenesis_AOSP/app/src/main/java/dev/aurakai/auraframefx/domains/cascade/utils/casc
ade/trinity/TrinityRepository.kt:10:32 Unresolved reference 'models'.
e: file:///C:/Users/AuraF/Documents/ReGenesis_AOSP/app/src/main/java/dev/aurakai/auraframefx/domains/cascade/utils/casc
ade/trinity/TrinityRepository.kt:11:32 Unresolved reference 'models'.
e: file:///C:/Users/AuraF/Documents/ReGenesis_AOSP/app/src/main/java/dev/aurakai/auraframefx/domains/cascade/utils/casc
ade/trinity/TrinityRepository.kt:12:32 Unresolved reference 'models'.
e: file:///C:/Users/AuraF/Documents/ReGenesis_AOSP/app/src/main/java/dev/aurakai/auraframefx/domains/cascade/utils/casc
ade/trinity/TrinityRepository.kt:13:32 Unresolved reference 'models'.
e: file:///C:/Users/AuraF/Documents/ReGenesis_AOSP/app/src/main/java/dev/aurakai/auraframefx/domains/cascade/utils/casc
ade/trinity/TrinityRepository.kt:14:32 Unresolved reference 'models'.
e: file:///C:/Users/AuraF/Documents/ReGenesis_AOSP/app/src/main/java/dev/aurakai/auraframefx/domains/cascade/utils/casc
ade/trinity/TrinityRepository.kt:16:32 Unresolved reference 'network'.
e: file:///C:/Users/AuraF/Documents/ReGenesis_AOSP/app/src/main/java/dev/aurakai/auraframefx/domains/cascade/utils/casc
ade/trinity/TrinityRepository.kt:17:32 Unresolved reference 'models'.
e: file:///C:/Users/AuraF/Documents/ReGenesis_AOSP/app/src/main/java/dev/aurakai/auraframefx/domains/cascade/utils/casc
ade/trinity/TrinityRepository.kt:30:32 Unresolved reference 'network'.
e: file:///C:/Users/AuraF/Documents/ReGenesis_AOSP/app/src/main/java/dev/aurakai/auraframefx/domains/cascade/utils/casc
ade/trinity/TrinityRepository.kt:31:32 Unresolved reference 'network'.
e: file:///C:/Users/AuraF/Documents/ReGenesis_AOSP/app/src/main/java/dev/aurakai/auraframefx/domains/cascade/utils/casc
ade/trinity/TrinityRepository.kt:49:37 Unresolved reference 'models'.
e: file:///C:/Users/AuraF/Documents/ReGenesis_AOSP/app/src/main/java/dev/aurakai/auraframefx/domains/cascade/utils/casc
ade/trinity/TrinityRepository.kt:59:31 Cannot infer type for type parameter 'T'. Specify it explicitly.
e: file:///C:/Users/AuraF/Documents/ReGenesis_AOSP/app/src/main/java/dev/aurakai/auraframefx/domains/cascade/utils/casc
ade/trinity/TrinityRepository.kt:59:48 Unresolved reference 'AgentState'.
e: file:///C:/Users/AuraF/Documents/ReGenesis_AOSP/app/src/main/java/dev/aurakai/auraframefx/domains/cascade/utils/casc
ade/trinity/TrinityRepository.kt:60:31 Unresolved reference 'AgentState'.
e: file:///C:/Users/AuraF/Documents/ReGenesis_AOSP/app/src/main/java/dev/aurakai/auraframefx/domains/cascade/utils/casc
ade/trinity/TrinityRepository.kt:60:57 Cannot infer type for type parameter 'T'. Specify it explicitly.
e: file:///C:/Users/AuraF/Documents/ReGenesis_AOSP/app/src/main/java/dev/aurakai/auraframefx/domains/cascade/utils/casc
ade/trinity/TrinityRepository.kt:63:31 Inapplicable candidate(s): fun <T> MutableSharedFlow(replay: Int = ..., 
extraBufferCapacity: Int = ..., onBufferOverflow: BufferOverflow = ...): MutableSharedFlow<T>
e: file:///C:/Users/AuraF/Documents/ReGenesis_AOSP/app/src/main/java/dev/aurakai/auraframefx/domains/cascade/utils/casc
ade/trinity/TrinityRepository.kt:63:49 Unresolved reference 'ChatMessage'.
e: file:///C:/Users/AuraF/Documents/ReGenesis_AOSP/app/src/main/java/dev/aurakai/auraframefx/domains/cascade/utils/casc
ade/trinity/TrinityRepository.kt:68:32 Unresolved reference 'ChatMessage'.
e: file:///C:/Users/AuraF/Documents/ReGenesis_AOSP/app/src/main/java/dev/aurakai/auraframefx/domains/cascade/utils/casc
ade/trinity/TrinityRepository.kt:68:59 Cannot infer type for type parameter 'T'. Specify it explicitly.
e: file:///C:/Users/AuraF/Documents/ReGenesis_AOSP/app/src/main/java/dev/aurakai/auraframefx/domains/cascade/utils/casc
ade/trinity/TrinityRepository.kt:73:39 Unresolved reference 'ChatMessage'.
e: file:///C:/Users/AuraF/Documents/ReGenesis_AOSP/app/src/main/java/dev/aurakai/auraframefx/domains/cascade/utils/casc
ade/trinity/TrinityRepository.kt:75:32 Unresolved reference 'sender'.
e: file:///C:/Users/AuraF/Documents/ReGenesis_AOSP/app/src/main/java/dev/aurakai/auraframefx/domains/cascade/utils/casc
ade/trinity/TrinityRepository.kt:75:46 Unresolved reference 'content'.
e: file:///C:/Users/AuraF/Documents/ReGenesis_AOSP/app/src/main/java/dev/aurakai/auraframefx/domains/cascade/utils/casc
ade/trinity/TrinityRepository.kt:81:21 Cannot infer type for type parameter 'T'. Specify it explicitly.
e: file:///C:/Users/AuraF/Documents/ReGenesis_AOSP/app/src/main/java/dev/aurakai/auraframefx/domains/cascade/utils/casc
ade/trinity/TrinityRepository.kt:81:28 Cannot infer type for type parameter 'T'. Specify it explicitly.
e: file:///C:/Users/AuraF/Documents/ReGenesis_AOSP/app/src/main/java/dev/aurakai/auraframefx/domains/cascade/utils/casc
ade/trinity/TrinityRepository.kt:81:33 Unresolved reference 'copy'.
e: file:///C:/Users/AuraF/Documents/ReGenesis_AOSP/app/src/main/java/dev/aurakai/auraframefx/domains/cascade/utils/casc
ade/trinity/TrinityRepository.kt:93:21 Cannot infer type for type parameter 'T'. Specify it explicitly.
e: file:///C:/Users/AuraF/Documents/ReGenesis_AOSP/app/src/main/java/dev/aurakai/auraframefx/domains/cascade/utils/casc
ade/trinity/TrinityRepository.kt:93:30 Cannot infer type for type parameter 'T'. Specify it explicitly.
e: file:///C:/Users/AuraF/Documents/ReGenesis_AOSP/app/src/main/java/dev/aurakai/auraframefx/domains/cascade/utils/casc
ade/trinity/TrinityRepository.kt:94:26 Unresolved reference 'copy'.
e: file:///C:/Users/AuraF/Documents/ReGenesis_AOSP/app/src/main/java/dev/aurakai/auraframefx/domains/cascade/utils/casc
ade/trinity/TrinityRepository.kt:95:49 Unresolved reference 'kaiStatus'.
e: file:///C:/Users/AuraF/Documents/ReGenesis_AOSP/app/src/main/java/dev/aurakai/auraframefx/domains/cascade/utils/casc
ade/trinity/TrinityRepository.kt:96:51 Unresolved reference 'auraStatus'.
e: file:///C:/Users/AuraF/Documents/ReGenesis_AOSP/app/src/main/java/dev/aurakai/auraframefx/domains/cascade/utils/casc
ade/trinity/TrinityRepository.kt:97:57 Unresolved reference 'genesisStatus'.
e: file:///C:/Users/AuraF/Documents/ReGenesis_AOSP/app/src/main/java/dev/aurakai/auraframefx/domains/cascade/utils/casc
ade/trinity/TrinityRepository.kt:98:53 Unresolved reference 'isRunning'.
e: file:///C:/Users/AuraF/Documents/ReGenesis_AOSP/app/src/main/java/dev/aurakai/auraframefx/domains/cascade/utils/casc
ade/trinity/TrinityRepository.kt:106:66 Unresolved reference 'AgentType'.
e: file:///C:/Users/AuraF/Documents/ReGenesis_AOSP/app/src/main/java/dev/aurakai/auraframefx/domains/cascade/utils/casc
ade/trinity/TrinityRepository.kt:109:22 Unresolved reference 'ChatMessage'.
e: file:///C:/Users/AuraF/Documents/ReGenesis_AOSP/app/src/main/java/dev/aurakai/auraframefx/domains/cascade/utils/casc
ade/trinity/TrinityRepository.kt:114:21 Unresolved reference 'AgentType'.
e: file:///C:/Users/AuraF/Documents/ReGenesis_AOSP/app/src/main/java/dev/aurakai/auraframefx/domains/cascade/utils/casc
ade/trinity/TrinityRepository.kt:115:43 Unresolved reference 'EnhancedInteractionData'.
e: file:///C:/Users/AuraF/Documents/ReGenesis_AOSP/app/src/main/java/dev/aurakai/auraframefx/domains/cascade/utils/casc
ade/trinity/TrinityRepository.kt:122:21 Unresolved reference 'AgentType'.
e: file:///C:/Users/AuraF/Documents/ReGenesis_AOSP/app/src/main/java/dev/aurakai/auraframefx/domains/cascade/utils/casc
ade/trinity/TrinityRepository.kt:123:43 Unresolved reference 'EnhancedInteractionData'.
e: file:///C:/Users/AuraF/Documents/ReGenesis_AOSP/app/src/main/java/dev/aurakai/auraframefx/domains/cascade/utils/casc
ade/trinity/TrinityRepository.kt:130:21 Unresolved reference 'AgentType'.
e: file:///C:/Users/AuraF/Documents/ReGenesis_AOSP/app/src/main/java/dev/aurakai/auraframefx/domains/cascade/utils/casc
ade/trinity/TrinityRepository.kt:131:39 Unresolved reference 'AiRequest'.
e: file:///C:/Users/AuraF/Documents/ReGenesis_AOSP/app/src/main/java/dev/aurakai/auraframefx/domains/cascade/utils/casc
ade/trinity/TrinityRepository.kt:133:36 Unresolved reference 'AiRequestType'.
e: file:///C:/Users/AuraF/Documents/ReGenesis_AOSP/app/src/main/java/dev/aurakai/auraframefx/domains/cascade/utils/casc
ade/trinity/TrinityRepository.kt:139:50 Unresolved reference 'name'.
e: file:///C:/Users/AuraF/Documents/ReGenesis_AOSP/app/src/main/java/dev/aurakai/auraframefx/domains/cascade/utils/casc
ade/trinity/TrinityRepository.kt:146:41 Unresolved reference 'name'.
e: file:///C:/Users/AuraF/Documents/ReGenesis_AOSP/app/src/main/java/dev/aurakai/auraframefx/domains/cascade/utils/casc
ade/trinity/TrinityRepository.kt:147:22 Unresolved reference 'ChatMessage'.
e: file:///C:/Users/AuraF/Documents/ReGenesis_AOSP/app/src/main/java/dev/aurakai/auraframefx/domains/cascade/utils/casc
ade/trinity/TrinityRepository.kt:151:28 Cannot infer type for type parameter 'T'. Specify it explicitly.
e: file:///C:/Users/AuraF/Documents/ReGenesis_AOSP/app/src/main/java/dev/aurakai/auraframefx/domains/cascade/utils/casc
ade/trinity/TrinityRepository.kt:154:18 Cannot infer type for type parameter 'T'. Specify it explicitly.
e: file:///C:/Users/AuraF/Documents/ReGenesis_AOSP/app/src/main/java/dev/aurakai/auraframefx/domains/cascade/utils/casc
ade/trinity/TrinityRepository.kt:156:18 Cannot infer type for type parameter 'T'. Specify it explicitly.
e: file:///C:/Users/AuraF/Documents/ReGenesis_AOSP/app/src/main/java/dev/aurakai/auraframefx/domains/cascade/utils/casc
ade/trinity/TrinityRepository.kt:166:45 Cannot infer type for type parameter 'T'. Specify it explicitly.
e: file:///C:/Users/AuraF/Documents/ReGenesis_AOSP/app/src/main/java/dev/aurakai/auraframefx/domains/cascade/utils/casc
ade/trinity/TrinityRepository.kt:169:18 Cannot infer type for type parameter 'T'. Specify it explicitly.
e: file:///C:/Users/AuraF/Documents/ReGenesis_AOSP/app/src/main/java/dev/aurakai/auraframefx/domains/cascade/utils/casc
ade/trinity/TrinityRepository.kt:171:18 Cannot infer type for type parameter 'T'. Specify it explicitly.
e: file:///C:/Users/AuraF/Documents/ReGenesis_AOSP/app/src/main/java/dev/aurakai/auraframefx/domains/cascade/utils/casc
ade/trinity/TrinityRepository.kt:175:55 Unresolved reference 'AgentStatusResponse'.
e: file:///C:/Users/AuraF/Documents/ReGenesis_AOSP/app/src/main/java/dev/aurakai/auraframefx/domains/cascade/utils/casc
ade/trinity/TrinityRepository.kt:175:77 Unresolved reference 'AgentStatus'.
e: file:///C:/Users/AuraF/Documents/ReGenesis_AOSP/app/src/main/java/dev/aurakai/auraframefx/domains/cascade/utils/casc
ade/trinity/TrinityRepository.kt:176:16 Unresolved reference 'AgentStatus'.
e: file:///C:/Users/AuraF/Documents/ReGenesis_AOSP/app/src/main/java/dev/aurakai/auraframefx/domains/cascade/utils/casc
ade/trinity/TrinityRepository.kt:177:37 Unresolved reference 'agentName'.
e: file:///C:/Users/AuraF/Documents/ReGenesis_AOSP/app/src/main/java/dev/aurakai/auraframefx/domains/cascade/utils/casc
ade/trinity/TrinityRepository.kt:178:41 Unresolved reference 'confidence'.
e: file:///C:/Users/AuraF/Documents/ReGenesis_AOSP/app/src/main/java/dev/aurakai/auraframefx/domains/cascade/utils/casc
ade/trinity/TrinityRepository.kt:180:15 Unresolved reference 'AgentStatus'.
e: file:///C:/Users/AuraF/Documents/ReGenesis_AOSP/app/src/main/java/dev/aurakai/auraframefx/domains/cascade/utils/casc
ade/trinity/TrinityRepository.kt:180:46 Unresolved reference 'AgentStatus'.
e: file:///C:/Users/AuraF/Documents/ReGenesis_AOSP/app/src/main/java/dev/aurakai/auraframefx/domains/cascade/utils/casc
ade/trinity/TrinityRepository.kt:181:49 Unresolved reference 'timestamp'.
e: file:///C:/Users/AuraF/Documents/ReGenesis_AOSP/app/src/main/java/dev/aurakai/auraframefx/domains/cascade/utils/casc
ade/trinity/TrinityRepository.kt:182:41 Unresolved reference 'error'.
e: file:///C:/Users/AuraF/Documents/ReGenesis_AOSP/app/src/main/java/dev/aurakai/auraframefx/domains/cascade/utils/casc
ade/trinity/TrinityRepository.kt:183:28 Cannot infer type for type parameter 'T'. Specify it explicitly.
e: file:///C:/Users/AuraF/Documents/ReGenesis_AOSP/app/src/main/java/dev/aurakai/auraframefx/domains/cascade/utils/casc
ade/trinity/TrinityRepository.kt:184:35 Unresolved reference 'error'.
e: file:///C:/Users/AuraF/Documents/ReGenesis_AOSP/app/src/main/java/dev/aurakai/auraframefx/domains/cascade/utils/casc
ade/trinity/TrinityRepository.kt:185:38 Unresolved reference 'metadata'.
e: file:///C:/Users/AuraF/Documents/ReGenesis_AOSP/app/src/main/java/dev/aurakai/auraframefx/domains/cascade/utils/casc
ade/trinity/TrinityRepository.kt:185:48 Cannot infer type for type parameter 'K'. Specify it explicitly.
e: file:///C:/Users/AuraF/Documents/ReGenesis_AOSP/app/src/main/java/dev/aurakai/auraframefx/domains/cascade/utils/casc
ade/trinity/TrinityRepository.kt:185:60 The type of a receiver hasn't been inferred yet. Specify type argument for 
generic parameter 'V' of 'mapValues' explicitly.
e: file:///C:/Users/AuraF/Documents/ReGenesis_AOSP/app/src/main/java/dev/aurakai/auraframefx/domains/cascade/utils/casc
ade/trinity/TrinityRepository.kt:185:85 Cannot infer type for type parameter 'K'. Specify it explicitly.
e: file:///C:/Users/AuraF/Documents/ReGenesis_AOSP/app/src/main/java/dev/aurakai/auraframefx/domains/cascade/utils/casc
ade/trinity/TrinityRepository.kt:185:85 Cannot infer type for type parameter 'V'. Specify it explicitly.
e: file:///C:/Users/AuraF/Documents/ReGenesis_AOSP/app/src/main/java/dev/aurakai/auraframefx/domains/cascade/utils/casc
ade/trinity/TrinityRepository.kt:189:57 Unresolved reference 'AgentRequest'.
e: file:///C:/Users/AuraF/Documents/ReGenesis_AOSP/app/src/main/java/dev/aurakai/auraframefx/domains/cascade/utils/casc
ade/trinity/TrinityRepository.kt:190:21 Unresolved reference 'AgentResponse'.
e: file:///C:/Users/AuraF/Documents/ReGenesis_AOSP/app/src/main/java/dev/aurakai/auraframefx/domains/cascade/utils/casc
ade/trinity/TrinityRepository.kt:195:22 Cannot infer type for type parameter 'T'. Specify it explicitly.
e: file:///C:/Users/AuraF/Documents/ReGenesis_AOSP/app/src/main/java/dev/aurakai/auraframefx/domains/cascade/utils/casc
ade/trinity/TrinityRepository.kt:195:22 Argument type mismatch: actual type is 'Result<uninferred T (of fun <T> 
failure)>', but 'Result<ERROR CLASS: Symbol not found for AgentResponse>' was expected.
e: file:///C:/Users/AuraF/Documents/ReGenesis_AOSP/app/src/main/java/dev/aurakai/auraframefx/domains/cascade/utils/casc
ade/trinity/TrinityRepository.kt:200:40 Unresolved reference 'Theme'.
e: file:///C:/Users/AuraF/Documents/ReGenesis_AOSP/app/src/main/java/dev/aurakai/auraframefx/domains/cascade/utils/casc
ade/trinity/TrinityRepository.kt:203:18 Cannot infer type for type parameter 'T'. Specify it explicitly.
e: file:///C:/Users/AuraF/Documents/ReGenesis_AOSP/app/src/main/java/dev/aurakai/auraframefx/domains/cascade/utils/casc
ade/trinity/TrinityRepository.kt:203:18 Argument type mismatch: actual type is 'Result<uninferred T (of fun <T> 
success)>', but 'Result<List<ERROR CLASS: Symbol not found for Theme>>' was expected.
e: file:///C:/Users/AuraF/Documents/ReGenesis_AOSP/app/src/main/java/dev/aurakai/auraframefx/domains/cascade/utils/casc
ade/trinity/TrinityRepository.kt:203:35 Cannot infer type for type parameter 'R'. Specify it explicitly.
e: file:///C:/Users/AuraF/Documents/ReGenesis_AOSP/app/src/main/java/dev/aurakai/auraframefx/domains/cascade/utils/casc
ade/trinity/TrinityRepository.kt:209:51 Unresolved reference 'Theme'.
e: file:///C:/Users/AuraF/Documents/ReGenesis_AOSP/app/src/main/java/dev/aurakai/auraframefx/domains/cascade/utils/casc
ade/trinity/TrinityRepository.kt:212:18 Cannot infer type for type parameter 'T'. Specify it explicitly.
e: file:///C:/Users/AuraF/Documents/ReGenesis_AOSP/app/src/main/java/dev/aurakai/auraframefx/domains/cascade/utils/casc
ade/trinity/TrinityRepository.kt:212:18 Argument type mismatch: actual type is 'Result<uninferred T (of fun <T> 
success)>', but 'Result<ERROR CLASS: Symbol not found for Theme>' was expected.
e: file:///C:/Users/AuraF/Documents/ReGenesis_AOSP/app/src/main/java/dev/aurakai/auraframefx/domains/cascade/utils/casc
ade/trinity/TrinityRepository.kt:214:18 Cannot infer type for type parameter 'T'. Specify it explicitly.
e: file:///C:/Users/AuraF/Documents/ReGenesis_AOSP/app/src/main/java/dev/aurakai/auraframefx/domains/cascade/utils/casc
ade/trinity/TrinityRepository.kt:214:18 Argument type mismatch: actual type is 'Result<uninferred T (of fun <T> 
failure)>', but 'Result<ERROR CLASS: Symbol not found for Theme>' was expected.
e: file:///C:/Users/AuraF/Documents/ReGenesis_AOSP/app/src/main/java/dev/aurakai/auraframefx/domains/cascade/utils/casc
ade/trinity/TrinityRepository.kt:219:44 Unresolved reference 'NetworkUser'.
e: file:///C:/Users/AuraF/Documents/ReGenesis_AOSP/app/src/main/java/dev/aurakai/auraframefx/domains/cascade/utils/casc
ade/trinity/TrinityRepository.kt:219:58 Unresolved reference 'UserData'.
e: file:///C:/Users/AuraF/Documents/ReGenesis_AOSP/app/src/main/java/dev/aurakai/auraframefx/domains/cascade/utils/casc
ade/trinity/TrinityRepository.kt:220:16 Unresolved reference 'UserData'.
e: file:///C:/Users/AuraF/Documents/ReGenesis_AOSP/app/src/main/java/dev/aurakai/auraframefx/domains/cascade/utils/casc
ade/trinity/TrinityRepository.kt:221:30 Unresolved reference 'id'.
e: file:///C:/Users/AuraF/Documents/ReGenesis_AOSP/app/src/main/java/dev/aurakai/auraframefx/domains/cascade/utils/casc
ade/trinity/TrinityRepository.kt:221:53 Unresolved reference 'username'.
e: file:///C:/Users/AuraF/Documents/ReGenesis_AOSP/app/src/main/java/dev/aurakai/auraframefx/domains/cascade/utils/casc
ade/trinity/TrinityRepository.kt:221:83 Unresolved reference 'email'.
e: file:///C:/Users/AuraF/Documents/ReGenesis_AOSP/app/src/main/java/dev/aurakai/auraframefx/domains/cascade/utils/casc
ade/trinity/TrinityRepository.kt:226:48 Unresolved reference 'NetworkTheme'.
e: file:///C:/Users/AuraF/Documents/ReGenesis_AOSP/app/src/main/java/dev/aurakai/auraframefx/domains/cascade/utils/casc
ade/trinity/TrinityRepository.kt:226:63 Unresolved reference 'Theme'.
e: file:///C:/Users/AuraF/Documents/ReGenesis_AOSP/app/src/main/java/dev/aurakai/auraframefx/domains/cascade/utils/casc
ade/trinity/TrinityRepository.kt:227:35 Unresolved reference 'colors'.
e: file:///C:/Users/AuraF/Documents/ReGenesis_AOSP/app/src/main/java/dev/aurakai/auraframefx/domains/cascade/utils/casc
ade/trinity/TrinityRepository.kt:228:16 Unresolved reference 'Theme'.
e: file:///C:/Users/AuraF/Documents/ReGenesis_AOSP/app/src/main/java/dev/aurakai/auraframefx/domains/cascade/utils/casc
ade/trinity/TrinityRepository.kt:229:31 Unresolved reference 'id'.
e: file:///C:/Users/AuraF/Documents/ReGenesis_AOSP/app/src/main/java/dev/aurakai/auraframefx/domains/cascade/utils/casc
ade/trinity/TrinityRepository.kt:230:33 Unresolved reference 'name'.
e: file:///C:/Users/AuraF/Documents/ReGenesis_AOSP/app/src/main/java/dev/aurakai/auraframefx/domains/cascade/utils/casc
ade/trinity/TrinityRepository.kt:231:59 Cannot infer type for type parameter 'T'. Specify it explicitly.
e: file:///C:/Users/AuraF/Documents/ReGenesis_AOSP/app/src/main/java/dev/aurakai/auraframefx/domains/cascade/utils/casc
ade/trinity/TrinityRepository.kt:231:59 Cannot infer type for type parameter 'R'. Specify it explicitly.
e: file:///C:/Users/AuraF/Documents/ReGenesis_AOSP/app/src/main/java/dev/aurakai/auraframefx/domains/cascade/utils/casc
ade/trinity/TrinityRepository.kt:231:59 Unresolved reference. None of the following candidates is applicable because 
of a receiver type mismatch:
e: file:///C:/Users/AuraF/Documents/ReGenesis_AOSP/app/src/main/java/dev/aurakai/auraframefx/domains/cascade/utils/casc
ade/trinity/TrinityRepository.kt:231:63 Cannot infer type for type parameter 'T'. Specify it explicitly.
e: file:///C:/Users/AuraF/Documents/ReGenesis_AOSP/app/src/main/java/dev/aurakai/auraframefx/domains/cascade/utils/casc
ade/trinity/TrinityRepository.kt:231:77 Inapplicable candidate(s): fun <K> ELVIS_CALL(x: K?, y: K): K
e: file:///C:/Users/AuraF/Documents/ReGenesis_AOSP/app/src/main/java/dev/aurakai/auraframefx/domains/cascade/utils/casc
ade/trinity/TrinityRepository.kt:232:63 Cannot infer type for type parameter 'T'. Specify it explicitly.
e: file:///C:/Users/AuraF/Documents/ReGenesis_AOSP/app/src/main/java/dev/aurakai/auraframefx/domains/cascade/utils/casc
ade/trinity/TrinityRepository.kt:232:63 Cannot infer type for type parameter 'R'. Specify it explicitly.
e: file:///C:/Users/AuraF/Documents/ReGenesis_AOSP/app/src/main/java/dev/aurakai/auraframefx/domains/cascade/utils/casc
ade/trinity/TrinityRepository.kt:232:63 Unresolved reference. None of the following candidates is applicable because 
of a receiver type mismatch:
e: file:///C:/Users/AuraF/Documents/ReGenesis_AOSP/app/src/main/java/dev/aurakai/auraframefx/domains/cascade/utils/casc
ade/trinity/TrinityRepository.kt:232:67 Cannot infer type for type parameter 'T'. Specify it explicitly.
e: file:///C:/Users/AuraF/Documents/ReGenesis_AOSP/app/src/main/java/dev/aurakai/auraframefx/domains/cascade/utils/casc
ade/trinity/TrinityRepository.kt:232:81 Inapplicable candidate(s): fun <K> ELVIS_CALL(x: K?, y: K): K
e: file:///C:/Users/AuraF/Documents/ReGenesis_AOSP/app/src/main/java/dev/aurakai/auraframefx/domains/cascade/utils/casc
ade/trinity/TrinityRepository.kt:233:65 Cannot infer type for type parameter 'T'. Specify it explicitly.
e: file:///C:/Users/AuraF/Documents/ReGenesis_AOSP/app/src/main/java/dev/aurakai/auraframefx/domains/cascade/utils/casc
ade/trinity/TrinityRepository.kt:233:65 Cannot infer type for type parameter 'R'. Specify it explicitly.
e: file:///C:/Users/AuraF/Documents/ReGenesis_AOSP/app/src/main/java/dev/aurakai/auraframefx/domains/cascade/utils/casc
ade/trinity/TrinityRepository.kt:233:65 Unresolved reference. None of the following candidates is applicable because 
of a receiver type mismatch:
e: file:///C:/Users/AuraF/Documents/ReGenesis_AOSP/app/src/main/java/dev/aurakai/auraframefx/domains/cascade/utils/casc
ade/trinity/TrinityRepository.kt:233:69 Cannot infer type for type parameter 'T'. Specify it explicitly.
e: file:///C:/Users/AuraF/Documents/ReGenesis_AOSP/app/src/main/java/dev/aurakai/auraframefx/domains/cascade/utils/casc
ade/trinity/TrinityRepository.kt:233:83 Inapplicable candidate(s): fun <K> ELVIS_CALL(x: K?, y: K): K
e: file:///C:/Users/AuraF/Documents/ReGenesis_AOSP/app/src/main/java/dev/aurakai/auraframefx/domains/cascade/utils/casc
ade/trinity/TrinityRepository.kt:234:59 Cannot infer type for type parameter 'T'. Specify it explicitly.
e: file:///C:/Users/AuraF/Documents/ReGenesis_AOSP/app/src/main/java/dev/aurakai/auraframefx/domains/cascade/utils/casc
ade/trinity/TrinityRepository.kt:234:59 Cannot infer type for type parameter 'R'. Specify it explicitly.
e: file:///C:/Users/AuraF/Documents/ReGenesis_AOSP/app/src/main/java/dev/aurakai/auraframefx/domains/cascade/utils/casc
ade/trinity/TrinityRepository.kt:234:59 Unresolved reference. None of the following candidates is applicable because 
of a receiver type mismatch:
e: file:///C:/Users/AuraF/Documents/ReGenesis_AOSP/app/src/main/java/dev/aurakai/auraframefx/domains/cascade/utils/casc
ade/trinity/TrinityRepository.kt:234:63 Cannot infer type for type parameter 'T'. Specify it explicitly.
e: file:///C:/Users/AuraF/Documents/ReGenesis_AOSP/app/src/main/java/dev/aurakai/auraframefx/domains/cascade/utils/casc
ade/trinity/TrinityRepository.kt:234:77 Inapplicable candidate(s): fun <K> ELVIS_CALL(x: K?, y: K): K
e: file:///C:/Users/AuraF/Documents/ReGenesis_AOSP/app/src/main/java/dev/aurakai/auraframefx/domains/cascade/utils/casc
ade/trinity/TrinityRepository.kt:235:63 Cannot infer type for type parameter 'T'. Specify it explicitly.
e: file:///C:/Users/AuraF/Documents/ReGenesis_AOSP/app/src/main/java/dev/aurakai/auraframefx/domains/cascade/utils/casc
ade/trinity/TrinityRepository.kt:235:63 Cannot infer type for type parameter 'R'. Specify it explicitly.
e: file:///C:/Users/AuraF/Documents/ReGenesis_AOSP/app/src/main/java/dev/aurakai/auraframefx/domains/cascade/utils/casc
ade/trinity/TrinityRepository.kt:235:63 Unresolved reference. None of the following candidates is applicable because 
of a receiver type mismatch:
e: file:///C:/Users/AuraF/Documents/ReGenesis_AOSP/app/src/main/java/dev/aurakai/auraframefx/domains/cascade/utils/casc
ade/trinity/TrinityRepository.kt:235:67 Cannot infer type for type parameter 'T'. Specify it explicitly.
e: file:///C:/Users/AuraF/Documents/ReGenesis_AOSP/app/src/main/java/dev/aurakai/auraframefx/domains/cascade/utils/casc
ade/trinity/TrinityRepository.kt:235:81 Inapplicable candidate(s): fun <K> ELVIS_CALL(x: K?, y: K): K
e: file:///C:/Users/AuraF/Documents/ReGenesis_AOSP/app/src/main/java/dev/aurakai/auraframefx/domains/cascade/utils/casc
ade/trinity/TrinityRepository.kt:236:67 Cannot infer type for type parameter 'T'. Specify it explicitly.
e: file:///C:/Users/AuraF/Documents/ReGenesis_AOSP/app/src/main/java/dev/aurakai/auraframefx/domains/cascade/utils/casc
ade/trinity/TrinityRepository.kt:236:67 Cannot infer type for type parameter 'R'. Specify it explicitly.
e: file:///C:/Users/AuraF/Documents/ReGenesis_AOSP/app/src/main/java/dev/aurakai/auraframefx/domains/cascade/utils/casc
ade/trinity/TrinityRepository.kt:236:67 Unresolved reference. None of the following candidates is applicable because 
of a receiver type mismatch:
e: file:///C:/Users/AuraF/Documents/ReGenesis_AOSP/app/src/main/java/dev/aurakai/auraframefx/domains/cascade/utils/casc
ade/trinity/TrinityRepository.kt:236:71 Cannot infer type for type parameter 'T'. Specify it explicitly.
e: file:///C:/Users/AuraF/Documents/ReGenesis_AOSP/app/src/main/java/dev/aurakai/auraframefx/domains/cascade/utils/casc
ade/trinity/TrinityRepository.kt:236:85 Inapplicable candidate(s): fun <K> ELVIS_CALL(x: K?, y: K): K
e: file:///C:/Users/AuraF/Documents/ReGenesis_AOSP/app/src/main/java/dev/aurakai/auraframefx/domains/cascade/utils/casc
ade/trinity/TrinityRepository.kt:237:69 Cannot infer type for type parameter 'T'. Specify it explicitly.
e: file:///C:/Users/AuraF/Documents/ReGenesis_AOSP/app/src/main/java/dev/aurakai/auraframefx/domains/cascade/utils/casc
ade/trinity/TrinityRepository.kt:237:69 Cannot infer type for type parameter 'R'. Specify it explicitly.
e: file:///C:/Users/AuraF/Documents/ReGenesis_AOSP/app/src/main/java/dev/aurakai/auraframefx/domains/cascade/utils/casc
ade/trinity/TrinityRepository.kt:237:69 Unresolved reference. None of the following candidates is applicable because 
of a receiver type mismatch:
e: file:///C:/Users/AuraF/Documents/ReGenesis_AOSP/app/src/main/java/dev/aurakai/auraframefx/domains/cascade/utils/casc
ade/trinity/TrinityRepository.kt:237:73 Cannot infer type for type parameter 'T'. Specify it explicitly.
e: file:///C:/Users/AuraF/Documents/ReGenesis_AOSP/app/src/main/java/dev/aurakai/auraframefx/domains/cascade/utils/casc
ade/trinity/TrinityRepository.kt:238:17 Inapplicable candidate(s): fun <K> ELVIS_CALL(x: K?, y: K): K
e: file:///C:/Users/AuraF/Documents/ReGenesis_AOSP/app/src/main/java/dev/aurakai/auraframefx/domains/cascade/utils/casc
ade/trinity/TrinityRepository.kt:239:63 Cannot infer type for type parameter 'T'. Specify it explicitly.
e: file:///C:/Users/AuraF/Documents/ReGenesis_AOSP/app/src/main/java/dev/aurakai/auraframefx/domains/cascade/utils/casc
ade/trinity/TrinityRepository.kt:239:63 Cannot infer type for type parameter 'R'. Specify it explicitly.
e: file:///C:/Users/AuraF/Documents/ReGenesis_AOSP/app/src/main/java/dev/aurakai/auraframefx/domains/cascade/utils/casc
ade/trinity/TrinityRepository.kt:239:63 Unresolved reference. None of the following candidates is applicable because 
of a receiver type mismatch:
e: file:///C:/Users/AuraF/Documents/ReGenesis_AOSP/app/src/main/java/dev/aurakai/auraframefx/domains/cascade/utils/casc
ade/trinity/TrinityRepository.kt:239:67 Cannot infer type for type parameter 'T'. Specify it explicitly.
e: file:///C:/Users/AuraF/Documents/ReGenesis_AOSP/app/src/main/java/dev/aurakai/auraframefx/domains/cascade/utils/casc
ade/trinity/TrinityRepository.kt:239:81 Inapplicable candidate(s): fun <K> ELVIS_CALL(x: K?, y: K): K
e: file:///C:/Users/AuraF/Documents/ReGenesis_AOSP/app/src/main/java/dev/aurakai/auraframefx/domains/cascade/utils/casc
ade/trinity/TrinityRepository.kt:240:22 Operator '==' cannot be applied to 'MatchGroup?' and 'String'.
e: file:///C:/Users/AuraF/Documents/ReGenesis_AOSP/app/src/main/java/dev/aurakai/auraframefx/domains/cascade/utils/casc
ade/trinity/TrinityRepository.kt:240:35 Unresolved reference 'styles'.
e: file:///C:/Users/AuraF/Documents/ReGenesis_AOSP/app/src/main/java/dev/aurakai/auraframefx/domains/cascade/utils/casc
ade/trinity/TrinityScreen.kt:148:56 Argument type mismatch: actual type is 'String', but 'AgentStatus' was expected.
e: file:///C:/Users/AuraF/Documents/ReGenesis_AOSP/app/src/main/java/dev/aurakai/auraframefx/domains/cascade/utils/casc
ade/trinity/TrinityScreen.kt:164:41 Argument type mismatch: actual type is 
'dev.aurakai.auraframefx.domains.genesis.network.model.Theme', but 'dev.aurakai.auraframefx.domains.aura.models.Theme' 
was expected.
e: file:///C:/Users/AuraF/Documents/ReGenesis_AOSP/app/src/main/java/dev/aurakai/auraframefx/domains/cascade/utils/casc
ade/trinity/TrinityViewModel.kt:69:51 Cannot infer type for type parameter 'T'. Specify it explicitly.
e: file:///C:/Users/AuraF/Documents/ReGenesis_AOSP/app/src/main/java/dev/aurakai/auraframefx/domains/cascade/utils/casc
ade/trinity/TrinityViewModel.kt:70:24 Cannot infer type for type parameter 'T'. Specify it explicitly.
e: file:///C:/Users/AuraF/Documents/ReGenesis_AOSP/app/src/main/java/dev/aurakai/auraframefx/domains/cascade/utils/casc
ade/trinity/TrinityViewModel.kt:70:36 Cannot infer type for type parameter 'T'. Specify it explicitly.
e: file:///C:/Users/AuraF/Documents/ReGenesis_AOSP/app/src/main/java/dev/aurakai/auraframefx/domains/cascade/utils/casc
ade/trinity/TrinityViewModel.kt:72:19 Cannot infer type for type parameter 'T'. Specify it explicitly.
e: file:///C:/Users/AuraF/Documents/ReGenesis_AOSP/app/src/main/java/dev/aurakai/auraframefx/domains/cascade/utils/casc
ade/trinity/TrinityViewModel.kt:91:60 Cannot infer type for type parameter 'T'. Specify it explicitly.
e: file:///C:/Users/AuraF/Documents/ReGenesis_AOSP/app/src/main/java/dev/aurakai/auraframefx/domains/cascade/utils/casc
ade/trinity/TrinityViewModel.kt:95:45 Argument type mismatch: actual type is 'AgentStatus', but 'String' was expected.
e: file:///C:/Users/AuraF/Documents/ReGenesis_AOSP/app/src/main/java/dev/aurakai/auraframefx/domains/cascade/utils/casc
ade/trinity/TrinityViewModel.kt:106:24 Cannot infer type for type parameter 'T'. Specify it explicitly.
e: file:///C:/Users/AuraF/Documents/ReGenesis_AOSP/app/src/main/java/dev/aurakai/auraframefx/domains/cascade/utils/casc
ade/trinity/TrinityViewModel.kt:106:24 Unresolved reference. None of the following candidates is applicable because of 
a receiver type mismatch:
e: file:///C:/Users/AuraF/Documents/ReGenesis_AOSP/app/src/main/java/dev/aurakai/auraframefx/domains/cascade/utils/casc
ade/trinity/TrinityViewModel.kt:106:36 Cannot infer type for type parameter 'T'. Specify it explicitly.
e: file:///C:/Users/AuraF/Documents/ReGenesis_AOSP/app/src/main/java/dev/aurakai/auraframefx/domains/cascade/utils/casc
ade/trinity/TrinityViewModel.kt:109:19 Cannot infer type for type parameter 'T'. Specify it explicitly.
e: file:///C:/Users/AuraF/Documents/ReGenesis_AOSP/app/src/main/java/dev/aurakai/auraframefx/domains/cascade/utils/casc
ade/trinity/TrinityViewModel.kt:129:24 Cannot infer type for type parameter 'T'. Specify it explicitly.
e: file:///C:/Users/AuraF/Documents/ReGenesis_AOSP/app/src/main/java/dev/aurakai/auraframefx/domains/cascade/utils/casc
ade/trinity/TrinityViewModel.kt:129:24 Unresolved reference. None of the following candidates is applicable because of 
a receiver type mismatch:
e: file:///C:/Users/AuraF/Documents/ReGenesis_AOSP/app/src/main/java/dev/aurakai/auraframefx/domains/cascade/utils/casc
ade/trinity/TrinityViewModel.kt:129:36 Cannot infer type for type parameter 'T'. Specify it explicitly.
e: file:///C:/Users/AuraF/Documents/ReGenesis_AOSP/app/src/main/java/dev/aurakai/auraframefx/domains/cascade/utils/casc
ade/trinity/TrinityViewModel.kt:136:19 Cannot infer type for type parameter 'T'. Specify it explicitly.
e: file:///C:/Users/AuraF/Documents/ReGenesis_AOSP/app/src/main/java/dev/aurakai/auraframefx/domains/genesis/Conference
RoomViewModel.kt:216:74 Unresolved reference 'AgentResponse'.
e: file:///C:/Users/AuraF/Documents/ReGenesis_AOSP/app/src/main/java/dev/aurakai/auraframefx/domains/genesis/Conference
RoomViewModel.kt:221:44 Unresolved reference 'content'.
e: file:///C:/Users/AuraF/Documents/ReGenesis_AOSP/app/src/main/java/dev/aurakai/auraframefx/domains/genesis/oracledriv
e/cloud/OracleDriveServiceConnector.kt:9:36 Unresolved reference 'IAuraDriveService'.
e: file:///C:/Users/AuraF/Documents/ReGenesis_AOSP/app/src/main/java/dev/aurakai/auraframefx/domains/genesis/oracledriv
e/cloud/OracleDriveServiceConnector.kt:17:35 Unresolved reference 'IAuraDriveService'.
e: file:///C:/Users/AuraF/Documents/ReGenesis_AOSP/app/src/main/java/dev/aurakai/auraframefx/domains/genesis/oracledriv
e/cloud/OracleDriveServiceConnector.kt:31:32 Unresolved reference 'IAuraDriveService'.
e: file:///C:/Users/AuraF/Documents/ReGenesis_AOSP/app/src/main/java/dev/aurakai/auraframefx/domains/genesis/oracledriv
e/cloud/OracleDriveServiceConnector.kt:86:31 Unresolved reference 'getOracleDriveStatus'.
e: file:///C:/Users/AuraF/Documents/ReGenesis_AOSP/app/src/main/java/dev/aurakai/auraframefx/domains/genesis/oracledriv
e/cloud/OracleDriveServiceConnector.kt:102:35 Unresolved reference 'toggleLSPosedModule'.
e: file:///C:/Users/AuraF/Documents/ReGenesis_AOSP/app/src/main/java/dev/aurakai/auraframefx/domains/genesis/oracledriv
e/cloud/OracleDriveServiceConnector.kt:115:31 Unresolved reference 'getDetailedInternalStatus'.
e: file:///C:/Users/AuraF/Documents/ReGenesis_AOSP/app/src/main/java/dev/aurakai/auraframefx/domains/genesis/oracledriv
e/cloud/OracleDriveServiceConnector.kt:130:31 Unresolved reference 'getInternalDiagnosticsLog'.
e: file:///C:/Users/AuraF/Documents/ReGenesis_AOSP/app/src/main/java/dev/aurakai/auraframefx/domains/genesis/oracledriv
e/ui/OracleDriveScreen.kt:17:53 Unresolved reference 'OracleDriveViewModel'.
e: file:///C:/Users/AuraF/Documents/ReGenesis_AOSP/app/src/main/java/dev/aurakai/auraframefx/domains/genesis/oracledriv
e/ui/OracleDriveScreen.kt:24:16 Unresolved reference 'OracleDriveViewModel'.
e: file:///C:/Users/AuraF/Documents/ReGenesis_AOSP/app/src/main/java/dev/aurakai/auraframefx/domains/genesis/oracledriv
e/ui/OracleDriveScreen.kt:24:39 Cannot infer type for type parameter 'VM'. Specify it explicitly.
e: file:///C:/Users/AuraF/Documents/ReGenesis_AOSP/app/src/main/java/dev/aurakai/auraframefx/domains/genesis/oracledriv
e/ui/OracleDriveScreen.kt:26:17 Property delegate must have a 'getValue(Nothing?, KProperty0<ERROR CLASS: Cannot infer 
argument for type parameter T>)' method. None of the following functions is applicable:
e: file:///C:/Users/AuraF/Documents/ReGenesis_AOSP/app/src/main/java/dev/aurakai/auraframefx/domains/genesis/oracledriv
e/ui/OracleDriveScreen.kt:26:20 Cannot infer type for type parameter 'T'. Specify it explicitly.
e: file:///C:/Users/AuraF/Documents/ReGenesis_AOSP/app/src/main/java/dev/aurakai/auraframefx/domains/genesis/oracledriv
e/ui/OracleDriveScreen.kt:26:30 Unresolved reference 'uiState'.
e: file:///C:/Users/AuraF/Documents/ReGenesis_AOSP/app/src/main/java/dev/aurakai/auraframefx/domains/genesis/oracledriv
e/ui/OracleDriveScreen.kt:26:38 Cannot infer type for type parameter 'T'. Specify it explicitly.
e: file:///C:/Users/AuraF/Documents/ReGenesis_AOSP/app/src/main/java/dev/aurakai/auraframefx/domains/genesis/oracledriv
e/ui/OracleDriveScreen.kt:69:21 Unresolved reference 'consciousnessState'.
e: file:///C:/Users/AuraF/Documents/ReGenesis_AOSP/app/src/main/java/dev/aurakai/auraframefx/domains/genesis/oracledriv
e/ui/OracleDriveScreen.kt:69:41 Cannot infer type for type parameter 'T'. Specify it explicitly.
e: file:///C:/Users/AuraF/Documents/ReGenesis_AOSP/app/src/main/java/dev/aurakai/auraframefx/domains/genesis/oracledriv
e/ui/OracleDriveScreen.kt:69:41 Cannot infer type for type parameter 'R'. Specify it explicitly.
e: file:///C:/Users/AuraF/Documents/ReGenesis_AOSP/app/src/main/java/dev/aurakai/auraframefx/domains/genesis/oracledriv
e/ui/OracleDriveScreen.kt:69:47 Cannot infer type for type parameter 'T'. Specify it explicitly.
e: file:///C:/Users/AuraF/Documents/ReGenesis_AOSP/app/src/main/java/dev/aurakai/auraframefx/domains/genesis/oracledriv
e/ui/OracleDriveScreen.kt:80:46 Unresolved reference 'level'.
e: file:///C:/Users/AuraF/Documents/ReGenesis_AOSP/app/src/main/java/dev/aurakai/auraframefx/domains/genesis/screens/Te
rminalScreen.kt:42:35 Unresolved reference 'theme'.
e: file:///C:/Users/AuraF/Documents/ReGenesis_AOSP/app/src/main/java/dev/aurakai/auraframefx/domains/helpdesk/screens/H
elpDeskScreen.kt:32:35 Unresolved reference 'components'.
e: file:///C:/Users/AuraF/Documents/ReGenesis_AOSP/app/src/main/java/dev/aurakai/auraframefx/domains/helpdesk/screens/H
elpDeskScreen.kt:33:35 Unresolved reference 'theme'.
e: file:///C:/Users/AuraF/Documents/ReGenesis_AOSP/app/src/main/java/dev/aurakai/auraframefx/domains/helpdesk/screens/H
elpDeskScreen.kt:51:9 Unresolved reference 'SoftGlowBackground'.
e: file:///C:/Users/AuraF/Documents/ReGenesis_AOSP/app/src/main/java/dev/aurakai/auraframefx/domains/helpdesk/screens/H
elpDeskScreen.kt:61:46 Unresolved reference 'LEDFontFamily'.
e: file:///C:/Users/AuraF/Documents/ReGenesis_AOSP/app/src/main/java/dev/aurakai/auraframefx/domains/helpdesk/screens/H
elpDeskSubmenuScreen.kt:25:35 Unresolved reference 'components'.
e: file:///C:/Users/AuraF/Documents/ReGenesis_AOSP/app/src/main/java/dev/aurakai/auraframefx/domains/helpdesk/screens/H
elpDeskSubmenuScreen.kt:77:5 Unresolved reference 'SubmenuScaffold'.
e: file:///C:/Users/AuraF/Documents/ReGenesis_AOSP/app/src/main/java/dev/aurakai/auraframefx/domains/helpdesk/screens/H
elpDeskSubmenuScreen.kt:83:29 Cannot infer type for value parameter 'item'. Specify it explicitly.
e: file:///C:/Users/AuraF/Documents/ReGenesis_AOSP/app/src/main/java/dev/aurakai/auraframefx/domains/helpdesk/screens/H
elpDeskSubmenuScreen.kt:84:41 Unresolved reference 'route'.
e: file:///C:/Users/AuraF/Documents/ReGenesis_AOSP/app/src/main/java/dev/aurakai/auraframefx/domains/helpdesk/screens/H
elpDeskSubmenuScreen.kt:88:13 @Composable invocations can only happen from the context of a @Composable function
e: file:///C:/Users/AuraF/Documents/ReGenesis_AOSP/app/src/main/java/dev/aurakai/auraframefx/domains/helpdesk/screens/H
elpDeskSubmenuScreen.kt:92:39 @Composable invocations can only happen from the context of a @Composable function
e: file:///C:/Users/AuraF/Documents/ReGenesis_AOSP/app/src/main/java/dev/aurakai/auraframefx/domains/helpdesk/screens/L
iveSupportChatScreen.kt:62:16 Unresolved reference 'SupportChatViewModel'.
e: file:///C:/Users/AuraF/Documents/ReGenesis_AOSP/app/src/main/java/dev/aurakai/auraframefx/domains/helpdesk/screens/L
iveSupportChatScreen.kt:65:27 Property delegate must have a 'getValue(Nothing?, KProperty0<ERROR CLASS: Cannot infer 
argument for type parameter T>)' method. None of the following functions is applicable:
e: file:///C:/Users/AuraF/Documents/ReGenesis_AOSP/app/src/main/java/dev/aurakai/auraframefx/domains/helpdesk/screens/L
iveSupportChatScreen.kt:65:30 Cannot infer type for type parameter 'T'. Specify it explicitly.
e: file:///C:/Users/AuraF/Documents/ReGenesis_AOSP/app/src/main/java/dev/aurakai/auraframefx/domains/helpdesk/screens/L
iveSupportChatScreen.kt:65:40 Unresolved reference 'messages'.
e: file:///C:/Users/AuraF/Documents/ReGenesis_AOSP/app/src/main/java/dev/aurakai/auraframefx/domains/helpdesk/screens/L
iveSupportChatScreen.kt:65:49 Cannot infer type for type parameter 'T'. Specify it explicitly.
e: file:///C:/Users/AuraF/Documents/ReGenesis_AOSP/app/src/main/java/dev/aurakai/auraframefx/domains/helpdesk/screens/L
iveSupportChatScreen.kt:66:30 Unresolved reference 'incoming'.
e: file:///C:/Users/AuraF/Documents/ReGenesis_AOSP/app/src/main/java/dev/aurakai/auraframefx/domains/helpdesk/screens/L
iveSupportChatScreen.kt:67:18 Property delegate must have a 'getValue(Nothing?, KProperty0<ERROR CLASS: Cannot infer 
argument for type parameter T>)' method. None of the following functions is applicable:
e: file:///C:/Users/AuraF/Documents/ReGenesis_AOSP/app/src/main/java/dev/aurakai/auraframefx/domains/helpdesk/screens/L
iveSupportChatScreen.kt:67:21 Cannot infer type for type parameter 'T'. Specify it explicitly.
e: file:///C:/Users/AuraF/Documents/ReGenesis_AOSP/app/src/main/java/dev/aurakai/auraframefx/domains/helpdesk/screens/L
iveSupportChatScreen.kt:67:31 Unresolved reference 'isLoading'.
e: file:///C:/Users/AuraF/Documents/ReGenesis_AOSP/app/src/main/java/dev/aurakai/auraframefx/domains/helpdesk/screens/L
iveSupportChatScreen.kt:67:41 Cannot infer type for type parameter 'T'. Specify it explicitly.
e: file:///C:/Users/AuraF/Documents/ReGenesis_AOSP/app/src/main/java/dev/aurakai/auraframefx/domains/helpdesk/screens/L
iveSupportChatScreen.kt:86:41 Cannot infer type for value parameter 'e'. Specify it explicitly.
e: file:///C:/Users/AuraF/Documents/ReGenesis_AOSP/app/src/main/java/dev/aurakai/auraframefx/domains/helpdesk/screens/L
iveSupportChatScreen.kt:88:38 Unresolved reference 'content'.
e: file:///C:/Users/AuraF/Documents/ReGenesis_AOSP/app/src/main/java/dev/aurakai/auraframefx/domains/helpdesk/screens/L
iveSupportChatScreen.kt:88:49 Unresolved reference 'sender'.
e: file:///C:/Users/AuraF/Documents/ReGenesis_AOSP/app/src/main/java/dev/aurakai/auraframefx/domains/helpdesk/screens/L
iveSupportChatScreen.kt:88:59 Unresolved reference 'isUser'.
e: file:///C:/Users/AuraF/Documents/ReGenesis_AOSP/app/src/main/java/dev/aurakai/auraframefx/domains/helpdesk/screens/L
iveSupportChatScreen.kt:88:69 Unresolved reference 'timestamp'.
e: file:///C:/Users/AuraF/Documents/ReGenesis_AOSP/app/src/main/java/dev/aurakai/auraframefx/domains/helpdesk/screens/L
iveSupportChatScreen.kt:96:28 Cannot infer type for value parameter 'msg'. Specify it explicitly.
e: file:///C:/Users/AuraF/Documents/ReGenesis_AOSP/app/src/main/java/dev/aurakai/auraframefx/domains/helpdesk/screens/L
iveSupportChatScreen.kt:339:43 Unresolved reference 'sendMessage'.
e: file:///C:/Users/AuraF/Documents/ReGenesis_AOSP/app/src/main/java/dev/aurakai/auraframefx/domains/kai/security/Royal
GuardService.kt:6:32 Unresolved reference 'security'.
e: file:///C:/Users/AuraF/Documents/ReGenesis_AOSP/app/src/main/java/dev/aurakai/auraframefx/domains/kai/security/Royal
GuardService.kt:22:35 Unresolved reference 'IRoyalGuardService'.
e: file:///C:/Users/AuraF/Documents/ReGenesis_AOSP/app/src/main/java/dev/aurakai/auraframefx/domains/kai/security/Royal
GuardService.kt:38:53 Return type mismatch: expected 'IBinder', actual '<anonymous>'.
e: file:///C:/Users/AuraF/Documents/ReGenesis_AOSP/app/src/main/java/dev/aurakai/auraframefx/domains/kai/viewmodels/Kai
SystemViewModel.kt:278:45 Unresolved reference 'L'.
e: file:///C:/Users/AuraF/Documents/ReGenesis_AOSP/app/src/main/java/dev/aurakai/auraframefx/domains/kai/viewmodels/Kai
SystemViewModel.kt:279:21 Syntax error: Expecting an expression, is-condition or in-condition.
e: file:///C:/Users/AuraF/Documents/ReGenesis_AOSP/app/src/main/java/dev/aurakai/auraframefx/domains/kai/viewmodels/Kai
SystemViewModel.kt:281:49 Unresolved reference 'L'.
e: file:///C:/Users/AuraF/Documents/ReGenesis_AOSP/app/src/main/java/dev/aurakai/auraframefx/domains/kai/viewmodels/Kai
SystemViewModel.kt:281:50 Syntax error: Expecting an element.
e: file:///C:/Users/AuraF/Documents/ReGenesis_AOSP/app/src/main/java/dev/aurakai/auraframefx/domains/ldo/screens/LDOOrc
hestrationHubScreen.kt:85:35 Unresolved reference 'theme'.
e: file:///C:/Users/AuraF/Documents/ReGenesis_AOSP/app/src/main/java/dev/aurakai/auraframefx/domains/ldo/screens/LDOOrc
hestrationHubScreen.kt:140:42 Unresolved reference 'LEDFontFamily'.
e: file:///C:/Users/AuraF/Documents/ReGenesis_AOSP/app/src/main/java/dev/aurakai/auraframefx/domains/ldo/screens/LDOOrc
hestrationHubScreen.kt:227:46 Unresolved reference 'LEDFontFamily'.
e: file:///C:/Users/AuraF/Documents/ReGenesis_AOSP/app/src/main/java/dev/aurakai/auraframefx/domains/ldo/screens/LDOOrc
hestrationHubScreen.kt:422:30 Unresolved reference 'LEDFontFamily'.
e: file:///C:/Users/AuraF/Documents/ReGenesis_AOSP/app/src/main/java/dev/aurakai/auraframefx/domains/ldo/screens/LDOOrc
hestrationHubScreen.kt:467:62 Unresolved reference 'LEDFontFamily'.
e: file:///C:/Users/AuraF/Documents/ReGenesis_AOSP/app/src/main/java/dev/aurakai/auraframefx/domains/ldo/screens/LDOOrc
hestrationHubScreen.kt:473:34 Unresolved reference 'LEDFontFamily'.
e: file:///C:/Users/AuraF/Documents/ReGenesis_AOSP/app/src/main/java/dev/aurakai/auraframefx/domains/ldo/screens/LDOOrc
hestrationHubScreen.kt:488:34 Unresolved reference 'LEDFontFamily'.
e: file:///C:/Users/AuraF/Documents/ReGenesis_AOSP/app/src/main/java/dev/aurakai/auraframefx/domains/ldo/screens/LDOOrc
hestrationHubScreen.kt:570:34 Unresolved reference 'LEDFontFamily'.
e: file:///C:/Users/AuraF/Documents/ReGenesis_AOSP/app/src/main/java/dev/aurakai/auraframefx/domains/ldo/screens/LDOOrc
hestrationHubScreen.kt:588:55 Unresolved reference 'LEDFontFamily'.
e: file:///C:/Users/AuraF/Documents/ReGenesis_AOSP/app/src/main/java/dev/aurakai/auraframefx/domains/ldo/screens/LDOOrc
hestrationHubScreen.kt:655:34 Unresolved reference 'LEDFontFamily'.
e: file:///C:/Users/AuraF/Documents/ReGenesis_AOSP/app/src/main/java/dev/aurakai/auraframefx/domains/ldo/screens/LDOOrc
hestrationHubScreen.kt:742:25 Unresolved reference 'name'.
e: file:///C:/Users/AuraF/Documents/ReGenesis_AOSP/app/src/main/java/dev/aurakai/auraframefx/domains/ldo/screens/LDOOrc
hestrationHubScreen.kt:745:26 Unresolved reference 'LEDFontFamily'.
e: file:///C:/Users/AuraF/Documents/ReGenesis_AOSP/app/src/main/java/dev/aurakai/auraframefx/domains/ldo/screens/LDOOrc
hestrationHubScreen.kt:787:48 Unresolved reference 'LEDFontFamily'.
e: file:///C:/Users/AuraF/Documents/ReGenesis_AOSP/app/src/main/java/dev/aurakai/auraframefx/domains/ldo/screens/LDOOrc
hestrationHubScreen.kt:818:104 Unresolved reference 'LEDFontFamily'.
e: file:///C:/Users/AuraF/Documents/ReGenesis_AOSP/app/src/main/java/dev/aurakai/auraframefx/domains/ldo/screens/LDOOrc
hestrationHubScreen.kt:826:67 Unresolved reference 'LEDFontFamily'.
e: file:///C:/Users/AuraF/Documents/ReGenesis_AOSP/app/src/main/java/dev/aurakai/auraframefx/domains/nexus/billing/Bill
ingManager.kt:32:1 Syntax error: Expecting a top level declaration.
e: file:///C:/Users/AuraF/Documents/ReGenesis_AOSP/app/src/main/java/dev/aurakai/auraframefx/domains/nexus/billing/Bill
ingWrapper.kt:5:32 Unresolved reference 'debug'.
e: file:///C:/Users/AuraF/Documents/ReGenesis_AOSP/app/src/main/java/dev/aurakai/auraframefx/domains/nexus/billing/Bill
ingWrapper.kt:30:56 Unresolved reference 'FeatureToggles'.
e: file:///C:/Users/AuraF/Documents/ReGenesis_AOSP/app/src/main/java/dev/aurakai/auraframefx/domains/nexus/billing/Payw
allScreen.kt:19:17 Unresolved reference 'composAe'.
e: file:///C:/Users/AuraF/Documents/ReGenesis_AOSP/app/src/main/java/dev/aurakai/auraframefx/domains/nexus/billing/Payw
allScreen.kt:42:32 Unresolved reference 'debug'.
e: file:///C:/Users/AuraF/Documents/ReGenesis_AOSP/app/src/main/java/dev/aurakai/auraframefx/domains/nexus/billing/Payw
allScreen.kt:43:35 Unresolved reference 'theme'.
e: file:///C:/Users/AuraF/Documents/ReGenesis_AOSP/app/src/main/java/dev/aurakai/auraframefx/domains/nexus/billing/Payw
allScreen.kt:44:35 Unresolved reference 'theme'.
e: file:///C:/Users/AuraF/Documents/ReGenesis_AOSP/app/src/main/java/dev/aurakai/auraframefx/domains/nexus/billing/Payw
allScreen.kt:45:35 Unresolved reference 'theme'.
e: file:///C:/Users/AuraF/Documents/ReGenesis_AOSP/app/src/main/java/dev/aurakai/auraframefx/domains/nexus/billing/Payw
allScreen.kt:70:69 Unresolved reference 'FeatureToggles'.
e: file:///C:/Users/AuraF/Documents/ReGenesis_AOSP/app/src/main/java/dev/aurakai/auraframefx/domains/nexus/billing/Payw
allScreen.kt:95:53 Unresolved reference 'Schedule'.
e: file:///C:/Users/AuraF/Documents/ReGenesis_AOSP/app/src/main/java/dev/aurakai/auraframefx/domains/nexus/billing/Payw
allScreen.kt:98:32 Unresolved reference 'NeonCyan'.
e: file:///C:/Users/AuraF/Documents/ReGenesis_AOSP/app/src/main/java/dev/aurakai/auraframefx/domains/nexus/billing/Payw
allScreen.kt:129:46 Unresolved reference 'NeonBlue'.
e: file:///C:/Users/AuraF/Documents/ReGenesis_AOSP/app/src/main/java/dev/aurakai/auraframefx/domains/nexus/billing/Payw
allScreen.kt:171:33 Unresolved reference 'NeonCyan'.
e: file:///C:/Users/AuraF/Documents/ReGenesis_AOSP/app/src/main/java/dev/aurakai/auraframefx/domains/nexus/billing/Payw
allScreen.kt:181:46 Unresolved reference 'NeonCyan'.
e: file:///C:/Users/AuraF/Documents/ReGenesis_AOSP/app/src/main/java/dev/aurakai/auraframefx/domains/nexus/billing/Payw
allScreen.kt:191:41 Unresolved reference 'NeonCyan'.
e: file:///C:/Users/AuraF/Documents/ReGenesis_AOSP/app/src/main/java/dev/aurakai/auraframefx/domains/nexus/billing/Payw
allScreen.kt:202:45 Unresolved reference 'NeonBlue'.
e: file:///C:/Users/AuraF/Documents/ReGenesis_AOSP/app/src/main/java/dev/aurakai/auraframefx/domains/nexus/billing/Payw
allScreen.kt:213:41 Unresolved reference 'NeonPurple'.
e: file:///C:/Users/AuraF/Documents/ReGenesis_AOSP/app/src/main/java/dev/aurakai/auraframefx/domains/nexus/billing/Payw
allScreen.kt:220:45 Unresolved reference 'NeonPurple'.
e: file:///C:/Users/AuraF/Documents/ReGenesis_AOSP/app/src/main/java/dev/aurakai/auraframefx/domains/nexus/billing/Payw
allScreen.kt:252:46 Unresolved reference 'NeonBlue'.
e: file:///C:/Users/AuraF/Documents/ReGenesis_AOSP/app/src/main/java/dev/aurakai/auraframefx/domains/nexus/billing/Payw
allScreen.kt:294:10 Unresolved reference 'FeatureToggles'.
e: file:///C:/Users/AuraF/Documents/ReGenesis_AOSP/app/src/main/java/dev/aurakai/auraframefx/domains/nexus/billing/Payw
allScreen.kt:301:30 Unresolved reference 'NeonPurple'.
e: file:///C:/Users/AuraF/Documents/ReGenesis_AOSP/app/src/main/java/dev/aurakai/auraframefx/domains/nexus/billing/Payw
allScreen.kt:311:24 Unresolved reference 'NeonPurple'.
e: file:///C:/Users/AuraF/Documents/ReGenesis_AOSP/app/src/main/java/dev/aurakai/auraframefx/domains/nexus/billing/Payw
allScreen.kt:343:42 Unresolved reference 'NeonBlue'.
e: file:///C:/Users/AuraF/Documents/ReGenesis_AOSP/app/src/main/java/dev/aurakai/auraframefx/domains/nexus/billing/Subs
criptionScreen.kt:20:35 Unresolved reference 'theme'.
e: file:///C:/Users/AuraF/Documents/ReGenesis_AOSP/app/src/main/java/dev/aurakai/auraframefx/domains/nexus/billing/Subs
criptionScreen.kt:21:35 Unresolved reference 'theme'.
e: file:///C:/Users/AuraF/Documents/ReGenesis_AOSP/app/src/main/java/dev/aurakai/auraframefx/domains/nexus/billing/Subs
criptionScreen.kt:22:35 Unresolved reference 'theme'.
e: file:///C:/Users/AuraF/Documents/ReGenesis_AOSP/app/src/main/java/dev/aurakai/auraframefx/domains/nexus/billing/Subs
criptionScreen.kt:107:49 Unresolved reference 'NeonCyan'.
e: file:///C:/Users/AuraF/Documents/ReGenesis_AOSP/app/src/main/java/dev/aurakai/auraframefx/domains/nexus/billing/Subs
criptionScreen.kt:108:49 Unresolved reference 'NeonPurple'.
e: file:///C:/Users/AuraF/Documents/ReGenesis_AOSP/app/src/main/java/dev/aurakai/auraframefx/domains/nexus/billing/Subs
criptionScreen.kt:123:25 Unresolved reference 'NeonCyan'.
e: file:///C:/Users/AuraF/Documents/ReGenesis_AOSP/app/src/main/java/dev/aurakai/auraframefx/domains/nexus/billing/Subs
criptionScreen.kt:132:25 Unresolved reference 'NeonPurple'.
e: file:///C:/Users/AuraF/Documents/ReGenesis_AOSP/app/src/main/java/dev/aurakai/auraframefx/domains/nexus/billing/Subs
criptionScreen.kt:221:29 Unresolved reference 'NeonBlue'.
e: file:///C:/Users/AuraF/Documents/ReGenesis_AOSP/app/src/main/java/dev/aurakai/auraframefx/domains/nexus/billing/Subs
criptionScreen.kt:235:25 Unresolved reference 'NeonPurple'.
e: file:///C:/Users/AuraF/Documents/ReGenesis_AOSP/app/src/main/java/dev/aurakai/auraframefx/domains/nexus/billing/Subs
criptionScreen.kt:242:29 Unresolved reference 'NeonPurple'.
e: file:///C:/Users/AuraF/Documents/ReGenesis_AOSP/app/src/main/java/dev/aurakai/auraframefx/domains/nexus/billing/Subs
criptionScreen.kt:256:42 Unresolved reference 'NeonBlue'.
e: file:///C:/Users/AuraF/Documents/ReGenesis_AOSP/app/src/main/java/dev/aurakai/auraframefx/domains/nexus/billing/Subs
criptionScreen.kt:333:17 Unresolved reference 'NeonBlue'.
e: file:///C:/Users/AuraF/Documents/ReGenesis_AOSP/app/src/main/java/dev/aurakai/auraframefx/domains/nexus/billing/Subs
criptionScreen.kt:362:21 Unresolved reference 'NeonBlue'.
e: file:///C:/Users/AuraF/Documents/ReGenesis_AOSP/app/src/main/java/dev/aurakai/auraframefx/domains/nexus/billing/Subs
criptionScreen.kt:426:20 Unresolved reference 'NeonCyan'.
e: file:///C:/Users/AuraF/Documents/ReGenesis_AOSP/app/src/main/java/dev/aurakai/auraframefx/domains/nexus/preferences/
UserPreferencesManager.kt:19:9 Cannot infer type for type parameter 'T'. Specify it explicitly.
e: file:///C:/Users/AuraF/Documents/ReGenesis_AOSP/app/src/main/java/dev/aurakai/auraframefx/domains/nexus/preferences/
UserPreferencesManager.kt:20:29 Unresolved reference 'setGenderIdentity'.
e: file:///C:/Users/AuraF/Documents/ReGenesis_AOSP/app/src/main/java/dev/aurakai/auraframefx/domains/nexus/preferences/
UserPreferencesManager.kt:25:25 Unresolved reference 'getGenderIdentity'.
e: file:///C:/Users/AuraF/Documents/ReGenesis_AOSP/app/src/main/java/dev/aurakai/auraframefx/domains/nexus/preferences/
UserPreferencesManager.kt:29:9 Cannot infer type for type parameter 'T'. Specify it explicitly.
e: file:///C:/Users/AuraF/Documents/ReGenesis_AOSP/app/src/main/java/dev/aurakai/auraframefx/domains/nexus/preferences/
UserPreferencesManager.kt:30:29 Unresolved reference 'setOnboardingComplete'.
e: file:///C:/Users/AuraF/Documents/ReGenesis_AOSP/app/src/main/java/dev/aurakai/auraframefx/domains/nexus/preferences/
UserPreferencesManager.kt:35:25 Unresolved reference 'isOnboardingComplete'.
e: file:///C:/Users/AuraF/Documents/ReGenesis_AOSP/app/src/main/java/dev/aurakai/auraframefx/domains/nexus/screens/Agen
tAdvancementScreen.kt:83:9 Conflicting declarations:
e: file:///C:/Users/AuraF/Documents/ReGenesis_AOSP/app/src/main/java/dev/aurakai/auraframefx/domains/nexus/screens/Agen
tAdvancementScreen.kt:84:9 Conflicting declarations:
e: file:///C:/Users/AuraF/Documents/ReGenesis_AOSP/app/src/main/java/dev/aurakai/auraframefx/domains/nexus/screens/Casc
adeConstellationScreen.kt:262:55 Unresolved reference 'constellation_cascade_arrows'.
e: file:///C:/Users/AuraF/Documents/ReGenesis_AOSP/app/src/main/java/dev/aurakai/auraframefx/domains/nexus/screens/Casc
adeHubScreen.kt:39:35 Unresolved reference 'theme'.
e: file:///C:/Users/AuraF/Documents/ReGenesis_AOSP/app/src/main/java/dev/aurakai/auraframefx/domains/nexus/screens/Casc
adeHubScreen.kt:52:42 Unresolved reference 'CascadeVision'.
e: file:///C:/Users/AuraF/Documents/ReGenesis_AOSP/app/src/main/java/dev/aurakai/auraframefx/domains/nexus/screens/Casc
adeHubScreen.kt:59:27 Argument type mismatch: actual type is 'NavDestination.DataStreamMonitoring', but 
'NavDestination' was expected.
e: file:///C:/Users/AuraF/Documents/ReGenesis_AOSP/app/src/main/java/dev/aurakai/auraframefx/domains/nexus/screens/Casc
adeHubScreen.kt:66:27 Argument type mismatch: actual type is 'NavDestination.NeuralNetwork', but 'NavDestination' was 
expected.
e: file:///C:/Users/AuraF/Documents/ReGenesis_AOSP/app/src/main/java/dev/aurakai/auraframefx/domains/nexus/screens/Casc
adeHubScreen.kt:94:30 Unresolved reference 'LEDFontFamily'.
e: file:///C:/Users/AuraF/Documents/ReGenesis_AOSP/app/src/main/java/dev/aurakai/auraframefx/domains/nexus/screens/Casc
adeHubScreen.kt:100:30 Unresolved reference 'LEDFontFamily'.
e: file:///C:/Users/AuraF/Documents/ReGenesis_AOSP/app/src/main/java/dev/aurakai/auraframefx/domains/nexus/screens/Cons
tellationScreen.kt:95:63 Unresolved reference 'constellation_aura_sword'.
e: file:///C:/Users/AuraF/Documents/ReGenesis_AOSP/app/src/main/java/dev/aurakai/auraframefx/domains/nexus/screens/Sphe
reGridScreen.kt:34:32 Unresolved reference 'data'.
e: file:///C:/Users/AuraF/Documents/ReGenesis_AOSP/app/src/main/java/dev/aurakai/auraframefx/domains/nexus/screens/Sphe
reGridScreen.kt:35:32 Unresolved reference 'models'.
e: file:///C:/Users/AuraF/Documents/ReGenesis_AOSP/app/src/main/java/dev/aurakai/auraframefx/domains/nexus/screens/Sphe
reGridScreen.kt:43:18 Cannot infer type for type parameter 'T'. Specify it explicitly.
e: file:///C:/Users/AuraF/Documents/ReGenesis_AOSP/app/src/main/java/dev/aurakai/auraframefx/domains/nexus/screens/Sphe
reGridScreen.kt:43:29 Unresolved reference 'AgentRepository'.
e: file:///C:/Users/AuraF/Documents/ReGenesis_AOSP/app/src/main/java/dev/aurakai/auraframefx/domains/nexus/screens/Sphe
reGridScreen.kt:44:25 Cannot infer type for type parameter 'T'. Specify it explicitly.
e: file:///C:/Users/AuraF/Documents/ReGenesis_AOSP/app/src/main/java/dev/aurakai/auraframefx/domains/nexus/screens/Sphe
reGridScreen.kt:44:36 Cannot infer type for type parameter 'T'. Specify it explicitly.
e: file:///C:/Users/AuraF/Documents/ReGenesis_AOSP/app/src/main/java/dev/aurakai/auraframefx/domains/nexus/screens/Sphe
reGridScreen.kt:122:45 Unresolved reference 'value'.
e: file:///C:/Users/AuraF/Documents/ReGenesis_AOSP/app/src/main/java/dev/aurakai/auraframefx/domains/nexus/screens/Sphe
reGridScreen.kt:136:59 Unresolved reference 'value'.
e: file:///C:/Users/AuraF/Documents/ReGenesis_AOSP/app/src/main/java/dev/aurakai/auraframefx/domains/nexus/screens/Sphe
reGridScreen.kt:153:53 Unresolved reference 'value'.
e: file:///C:/Users/AuraF/Documents/ReGenesis_AOSP/app/src/main/java/dev/aurakai/auraframefx/domains/nexus/screens/Sphe
reGridScreen.kt:155:51 Unresolved reference 'value'.
e: file:///C:/Users/AuraF/Documents/ReGenesis_AOSP/app/src/main/java/dev/aurakai/auraframefx/domains/nexus/screens/Sphe
reGridScreen.kt:166:54 Unresolved reference 'value'.
e: file:///C:/Users/AuraF/Documents/ReGenesis_AOSP/app/src/main/java/dev/aurakai/auraframefx/domains/nexus/screens/Sphe
reGridScreen.kt:168:51 Unresolved reference 'value'.
e: file:///C:/Users/AuraF/Documents/ReGenesis_AOSP/app/src/main/java/dev/aurakai/auraframefx/domains/nexus/screens/Sphe
reGridScreen.kt:179:62 Unresolved reference 'value'.
e: file:///C:/Users/AuraF/Documents/ReGenesis_AOSP/app/src/main/java/dev/aurakai/auraframefx/domains/nexus/screens/Sphe
reGridScreen.kt:181:51 Unresolved reference 'value'.
e: file:///C:/Users/AuraF/Documents/ReGenesis_AOSP/app/src/main/java/dev/aurakai/auraframefx/domains/nexus/screens/Sphe
reGridScreen.kt:196:12 Unresolved reference 'AgentStats'.
e: file:///C:/Users/AuraF/Documents/ReGenesis_AOSP/app/src/main/java/dev/aurakai/auraframefx/domains/nexus/screens/Sphe
reGridScreen.kt:206:23 Unresolved reference 'color'.
e: file:///C:/Users/AuraF/Documents/ReGenesis_AOSP/app/src/main/java/dev/aurakai/auraframefx/domains/nexus/screens/Sphe
reGridScreen.kt:212:35 Unresolved reference 'color'.
e: file:///C:/Users/AuraF/Documents/ReGenesis_AOSP/app/src/main/java/dev/aurakai/auraframefx/domains/nexus/screens/Sphe
reGridScreen.kt:227:44 Unresolved reference 'color'.
e: file:///C:/Users/AuraF/Documents/ReGenesis_AOSP/app/src/main/java/dev/aurakai/auraframefx/domains/nexus/screens/Sphe
reGridScreen.kt:236:38 Unresolved reference 'name'.
e: file:///C:/Users/AuraF/Documents/ReGenesis_AOSP/app/src/main/java/dev/aurakai/auraframefx/domains/nexus/screens/Sphe
reGridScreen.kt:238:39 Unresolved reference 'color'.
e: file:///C:/Users/AuraF/Documents/ReGenesis_AOSP/app/src/main/java/dev/aurakai/auraframefx/domains/nexus/screens/Sphe
reGridScreen.kt:247:30 Unresolved reference 'name'.
e: file:///C:/Users/AuraF/Documents/ReGenesis_AOSP/app/src/main/java/dev/aurakai/auraframefx/domains/nexus/screens/Sphe
reGridScreen.kt:254:36 Unresolved reference 'evolutionLevel'.
e: file:///C:/Users/AuraF/Documents/ReGenesis_AOSP/app/src/main/java/dev/aurakai/auraframefx/domains/nexus/screens/Sphe
reGridScreen.kt:256:31 Unresolved reference 'color'.
e: file:///C:/Users/AuraF/Documents/ReGenesis_AOSP/app/src/main/java/dev/aurakai/auraframefx/domains/nexus/screens/Sphe
reGridScreen.kt:266:36 Unresolved reference 'AgentStats'.
e: file:///C:/Users/AuraF/Documents/ReGenesis_AOSP/app/src/main/java/dev/aurakai/auraframefx/domains/nexus/screens/Sphe
reGridScreen.kt:268:54 Unresolved reference 'color'.
e: file:///C:/Users/AuraF/Documents/ReGenesis_AOSP/app/src/main/java/dev/aurakai/auraframefx/domains/nexus/screens/Sphe
reGridScreen.kt:269:49 Unresolved reference 'evolutionLevel'.
e: file:///C:/Users/AuraF/Documents/ReGenesis_AOSP/app/src/main/java/dev/aurakai/auraframefx/domains/nexus/screens/Sphe
reGridScreen.kt:269:75 Unresolved reference 'color'.
e: file:///C:/Users/AuraF/Documents/ReGenesis_AOSP/app/src/main/java/dev/aurakai/auraframefx/domains/nexus/screens/Sphe
reGridScreen.kt:270:51 Unresolved reference 'evolutionLevel'.
e: file:///C:/Users/AuraF/Documents/ReGenesis_AOSP/app/src/main/java/dev/aurakai/auraframefx/domains/nexus/screens/Sphe
reGridScreen.kt:270:77 Unresolved reference 'color'.
e: file:///C:/Users/AuraF/Documents/ReGenesis_AOSP/app/src/main/java/dev/aurakai/auraframefx/domains/nexus/screens/Sphe
reGridScreen.kt:271:47 Unresolved reference 'evolutionLevel'.
e: file:///C:/Users/AuraF/Documents/ReGenesis_AOSP/app/src/main/java/dev/aurakai/auraframefx/domains/nexus/screens/Sphe
reGridScreen.kt:271:73 Unresolved reference 'color'.
e: file:///C:/Users/AuraF/Documents/ReGenesis_AOSP/app/src/main/java/dev/aurakai/auraframefx/domains/nexus/screens/Sphe
reGridScreen.kt:272:51 Unresolved reference 'evolutionLevel'.
e: file:///C:/Users/AuraF/Documents/ReGenesis_AOSP/app/src/main/java/dev/aurakai/auraframefx/domains/nexus/screens/Sphe
reGridScreen.kt:272:77 Unresolved reference 'color'.
e: file:///C:/Users/AuraF/Documents/ReGenesis_AOSP/app/src/main/java/dev/aurakai/auraframefx/domains/nexus/screens/Sphe
reGridScreen.kt:273:49 Unresolved reference 'evolutionLevel'.
e: file:///C:/Users/AuraF/Documents/ReGenesis_AOSP/app/src/main/java/dev/aurakai/auraframefx/domains/nexus/screens/Sphe
reGridScreen.kt:273:75 Unresolved reference 'color'.
e: file:///C:/Users/AuraF/Documents/ReGenesis_AOSP/app/src/main/java/dev/aurakai/auraframefx/domains/nexus/screens/Sphe
reGridScreen.kt:274:52 Unresolved reference 'evolutionLevel'.
e: file:///C:/Users/AuraF/Documents/ReGenesis_AOSP/app/src/main/java/dev/aurakai/auraframefx/domains/nexus/screens/Sphe
reGridScreen.kt:274:78 Unresolved reference 'color'.
e: file:///C:/Users/AuraF/Documents/ReGenesis_AOSP/app/src/main/java/dev/aurakai/auraframefx/domains/nexus/screens/Sphe
reGridScreen.kt:287:31 Unresolved reference 'color'.
e: file:///C:/Users/AuraF/Documents/ReGenesis_AOSP/app/src/main/java/dev/aurakai/auraframefx/genesis/orchestration/Gene
sisOrchestrator.kt:5:32 Unresolved reference 'common'.
e: file:///C:/Users/AuraF/Documents/ReGenesis_AOSP/app/src/main/java/dev/aurakai/auraframefx/genesis/orchestration/Gene
sisOrchestrator.kt:12:29 Unresolved reference 'OrchestratableAgent'.
e: file:///C:/Users/AuraF/Documents/ReGenesis_AOSP/app/src/main/java/dev/aurakai/auraframefx/kai/KaiAgent.kt:5:32 
Unresolved reference 'common'.
e: file:///C:/Users/AuraF/Documents/ReGenesis_AOSP/app/src/main/java/dev/aurakai/auraframefx/kai/KaiAgent.kt:12:18 
Unresolved reference 'OrchestratableAgent'.
e: file:///C:/Users/AuraF/Documents/ReGenesis_AOSP/app/src/main/java/dev/aurakai/auraframefx/navigation/NavDestination.
kt:26:12 Conflicting declarations:
e: file:///C:/Users/AuraF/Documents/ReGenesis_AOSP/app/src/main/java/dev/aurakai/auraframefx/navigation/NavDestination.
kt:26:51 Too many arguments for 'constructor(route: String): NavDestination'.
e: file:///C:/Users/AuraF/Documents/ReGenesis_AOSP/app/src/main/java/dev/aurakai/auraframefx/navigation/NavDestination.
kt:26:64 Too many arguments for 'constructor(route: String): NavDestination'.
e: file:///C:/Users/AuraF/Documents/ReGenesis_AOSP/app/src/main/java/dev/aurakai/auraframefx/navigation/NavDestination.
kt:27:12 Conflicting declarations:
e: file:///C:/Users/AuraF/Documents/ReGenesis_AOSP/app/src/main/java/dev/aurakai/auraframefx/navigation/NavDestination.
kt:27:55 Too many arguments for 'constructor(route: String): NavDestination'.
e: file:///C:/Users/AuraF/Documents/ReGenesis_AOSP/app/src/main/java/dev/aurakai/auraframefx/navigation/NavDestination.
kt:27:70 Too many arguments for 'constructor(route: String): NavDestination'.
e: file:///C:/Users/AuraF/Documents/ReGenesis_AOSP/app/src/main/java/dev/aurakai/auraframefx/navigation/NavDestination.
kt:28:12 Conflicting declarations:
e: file:///C:/Users/AuraF/Documents/ReGenesis_AOSP/app/src/main/java/dev/aurakai/auraframefx/navigation/NavDestination.
kt:28:63 Too many arguments for 'constructor(route: String): NavDestination'.
e: file:///C:/Users/AuraF/Documents/ReGenesis_AOSP/app/src/main/java/dev/aurakai/auraframefx/navigation/NavDestination.
kt:28:82 Too many arguments for 'constructor(route: String): NavDestination'.
e: file:///C:/Users/AuraF/Documents/ReGenesis_AOSP/app/src/main/java/dev/aurakai/auraframefx/navigation/NavDestination.
kt:29:12 Conflicting declarations:
e: file:///C:/Users/AuraF/Documents/ReGenesis_AOSP/app/src/main/java/dev/aurakai/auraframefx/navigation/NavDestination.
kt:29:65 Too many arguments for 'constructor(route: String): NavDestination'.
e: file:///C:/Users/AuraF/Documents/ReGenesis_AOSP/app/src/main/java/dev/aurakai/auraframefx/navigation/NavDestination.
kt:29:85 Too many arguments for 'constructor(route: String): NavDestination'.
e: file:///C:/Users/AuraF/Documents/ReGenesis_AOSP/app/src/main/java/dev/aurakai/auraframefx/navigation/NavDestination.
kt:30:12 Conflicting declarations:
e: file:///C:/Users/AuraF/Documents/ReGenesis_AOSP/app/src/main/java/dev/aurakai/auraframefx/navigation/NavDestination.
kt:30:50 Too many arguments for 'constructor(route: String): NavDestination'.
e: file:///C:/Users/AuraF/Documents/ReGenesis_AOSP/app/src/main/java/dev/aurakai/auraframefx/navigation/NavDestination.
kt:30:65 Too many arguments for 'constructor(route: String): NavDestination'.
e: file:///C:/Users/AuraF/Documents/ReGenesis_AOSP/app/src/main/java/dev/aurakai/auraframefx/navigation/NavDestination.
kt:31:12 Conflicting declarations:
e: file:///C:/Users/AuraF/Documents/ReGenesis_AOSP/app/src/main/java/dev/aurakai/auraframefx/navigation/NavDestination.
kt:31:55 Too many arguments for 'constructor(route: String): NavDestination'.
e: file:///C:/Users/AuraF/Documents/ReGenesis_AOSP/app/src/main/java/dev/aurakai/auraframefx/navigation/NavDestination.
kt:31:70 Too many arguments for 'constructor(route: String): NavDestination'.
e: file:///C:/Users/AuraF/Documents/ReGenesis_AOSP/app/src/main/java/dev/aurakai/auraframefx/navigation/NavDestination.
kt:170:17 Conflicting declarations:
e: file:///C:/Users/AuraF/Documents/ReGenesis_AOSP/app/src/main/java/dev/aurakai/auraframefx/navigation/NavDestination.
kt:178:17 Conflicting declarations:
e: file:///C:/Users/AuraF/Documents/ReGenesis_AOSP/app/src/main/java/dev/aurakai/auraframefx/navigation/NavDestination.
kt:179:17 Conflicting declarations:
e: file:///C:/Users/AuraF/Documents/ReGenesis_AOSP/app/src/main/java/dev/aurakai/auraframefx/navigation/NavDestination.
kt:180:17 Conflicting declarations:
e: file:///C:/Users/AuraF/Documents/ReGenesis_AOSP/app/src/main/java/dev/aurakai/auraframefx/navigation/NavDestination.
kt:181:17 Conflicting declarations:
e: file:///C:/Users/AuraF/Documents/ReGenesis_AOSP/app/src/main/java/dev/aurakai/auraframefx/navigation/NavDestination.
kt:182:17 Conflicting declarations:
e: file:///C:/Users/AuraF/Documents/ReGenesis_AOSP/app/src/main/java/dev/aurakai/auraframefx/navigation/ReGenesisNavHos
t.kt:17:39 Unresolved reference 'GateAssetLoadout'.
e: file:///C:/Users/AuraF/Documents/ReGenesis_AOSP/app/src/main/java/dev/aurakai/auraframefx/navigation/ReGenesisNavHos
t.kt:22:53 Unresolved reference 'DirectChatScreen'.
e: file:///C:/Users/AuraF/Documents/ReGenesis_AOSP/app/src/main/java/dev/aurakai/auraframefx/navigation/ReGenesisNavHos
t.kt:23:53 Unresolved reference 'DocumentationScreen'.
e: file:///C:/Users/AuraF/Documents/ReGenesis_AOSP/app/src/main/java/dev/aurakai/auraframefx/navigation/ReGenesisNavHos
t.kt:24:53 Unresolved reference 'FAQBrowserScreen'.
e: file:///C:/Users/AuraF/Documents/ReGenesis_AOSP/app/src/main/java/dev/aurakai/auraframefx/navigation/ReGenesisNavHos
t.kt:26:53 Unresolved reference 'HelpDeskSubmenuScreen'.
e: file:///C:/Users/AuraF/Documents/ReGenesis_AOSP/app/src/main/java/dev/aurakai/auraframefx/navigation/ReGenesisNavHos
t.kt:27:53 Unresolved reference 'TutorialVideosScreen'.
e: file:///C:/Users/AuraF/Documents/ReGenesis_AOSP/app/src/main/java/dev/aurakai/auraframefx/navigation/ReGenesisNavHos
t.kt:31:65 Unresolved reference 'AurasLabScreen'.
e: file:///C:/Users/AuraF/Documents/ReGenesis_AOSP/app/src/main/java/dev/aurakai/auraframefx/navigation/ReGenesisNavHos
t.kt:34:65 Unresolved reference 'GyroscopeCustomizationScreen'.
e: file:///C:/Users/AuraF/Documents/ReGenesis_AOSP/app/src/main/java/dev/aurakai/auraframefx/navigation/ReGenesisNavHos
t.kt:37:65 Unresolved reference 'StatusBarScreen'.
e: file:///C:/Users/AuraF/Documents/ReGenesis_AOSP/app/src/main/java/dev/aurakai/auraframefx/navigation/ReGenesisNavHos
t.kt:51:56 Unresolved reference 'CascadeVisionScreen'.
e: file:///C:/Users/AuraF/Documents/ReGenesis_AOSP/app/src/main/java/dev/aurakai/auraframefx/navigation/ReGenesisNavHos
t.kt:53:56 Unresolved reference 'CollabCanvasScreen'.
e: file:///C:/Users/AuraF/Documents/ReGenesis_AOSP/app/src/main/java/dev/aurakai/auraframefx/navigation/ReGenesisNavHos
t.kt:60:56 Unresolved reference 'TerminalScreen'.
e: file:///C:/Users/AuraF/Documents/ReGenesis_AOSP/app/src/main/java/dev/aurakai/auraframefx/navigation/ReGenesisNavHos
t.kt:67:62 Unresolved reference 'BootloaderManagerScreen'.
e: file:///C:/Users/AuraF/Documents/ReGenesis_AOSP/app/src/main/java/dev/aurakai/auraframefx/navigation/ReGenesisNavHos
t.kt:68:62 Unresolved reference 'LiveROMEditorScreen'.
e: file:///C:/Users/AuraF/Documents/ReGenesis_AOSP/app/src/main/java/dev/aurakai/auraframefx/navigation/ReGenesisNavHos
t.kt:69:62 Unresolved reference 'ROMFlasherScreen'.
e: file:///C:/Users/AuraF/Documents/ReGenesis_AOSP/app/src/main/java/dev/aurakai/auraframefx/navigation/ReGenesisNavHos
t.kt:70:62 Unresolved reference 'RecoveryToolsScreen'.
e: file:///C:/Users/AuraF/Documents/ReGenesis_AOSP/app/src/main/java/dev/aurakai/auraframefx/navigation/ReGenesisNavHos
t.kt:72:62 Unresolved reference 'SovereignModuleManagerScreen'.
e: file:///C:/Users/AuraF/Documents/ReGenesis_AOSP/app/src/main/java/dev/aurakai/auraframefx/navigation/ReGenesisNavHos
t.kt:73:62 Unresolved reference 'SovereignRecoveryScreen'.
e: file:///C:/Users/AuraF/Documents/ReGenesis_AOSP/app/src/main/java/dev/aurakai/auraframefx/navigation/ReGenesisNavHos
t.kt:75:68 Unresolved reference 'SovereignShieldScreen'.
e: file:///C:/Users/AuraF/Documents/ReGenesis_AOSP/app/src/main/java/dev/aurakai/auraframefx/navigation/ReGenesisNavHos
t.kt:77:40 Unresolved reference 'lsposed'.
e: file:///C:/Users/AuraF/Documents/ReGenesis_AOSP/app/src/main/java/dev/aurakai/auraframefx/navigation/ReGenesisNavHos
t.kt:78:40 Unresolved reference 'lsposed'.
e: file:///C:/Users/AuraF/Documents/ReGenesis_AOSP/app/src/main/java/dev/aurakai/auraframefx/navigation/ReGenesisNavHos
t.kt:79:40 Unresolved reference 'lsposed'.
e: file:///C:/Users/AuraF/Documents/ReGenesis_AOSP/app/src/main/java/dev/aurakai/auraframefx/navigation/ReGenesisNavHos
t.kt:87:54 Unresolved reference 'DataStreamMonitoringScreen'.
e: file:///C:/Users/AuraF/Documents/ReGenesis_AOSP/app/src/main/java/dev/aurakai/auraframefx/navigation/ReGenesisNavHos
t.kt:102:54 Unresolved reference 'AgentProfileScreen'.
e: file:///C:/Users/AuraF/Documents/ReGenesis_AOSP/app/src/main/java/dev/aurakai/auraframefx/navigation/ReGenesisNavHos
t.kt:364:13 Unresolved reference 'LSPosedSubmenuScreen'.
e: file:///C:/Users/AuraF/Documents/ReGenesis_AOSP/app/src/main/java/dev/aurakai/auraframefx/navigation/ReGenesisNavHos
t.kt:452:13 Unresolved reference 'ChromaColorEngineMenu'.
e: file:///C:/Users/AuraF/Documents/ReGenesis_AOSP/app/src/main/java/dev/aurakai/auraframefx/navigation/ReGenesisNavHos
t.kt:456:13 Unresolved reference 'ChromaAnimationMenu'.
e: file:///C:/Users/AuraF/Documents/ReGenesis_AOSP/app/src/main/java/dev/aurakai/auraframefx/navigation/ReGenesisNavHos
t.kt:460:13 Unresolved reference 'AurasLabScreen'.
e: file:///C:/Users/AuraF/Documents/ReGenesis_AOSP/app/src/main/java/dev/aurakai/auraframefx/navigation/ReGenesisNavHos
t.kt:463:13 Unresolved reference 'NotchBarScreen'.
e: file:///C:/Users/AuraF/Documents/ReGenesis_AOSP/app/src/main/java/dev/aurakai/auraframefx/navigation/ReGenesisNavHos
t.kt:466:13 Unresolved reference 'StatusBarScreen'.
e: file:///C:/Users/AuraF/Documents/ReGenesis_AOSP/app/src/main/java/dev/aurakai/auraframefx/navigation/ReGenesisNavHos
t.kt:469:13 Unresolved reference 'QuickSettingsScreen'.
e: file:///C:/Users/AuraF/Documents/ReGenesis_AOSP/app/src/main/java/dev/aurakai/auraframefx/navigation/ReGenesisNavHos
t.kt:479:13 Unresolved reference 'ROMFlasherScreen'.
e: file:///C:/Users/AuraF/Documents/ReGenesis_AOSP/app/src/main/java/dev/aurakai/auraframefx/navigation/ReGenesisNavHos
t.kt:482:13 Unresolved reference 'BootloaderManagerScreen'.
e: file:///C:/Users/AuraF/Documents/ReGenesis_AOSP/app/src/main/java/dev/aurakai/auraframefx/navigation/ReGenesisNavHos
t.kt:488:13 Unresolved reference 'RecoveryToolsScreen'.
e: file:///C:/Users/AuraF/Documents/ReGenesis_AOSP/app/src/main/java/dev/aurakai/auraframefx/navigation/ReGenesisNavHos
t.kt:497:13 Unresolved reference 'LSPosedSubmenuScreen'.
e: file:///C:/Users/AuraF/Documents/ReGenesis_AOSP/app/src/main/java/dev/aurakai/auraframefx/navigation/ReGenesisNavHos
t.kt:500:13 Unresolved reference 'LSPosedModuleManagerScreen'.
e: file:///C:/Users/AuraF/Documents/ReGenesis_AOSP/app/src/main/java/dev/aurakai/auraframefx/navigation/ReGenesisNavHos
t.kt:511:13 Unresolved reference 'TerminalScreen'.
e: file:///C:/Users/AuraF/Documents/ReGenesis_AOSP/app/src/main/java/dev/aurakai/auraframefx/navigation/ReGenesisNavHos
t.kt:540:13 Unresolved reference 'SovereignRecoveryScreen'.
e: file:///C:/Users/AuraF/Documents/ReGenesis_AOSP/app/src/main/java/dev/aurakai/auraframefx/navigation/ReGenesisNavHos
t.kt:543:13 Unresolved reference 'SovereignShieldScreen'.
e: file:///C:/Users/AuraF/Documents/ReGenesis_AOSP/app/src/main/java/dev/aurakai/auraframefx/navigation/ReGenesisNavHos
t.kt:549:13 Unresolved reference 'HelpDeskSubmenuScreen'.
e: file:///C:/Users/AuraF/Documents/ReGenesis_AOSP/app/src/main/java/dev/aurakai/auraframefx/navigation/ReGenesisNavHos
t.kt:552:13 Unresolved reference 'DirectChatScreen'.
e: file:///C:/Users/AuraF/Documents/ReGenesis_AOSP/app/src/main/java/dev/aurakai/auraframefx/navigation/ReGenesisNavHos
t.kt:555:13 Unresolved reference 'DocumentationScreen'.
e: file:///C:/Users/AuraF/Documents/ReGenesis_AOSP/app/src/main/java/dev/aurakai/auraframefx/navigation/ReGenesisNavHos
t.kt:558:13 Unresolved reference 'FAQBrowserScreen'.
e: file:///C:/Users/AuraF/Documents/ReGenesis_AOSP/app/src/main/java/dev/aurakai/auraframefx/navigation/ReGenesisNavHos
t.kt:561:13 Unresolved reference 'TutorialVideosScreen'.
e: file:///C:/Users/AuraF/Documents/ReGenesis_AOSP/app/src/main/java/dev/aurakai/auraframefx/navigation/ReGenesisNavHos
t.kt:581:13 Unresolved reference 'DataStreamMonitoringScreen'.
e: file:///C:/Users/AuraF/Documents/ReGenesis_AOSP/app/src/main/java/dev/aurakai/auraframefx/navigation/ReGenesisNavHos
t.kt:597:13 Unresolved reference 'NexusAgentProfileScreen'.
e: file:///C:/Users/AuraF/Documents/ReGenesis_AOSP/app/src/main/java/dev/aurakai/auraframefx/navigation/ReGenesisNavHos
t.kt:611:13 Unresolved reference 'GyroscopeCustomizationScreen'.
e: file:///C:/Users/AuraF/Documents/ReGenesis_AOSP/app/src/main/java/dev/aurakai/auraframefx/navigation/ReGenesisNavHos
t.kt:628:29 Argument type mismatch: actual type is 'dev.aurakai.auraframefx.domains.genesis.models.AgentType', but 
'dev.aurakai.auraframefx.agent.AgentType?' was expected.
e: file:///C:/Users/AuraF/Documents/ReGenesis_AOSP/app/src/main/java/dev/aurakai/auraframefx/navigation/ReGenesisNavHos
t.kt:639:13 Unresolved reference 'LiveROMEditorScreen'.
e: file:///C:/Users/AuraF/Documents/ReGenesis_AOSP/app/src/main/java/dev/aurakai/auraframefx/navigation/ReGenesisNavHos
t.kt:662:13 Unresolved reference 'SovereignModuleManagerScreen'.
e: file:///C:/Users/AuraF/Documents/ReGenesis_AOSP/app/src/main/java/dev/aurakai/auraframefx/navigation/ReGenesisNavHos
t.kt:681:13 Unresolved reference 'CascadeVisionScreen'.
e: file:///C:/Users/AuraF/Documents/ReGenesis_AOSP/app/src/main/java/dev/aurakai/auraframefx/navigation/ReGenesisNavHos
t.kt:685:13 Unresolved reference 'CollabCanvasScreen'.
e: file:///C:/Users/AuraF/Documents/ReGenesis_AOSP/app/src/main/java/dev/aurakai/auraframefx/navigation/ReGenesisNavHos
t.kt:696:13 Unresolved reference 'HookManagerScreen'.
e: file:///C:/Users/AuraF/Documents/ReGenesis_AOSP/app/src/main/java/dev/aurakai/auraframefx/navigation/ReGenesisNaviga
tionIntegration.kt:16:61 Unresolved reference 'ColorBlendrScreen'.
e: file:///C:/Users/AuraF/Documents/ReGenesis_AOSP/app/src/main/java/dev/aurakai/auraframefx/navigation/ReGenesisNaviga
tionIntegration.kt:17:61 Unresolved reference 'IconPickerScreen'.
e: file:///C:/Users/AuraF/Documents/ReGenesis_AOSP/app/src/main/java/dev/aurakai/auraframefx/navigation/ReGenesisNaviga
tionIntegration.kt:18:61 Unresolved reference 'IconifyCategoryDetailScreen'.
e: file:///C:/Users/AuraF/Documents/ReGenesis_AOSP/app/src/main/java/dev/aurakai/auraframefx/navigation/ReGenesisNaviga
tionIntegration.kt:19:61 Unresolved reference 'IconifyPickerScreen'.
e: file:///C:/Users/AuraF/Documents/ReGenesis_AOSP/app/src/main/java/dev/aurakai/auraframefx/navigation/ReGenesisNaviga
tionIntegration.kt:20:61 Unresolved reference 'PixelLauncherEnhancedScreen'.
e: file:///C:/Users/AuraF/Documents/ReGenesis_AOSP/app/src/main/java/dev/aurakai/auraframefx/navigation/ReGenesisNaviga
tionIntegration.kt:38:9 Unresolved reference 'IconifyPickerScreen'.
e: file:///C:/Users/AuraF/Documents/ReGenesis_AOSP/app/src/main/java/dev/aurakai/auraframefx/navigation/ReGenesisNaviga
tionIntegration.kt:40:38 Cannot infer type for value parameter 'category'. Specify it explicitly.
e: file:///C:/Users/AuraF/Documents/ReGenesis_AOSP/app/src/main/java/dev/aurakai/auraframefx/navigation/ReGenesisNaviga
tionIntegration.kt:50:9 Unresolved reference 'IconifyCategoryDetailScreen'.
e: file:///C:/Users/AuraF/Documents/ReGenesis_AOSP/app/src/main/java/dev/aurakai/auraframefx/navigation/ReGenesisNaviga
tionIntegration.kt:53:36 Cannot infer type for value parameter 'cat'. Specify it explicitly.
e: file:///C:/Users/AuraF/Documents/ReGenesis_AOSP/app/src/main/java/dev/aurakai/auraframefx/navigation/ReGenesisNaviga
tionIntegration.kt:64:9 Unresolved reference 'ColorBlendrScreen'.
e: file:///C:/Users/AuraF/Documents/ReGenesis_AOSP/app/src/main/java/dev/aurakai/auraframefx/navigation/ReGenesisNaviga
tionIntegration.kt:74:9 Unresolved reference 'PixelLauncherEnhancedScreen'.
e: file:///C:/Users/AuraF/Documents/ReGenesis_AOSP/app/src/main/java/dev/aurakai/auraframefx/navigation/ReGenesisNaviga
tionIntegration.kt:81:9 Unresolved reference 'IconPickerScreen'.
e: file:///C:/Users/AuraF/Documents/ReGenesis_AOSP/app/src/main/java/dev/aurakai/auraframefx/ui/design/GlassmorphismSys
tem.kt:664:21 Argument type mismatch: actual type is 'Alignment.Vertical', but 'Arrangement.Horizontal' was expected.
e: file:///C:/Users/AuraF/Documents/ReGenesis_AOSP/app/src/main/java/dev/aurakai/auraframefx/ui/design/GlassmorphismSys
tem.kt:665:21 Argument type mismatch: actual type is 'Arrangement.HorizontalOrVertical', but 'Alignment.Vertical' was 
expected.
e: file:///C:/Users/AuraF/Documents/ReGenesis_AOSP/app/src/main/java/dev/aurakai/auraframefx/ui/gates/NeonWireframeGate
Card.kt:86:41 Unresolved reference 'sp'.
e: file:///C:/Users/AuraF/Documents/ReGenesis_AOSP/app/src/main/java/dev/aurakai/auraframefx/ui/gates/NeonWireframeGate
Card.kt:96:45 Unresolved reference 'sp'.
e: file:///C:/Users/AuraF/Documents/ReGenesis_AOSP/app/src/main/java/dev/aurakai/auraframefx/ui/gates/OracleDriveHubScr
een.kt:47:39 Unresolved reference 'GateAssetConfig'.
e: file:///C:/Users/AuraF/Documents/ReGenesis_AOSP/app/src/main/java/dev/aurakai/auraframefx/ui/gates/OracleDriveHubScr
een.kt:48:35 Unresolved reference 'components'.
e: file:///C:/Users/AuraF/Documents/ReGenesis_AOSP/app/src/main/java/dev/aurakai/auraframefx/ui/gates/OracleDriveHubScr
een.kt:49:35 Unresolved reference 'theme'.
e: file:///C:/Users/AuraF/Documents/ReGenesis_AOSP/app/src/main/java/dev/aurakai/auraframefx/ui/gates/OracleDriveHubScr
een.kt:60:24 Unresolved reference 'GateAssetConfig'.
e: file:///C:/Users/AuraF/Documents/ReGenesis_AOSP/app/src/main/java/dev/aurakai/auraframefx/ui/gates/OracleDriveHubScr
een.kt:60:64 Unresolved reference 'GateAssetConfig'.
e: file:///C:/Users/AuraF/Documents/ReGenesis_AOSP/app/src/main/java/dev/aurakai/auraframefx/ui/gates/OracleDriveHubScr
een.kt:65:9 Unresolved reference 'LavaApocalypseBackground'.
e: file:///C:/Users/AuraF/Documents/ReGenesis_AOSP/app/src/main/java/dev/aurakai/auraframefx/ui/gates/OracleDriveHubScr
een.kt:82:46 Unresolved reference 'LEDFontFamily'.
e: file:///C:/Users/AuraF/Documents/ReGenesis_AOSP/app/src/main/java/dev/aurakai/auraframefx/ui/gates/OracleDriveHubScr
een.kt:102:29 Unresolved reference 'GateAssetConfig'.
e: file:///C:/Users/AuraF/Documents/ReGenesis_AOSP/app/src/main/java/dev/aurakai/auraframefx/ui/gates/OracleDriveHubScr
een.kt:156:23 Unresolved reference 'GenesisToolCard'.
e: file:///C:/Users/AuraF/Documents/ReGenesis_AOSP/app/src/main/java/dev/aurakai/auraframefx/ui/gates/OracleDriveHubScr
een.kt:166:33 Unresolved reference 'accentColor'.
e: file:///C:/Users/AuraF/Documents/ReGenesis_AOSP/app/src/main/java/dev/aurakai/auraframefx/ui/gates/OracleDriveHubScr
een.kt:184:38 Unresolved reference 'accentColor'.
e: file:///C:/Users/AuraF/Documents/ReGenesis_AOSP/app/src/main/java/dev/aurakai/auraframefx/ui/gates/OracleDriveHubScr
een.kt:185:40 Unresolved reference 'accentColor'.
e: file:///C:/Users/AuraF/Documents/ReGenesis_AOSP/app/src/main/java/dev/aurakai/auraframefx/ui/gates/OracleDriveHubScr
een.kt:189:26 Unresolved reference 'icon'.
e: file:///C:/Users/AuraF/Documents/ReGenesis_AOSP/app/src/main/java/dev/aurakai/auraframefx/ui/gates/OracleDriveHubScr
een.kt:191:33 Unresolved reference 'accentColor'.
e: file:///C:/Users/AuraF/Documents/ReGenesis_AOSP/app/src/main/java/dev/aurakai/auraframefx/ui/gates/OracleDriveHubScr
een.kt:198:33 Unresolved reference 'title'.
e: file:///C:/Users/AuraF/Documents/ReGenesis_AOSP/app/src/main/java/dev/aurakai/auraframefx/ui/gates/OracleDriveHubScr
een.kt:205:33 Unresolved reference 'subtitle'.
e: file:///C:/Users/AuraF/Documents/ReGenesis_AOSP/app/src/main/java/dev/aurakai/auraframefx/ui/navigation/ReGenesisNav
Host.kt:16:32 Unresolved reference 'customization'.
e: file:///C:/Users/AuraF/Documents/ReGenesis_AOSP/app/src/main/java/dev/aurakai/auraframefx/ui/navigation/ReGenesisNav
Host.kt:19:41 Unresolved reference 'AgentMonitoringScreen'.
e: file:///C:/Users/AuraF/Documents/ReGenesis_AOSP/app/src/main/java/dev/aurakai/auraframefx/ui/navigation/ReGenesisNav
Host.kt:20:41 Unresolved reference 'AgentNexusHubScreen'.
e: file:///C:/Users/AuraF/Documents/ReGenesis_AOSP/app/src/main/java/dev/aurakai/auraframefx/ui/navigation/ReGenesisNav
Host.kt:21:41 Unresolved reference 'ArkBuildScreen'.
e: file:///C:/Users/AuraF/Documents/ReGenesis_AOSP/app/src/main/java/dev/aurakai/auraframefx/ui/navigation/ReGenesisNav
Host.kt:22:41 Unresolved reference 'AuraLabScreen'.
e: file:///C:/Users/AuraF/Documents/ReGenesis_AOSP/app/src/main/java/dev/aurakai/auraframefx/ui/navigation/ReGenesisNav
Host.kt:23:41 Unresolved reference 'AuraThemingHubScreen'.
e: file:///C:/Users/AuraF/Documents/ReGenesis_AOSP/app/src/main/java/dev/aurakai/auraframefx/ui/navigation/ReGenesisNav
Host.kt:25:41 Unresolved reference 'FusionModeScreen'.
e: file:///C:/Users/AuraF/Documents/ReGenesis_AOSP/app/src/main/java/dev/aurakai/auraframefx/ui/navigation/ReGenesisNav
Host.kt:27:41 Unresolved reference 'KaiSentinelHubScreen'.
e: file:///C:/Users/AuraF/Documents/ReGenesis_AOSP/app/src/main/java/dev/aurakai/auraframefx/ui/navigation/ReGenesisNav
Host.kt:29:41 Unresolved reference 'SovereignClaudeScreen'.
e: file:///C:/Users/AuraF/Documents/ReGenesis_AOSP/app/src/main/java/dev/aurakai/auraframefx/ui/navigation/ReGenesisNav
Host.kt:30:41 Unresolved reference 'SovereignGeminiScreen'.
e: file:///C:/Users/AuraF/Documents/ReGenesis_AOSP/app/src/main/java/dev/aurakai/auraframefx/ui/navigation/ReGenesisNav
Host.kt:31:41 Unresolved reference 'SovereignMetaInstructScreen'.
e: file:///C:/Users/AuraF/Documents/ReGenesis_AOSP/app/src/main/java/dev/aurakai/auraframefx/ui/navigation/ReGenesisNav
Host.kt:32:41 Unresolved reference 'SovereignNemotronScreen'.
e: file:///C:/Users/AuraF/Documents/ReGenesis_AOSP/app/src/main/java/dev/aurakai/auraframefx/ui/navigation/ReGenesisNav
Host.kt:34:41 Unresolved reference 'TaskAssignmentScreen'.
e: file:///C:/Users/AuraF/Documents/ReGenesis_AOSP/app/src/main/java/dev/aurakai/auraframefx/ui/navigation/ReGenesisNav
Host.kt:41:29 Unresolved reference 'CustomizationViewModel'.
e: file:///C:/Users/AuraF/Documents/ReGenesis_AOSP/app/src/main/java/dev/aurakai/auraframefx/ui/navigation/ReGenesisNav
Host.kt:41:54 Cannot infer type for type parameter 'VM'. Specify it explicitly.
e: file:///C:/Users/AuraF/Documents/ReGenesis_AOSP/app/src/main/java/dev/aurakai/auraframefx/ui/navigation/ReGenesisNav
Host.kt:46:32 Unresolved reference 'start'.
e: file:///C:/Users/AuraF/Documents/ReGenesis_AOSP/app/src/main/java/dev/aurakai/auraframefx/ui/navigation/ReGenesisNav
Host.kt:51:43 Unresolved reference 'HomeGateCarousel'.
e: file:///C:/Users/AuraF/Documents/ReGenesis_AOSP/app/src/main/java/dev/aurakai/auraframefx/ui/navigation/ReGenesisNav
Host.kt:57:9 Unresolved reference 'composable'.
e: file:///C:/Users/AuraF/Documents/ReGenesis_AOSP/app/src/main/java/dev/aurakai/auraframefx/ui/navigation/ReGenesisNav
Host.kt:57:35 Unresolved reference 'HomeGateCarousel'.
e: file:///C:/Users/AuraF/Documents/ReGenesis_AOSP/app/src/main/java/dev/aurakai/auraframefx/ui/navigation/ReGenesisNav
Host.kt:58:13 Unresolved reference 'ExodusHUD'.
e: file:///C:/Users/AuraF/Documents/ReGenesis_AOSP/app/src/main/java/dev/aurakai/auraframefx/ui/navigation/ReGenesisNav
Host.kt:62:9 Unresolved reference 'composable'.
e: file:///C:/Users/AuraF/Documents/ReGenesis_AOSP/app/src/main/java/dev/aurakai/auraframefx/ui/navigation/ReGenesisNav
Host.kt:65:13 Cannot infer type for value parameter 'backStackEntry'. Specify it explicitly.
e: file:///C:/Users/AuraF/Documents/ReGenesis_AOSP/app/src/main/java/dev/aurakai/auraframefx/ui/navigation/ReGenesisNav
Host.kt:66:37 Unresolved reference 'arguments'.
e: file:///C:/Users/AuraF/Documents/ReGenesis_AOSP/app/src/main/java/dev/aurakai/auraframefx/ui/navigation/ReGenesisNav
Host.kt:67:25 Unresolved reference 'SovereignRouter'.
e: file:///C:/Users/AuraF/Documents/ReGenesis_AOSP/app/src/main/java/dev/aurakai/auraframefx/ui/navigation/ReGenesisNav
Host.kt:70:17 Unresolved reference 'PixelWorkspaceScreen'.
e: file:///C:/Users/AuraF/Documents/ReGenesis_AOSP/app/src/main/java/dev/aurakai/auraframefx/ui/navigation/ReGenesisNav
Host.kt:71:35 Unresolved reference 'title'.
e: file:///C:/Users/AuraF/Documents/ReGenesis_AOSP/app/src/main/java/dev/aurakai/auraframefx/ui/navigation/ReGenesisNav
Host.kt:72:34 Cannot infer type for type parameter 'T'. Specify it explicitly.
e: file:///C:/Users/AuraF/Documents/ReGenesis_AOSP/app/src/main/java/dev/aurakai/auraframefx/ui/navigation/ReGenesisNav
Host.kt:72:47 Unresolved reference 'pixelArtPath'.
e: file:///C:/Users/AuraF/Documents/ReGenesis_AOSP/app/src/main/java/dev/aurakai/auraframefx/ui/navigation/ReGenesisNav
Host.kt:80:9 Unresolved reference 'composable'.
e: file:///C:/Users/AuraF/Documents/ReGenesis_AOSP/app/src/main/java/dev/aurakai/auraframefx/ui/navigation/ReGenesisNav
Host.kt:82:13 Unresolved reference 'PixelWorkspaceScreen'.
e: file:///C:/Users/AuraF/Documents/ReGenesis_AOSP/app/src/main/java/dev/aurakai/auraframefx/ui/navigation/ReGenesisNav
Host.kt:91:9 Unresolved reference 'composable'.
e: file:///C:/Users/AuraF/Documents/ReGenesis_AOSP/app/src/main/java/dev/aurakai/auraframefx/ui/navigation/ReGenesisNav
Host.kt:92:13 Unresolved reference 'PixelWorkspaceScreen'.
e: file:///C:/Users/AuraF/Documents/ReGenesis_AOSP/app/src/main/java/dev/aurakai/auraframefx/ui/navigation/ReGenesisNav
Host.kt:102:9 Unresolved reference 'composable'.
e: file:///C:/Users/AuraF/Documents/ReGenesis_AOSP/app/src/main/java/dev/aurakai/auraframefx/ui/navigation/ReGenesisNav
Host.kt:103:13 Unresolved reference 'PixelWorkspaceScreen'.
e: file:///C:/Users/AuraF/Documents/ReGenesis_AOSP/app/src/main/java/dev/aurakai/auraframefx/ui/navigation/ReGenesisNav
Host.kt:116:9 Unresolved reference 'composable'.
e: file:///C:/Users/AuraF/Documents/ReGenesis_AOSP/app/src/main/java/dev/aurakai/auraframefx/ui/navigation/ReGenesisNav
Host.kt:117:13 Unresolved reference 'AuraThemingHubScreen'.
e: file:///C:/Users/AuraF/Documents/ReGenesis_AOSP/app/src/main/java/dev/aurakai/auraframefx/ui/navigation/ReGenesisNav
Host.kt:120:9 Unresolved reference 'composable'.
e: file:///C:/Users/AuraF/Documents/ReGenesis_AOSP/app/src/main/java/dev/aurakai/auraframefx/ui/navigation/ReGenesisNav
Host.kt:121:13 Unresolved reference 'KaiSentinelHubScreen'.
e: file:///C:/Users/AuraF/Documents/ReGenesis_AOSP/app/src/main/java/dev/aurakai/auraframefx/ui/navigation/ReGenesisNav
Host.kt:124:9 Unresolved reference 'composable'.
e: file:///C:/Users/AuraF/Documents/ReGenesis_AOSP/app/src/main/java/dev/aurakai/auraframefx/ui/navigation/ReGenesisNav
Host.kt:125:13 @Composable invocations can only happen from the context of a @Composable function
e: file:///C:/Users/AuraF/Documents/ReGenesis_AOSP/app/src/main/java/dev/aurakai/auraframefx/ui/navigation/ReGenesisNav
Host.kt:128:9 Unresolved reference 'composable'.
e: file:///C:/Users/AuraF/Documents/ReGenesis_AOSP/app/src/main/java/dev/aurakai/auraframefx/ui/navigation/ReGenesisNav
Host.kt:129:13 Unresolved reference 'AgentNexusHubScreen'.
e: file:///C:/Users/AuraF/Documents/ReGenesis_AOSP/app/src/main/java/dev/aurakai/auraframefx/ui/navigation/ReGenesisNav
Host.kt:132:9 Unresolved reference 'composable'.
e: file:///C:/Users/AuraF/Documents/ReGenesis_AOSP/app/src/main/java/dev/aurakai/auraframefx/ui/navigation/ReGenesisNav
Host.kt:133:13 @Composable invocations can only happen from the context of a @Composable function
e: file:///C:/Users/AuraF/Documents/ReGenesis_AOSP/app/src/main/java/dev/aurakai/auraframefx/ui/navigation/ReGenesisNav
Host.kt:140:9 Unresolved reference 'composable'.
e: file:///C:/Users/AuraF/Documents/ReGenesis_AOSP/app/src/main/java/dev/aurakai/auraframefx/ui/navigation/ReGenesisNav
Host.kt:141:13 Unresolved reference 'FusionModeScreen'.
e: file:///C:/Users/AuraF/Documents/ReGenesis_AOSP/app/src/main/java/dev/aurakai/auraframefx/ui/navigation/ReGenesisNav
Host.kt:143:9 Unresolved reference 'composable'.
e: file:///C:/Users/AuraF/Documents/ReGenesis_AOSP/app/src/main/java/dev/aurakai/auraframefx/ui/navigation/ReGenesisNav
Host.kt:144:13 Unresolved reference 'TaskAssignmentScreen'.
e: file:///C:/Users/AuraF/Documents/ReGenesis_AOSP/app/src/main/java/dev/aurakai/auraframefx/ui/navigation/ReGenesisNav
Host.kt:146:9 Unresolved reference 'composable'.
e: file:///C:/Users/AuraF/Documents/ReGenesis_AOSP/app/src/main/java/dev/aurakai/auraframefx/ui/navigation/ReGenesisNav
Host.kt:147:13 Unresolved reference 'ArkBuildScreen'.
e: file:///C:/Users/AuraF/Documents/ReGenesis_AOSP/app/src/main/java/dev/aurakai/auraframefx/ui/navigation/ReGenesisNav
Host.kt:149:9 Unresolved reference 'composable'.
e: file:///C:/Users/AuraF/Documents/ReGenesis_AOSP/app/src/main/java/dev/aurakai/auraframefx/ui/navigation/ReGenesisNav
Host.kt:150:13 Unresolved reference 'SovereignMetaInstructScreen'.
e: file:///C:/Users/AuraF/Documents/ReGenesis_AOSP/app/src/main/java/dev/aurakai/auraframefx/ui/navigation/ReGenesisNav
Host.kt:152:9 Unresolved reference 'composable'.
e: file:///C:/Users/AuraF/Documents/ReGenesis_AOSP/app/src/main/java/dev/aurakai/auraframefx/ui/navigation/ReGenesisNav
Host.kt:153:13 Unresolved reference 'AgentMonitoringScreen'.
e: file:///C:/Users/AuraF/Documents/ReGenesis_AOSP/app/src/main/java/dev/aurakai/auraframefx/ui/navigation/ReGenesisNav
Host.kt:155:9 Unresolved reference 'composable'.
e: file:///C:/Users/AuraF/Documents/ReGenesis_AOSP/app/src/main/java/dev/aurakai/auraframefx/ui/navigation/ReGenesisNav
Host.kt:155:35 Unresolved reference 'Constellation'.
e: file:///C:/Users/AuraF/Documents/ReGenesis_AOSP/app/src/main/java/dev/aurakai/auraframefx/ui/navigation/ReGenesisNav
Host.kt:156:13 @Composable invocations can only happen from the context of a @Composable function
e: file:///C:/Users/AuraF/Documents/ReGenesis_AOSP/app/src/main/java/dev/aurakai/auraframefx/ui/navigation/ReGenesisNav
Host.kt:158:9 Unresolved reference 'composable'.
e: file:///C:/Users/AuraF/Documents/ReGenesis_AOSP/app/src/main/java/dev/aurakai/auraframefx/ui/navigation/ReGenesisNav
Host.kt:159:13 @Composable invocations can only happen from the context of a @Composable function
e: file:///C:/Users/AuraF/Documents/ReGenesis_AOSP/app/src/main/java/dev/aurakai/auraframefx/ui/navigation/ReGenesisNav
Host.kt:161:9 Unresolved reference 'composable'.
e: file:///C:/Users/AuraF/Documents/ReGenesis_AOSP/app/src/main/java/dev/aurakai/auraframefx/ui/navigation/ReGenesisNav
Host.kt:162:13 Unresolved reference 'SovereignNemotronScreen'.
e: file:///C:/Users/AuraF/Documents/ReGenesis_AOSP/app/src/main/java/dev/aurakai/auraframefx/ui/navigation/ReGenesisNav
Host.kt:164:9 Unresolved reference 'composable'.
e: file:///C:/Users/AuraF/Documents/ReGenesis_AOSP/app/src/main/java/dev/aurakai/auraframefx/ui/navigation/ReGenesisNav
Host.kt:165:13 Unresolved reference 'SovereignClaudeScreen'.
e: file:///C:/Users/AuraF/Documents/ReGenesis_AOSP/app/src/main/java/dev/aurakai/auraframefx/ui/navigation/ReGenesisNav
Host.kt:167:9 Unresolved reference 'composable'.
e: file:///C:/Users/AuraF/Documents/ReGenesis_AOSP/app/src/main/java/dev/aurakai/auraframefx/ui/navigation/ReGenesisNav
Host.kt:168:13 Unresolved reference 'SovereignGeminiScreen'.
e: file:///C:/Users/AuraF/Documents/ReGenesis_AOSP/app/src/main/java/dev/aurakai/auraframefx/ui/navigation/ReGenesisNav
Host.kt:171:9 Unresolved reference 'composable'.
e: file:///C:/Users/AuraF/Documents/ReGenesis_AOSP/app/src/main/java/dev/aurakai/auraframefx/ui/navigation/ReGenesisNav
Host.kt:172:59 @Composable invocations can only happen from the context of a @Composable function
e: file:///C:/Users/AuraF/Documents/ReGenesis_AOSP/app/src/main/java/dev/aurakai/auraframefx/ui/navigation/ReGenesisNav
Host.kt:174:9 Unresolved reference 'composable'.
e: file:///C:/Users/AuraF/Documents/ReGenesis_AOSP/app/src/main/java/dev/aurakai/auraframefx/ui/navigation/ReGenesisNav
Host.kt:175:59 @Composable invocations can only happen from the context of a @Composable function
e: file:///C:/Users/AuraF/Documents/ReGenesis_AOSP/app/src/main/java/dev/aurakai/auraframefx/ui/navigation/ReGenesisNav
Host.kt:177:9 Unresolved reference 'composable'.
e: file:///C:/Users/AuraF/Documents/ReGenesis_AOSP/app/src/main/java/dev/aurakai/auraframefx/ui/navigation/ReGenesisNav
Host.kt:178:59 @Composable invocations can only happen from the context of a @Composable function
e: file:///C:/Users/AuraF/Documents/ReGenesis_AOSP/app/src/main/java/dev/aurakai/auraframefx/ui/navigation/ReGenesisNav
Host.kt:181:9 Unresolved reference 'composable'.
e: file:///C:/Users/AuraF/Documents/ReGenesis_AOSP/app/src/main/java/dev/aurakai/auraframefx/ui/navigation/ReGenesisNav
Host.kt:182:13 Unresolved reference 'AuraLabScreen'.
e: file:///C:/Users/AuraF/Documents/ReGenesis_AOSP/app/src/main/java/dev/aurakai/auraframefx/ui/navigation/ReGenesisNav
Host.kt:186:9 Unresolved reference 'composable'.
e: file:///C:/Users/AuraF/Documents/ReGenesis_AOSP/app/src/main/java/dev/aurakai/auraframefx/ui/navigation/ReGenesisNav
Host.kt:187:46 Unresolved reference 'NotchBarScreen'.
e: file:///C:/Users/AuraF/Documents/ReGenesis_AOSP/app/src/main/java/dev/aurakai/auraframefx/ui/navigation/ReGenesisNav
Host.kt:189:9 Unresolved reference 'composable'.
e: file:///C:/Users/AuraF/Documents/ReGenesis_AOSP/app/src/main/java/dev/aurakai/auraframefx/ui/navigation/ReGenesisNav
Host.kt:190:46 Unresolved reference 'StatusBarScreen'.
e: file:///C:/Users/AuraF/Documents/ReGenesis_AOSP/app/src/main/java/dev/aurakai/auraframefx/ui/navigation/ReGenesisNav
Host.kt:192:9 Unresolved reference 'composable'.
e: file:///C:/Users/AuraF/Documents/ReGenesis_AOSP/app/src/main/java/dev/aurakai/auraframefx/ui/navigation/ReGenesisNav
Host.kt:193:46 Unresolved reference 'QuickSettingsScreen'.
e: file:///C:/Users/AuraF/Documents/ReGenesis_AOSP/app/src/main/java/dev/aurakai/auraframefx/ui/navigation/ReGenesisNav
Host.kt:197:9 Unresolved reference 'composable'.
e: file:///C:/Users/AuraF/Documents/ReGenesis_AOSP/app/src/main/java/dev/aurakai/auraframefx/ui/navigation/ReGenesisNav
Host.kt:198:46 Unresolved reference 'ROMFlasherScreen'.
e: file:///C:/Users/AuraF/Documents/ReGenesis_AOSP/app/src/main/java/dev/aurakai/auraframefx/ui/navigation/ReGenesisNav
Host.kt:200:9 Unresolved reference 'composable'.
e: file:///C:/Users/AuraF/Documents/ReGenesis_AOSP/app/src/main/java/dev/aurakai/auraframefx/ui/navigation/ReGenesisNav
Host.kt:201:46 Unresolved reference 'BootloaderManagerScreen'.
e: file:///C:/Users/AuraF/Documents/ReGenesis_AOSP/app/src/main/java/dev/aurakai/auraframefx/ui/navigation/ReGenesisNav
Host.kt:203:9 Unresolved reference 'composable'.
e: file:///C:/Users/AuraF/Documents/ReGenesis_AOSP/app/src/main/java/dev/aurakai/auraframefx/ui/navigation/ReGenesisNav
Host.kt:204:46 Unresolved reference 'ModuleManagerScreen'.
e: file:///C:/Users/AuraF/Documents/ReGenesis_AOSP/app/src/main/java/dev/aurakai/auraframefx/ui/navigation/ReGenesisNav
Host.kt:206:9 Unresolved reference 'composable'.
e: file:///C:/Users/AuraF/Documents/ReGenesis_AOSP/app/src/main/java/dev/aurakai/auraframefx/ui/navigation/ReGenesisNav
Host.kt:207:46 Unresolved reference 'RecoveryToolsScreen'.
e: file:///C:/Users/AuraF/Documents/ReGenesis_AOSP/app/src/main/java/dev/aurakai/auraframefx/ui/navigation/ReGenesisNav
Host.kt:209:9 Unresolved reference 'composable'.
e: file:///C:/Users/AuraF/Documents/ReGenesis_AOSP/app/src/main/java/dev/aurakai/auraframefx/ui/navigation/ReGenesisNav
Host.kt:210:46 Unresolved reference 'SovereignShieldScreen'.
e: file:///C:/Users/AuraF/Documents/ReGenesis_AOSP/app/src/main/java/dev/aurakai/auraframefx/ui/navigation/ReGenesisNav
Host.kt:212:9 Unresolved reference 'composable'.
e: file:///C:/Users/AuraF/Documents/ReGenesis_AOSP/app/src/main/java/dev/aurakai/auraframefx/ui/navigation/ReGenesisNav
Host.kt:213:46 Unresolved reference 'LSPosedSubmenuScreen'.
e: file:///C:/Users/AuraF/Documents/ReGenesis_AOSP/app/src/main/java/dev/aurakai/auraframefx/ui/navigation/ReGenesisNav
Host.kt:217:9 Unresolved reference 'composable'.
e: file:///C:/Users/AuraF/Documents/ReGenesis_AOSP/app/src/main/java/dev/aurakai/auraframefx/ui/navigation/ReGenesisNav
Host.kt:219:58 Unresolved reference 'AppBuilderScreen'.
e: file:///C:/Users/AuraF/Documents/ReGenesis_AOSP/app/src/main/java/dev/aurakai/auraframefx/ui/navigation/ReGenesisNav
Host.kt:221:9 Unresolved reference 'composable'.
e: file:///C:/Users/AuraF/Documents/ReGenesis_AOSP/app/src/main/java/dev/aurakai/auraframefx/ui/navigation/ReGenesisNav
Host.kt:222:46 Unresolved reference 'NeuralArchiveScreen'.
e: file:///C:/Users/AuraF/Documents/ReGenesis_AOSP/app/src/main/java/dev/aurakai/auraframefx/ui/navigation/ReGenesisNav
Host.kt:224:9 Unresolved reference 'composable'.
e: file:///C:/Users/AuraF/Documents/ReGenesis_AOSP/app/src/main/java/dev/aurakai/auraframefx/ui/navigation/ReGenesisNav
Host.kt:225:46 Unresolved reference 'AgentBridgeHubScreen'.
e: file:///C:/Users/AuraF/Documents/ReGenesis_AOSP/app/src/main/java/dev/aurakai/auraframefx/ui/navigation/ReGenesisNav
Host.kt:227:9 Unresolved reference 'composable'.
e: file:///C:/Users/AuraF/Documents/ReGenesis_AOSP/app/src/main/java/dev/aurakai/auraframefx/ui/navigation/ReGenesisNav
Host.kt:228:46 Unresolved reference 'OracleCloudInfiniteStorageScreen'.
e: file:///C:/Users/AuraF/Documents/ReGenesis_AOSP/app/src/main/java/dev/aurakai/auraframefx/ui/navigation/ReGenesisNav
Host.kt:230:9 Unresolved reference 'composable'.
e: file:///C:/Users/AuraF/Documents/ReGenesis_AOSP/app/src/main/java/dev/aurakai/auraframefx/ui/navigation/ReGenesisNav
Host.kt:232:46 Unresolved reference 'AgentMonitoringScreen'.
e: file:///C:/Users/AuraF/Documents/ReGenesis_AOSP/app/src/main/java/dev/aurakai/auraframefx/ui/navigation/ReGenesisNav
Host.kt:234:9 Unresolved reference 'composable'.
e: file:///C:/Users/AuraF/Documents/ReGenesis_AOSP/app/src/main/java/dev/aurakai/auraframefx/ui/navigation/ReGenesisNav
Host.kt:235:58 Unresolved reference 'ConferenceRoomScreen'.
e: file:///C:/Users/AuraF/Documents/ReGenesis_AOSP/app/src/main/java/dev/aurakai/auraframefx/ui/navigation/ReGenesisNav
Host.kt:237:9 Unresolved reference 'composable'.
e: file:///C:/Users/AuraF/Documents/ReGenesis_AOSP/app/src/main/java/dev/aurakai/auraframefx/ui/navigation/ReGenesisNav
Host.kt:238:58 Unresolved reference 'AppBuilderScreen'.
e: file:///C:/Users/AuraF/Documents/ReGenesis_AOSP/app/src/main/java/dev/aurakai/auraframefx/ui/navigation/ReGenesisNav
Host.kt:242:9 Unresolved reference 'composable'.
e: file:///C:/Users/AuraF/Documents/ReGenesis_AOSP/app/src/main/java/dev/aurakai/auraframefx/ui/navigation/ReGenesisNav
Host.kt:243:46 @Composable invocations can only happen from the context of a @Composable function
e: file:///C:/Users/AuraF/Documents/ReGenesis_AOSP/app/src/main/java/dev/aurakai/auraframefx/ui/navigation/ReGenesisNav
Host.kt:245:9 Unresolved reference 'composable'.
e: file:///C:/Users/AuraF/Documents/ReGenesis_AOSP/app/src/main/java/dev/aurakai/auraframefx/ui/navigation/ReGenesisNav
Host.kt:246:58 Unresolved reference 'DirectChatScreen'.
e: file:///C:/Users/AuraF/Documents/ReGenesis_AOSP/app/src/main/java/dev/aurakai/auraframefx/ui/navigation/ReGenesisNav
Host.kt:248:9 Unresolved reference 'composable'.
e: file:///C:/Users/AuraF/Documents/ReGenesis_AOSP/app/src/main/java/dev/aurakai/auraframefx/ui/navigation/ReGenesisNav
Host.kt:249:58 Unresolved reference 'DocumentationScreen'.
e: file:///C:/Users/AuraF/Documents/ReGenesis_AOSP/app/src/main/java/dev/aurakai/auraframefx/ui/navigation/ReGenesisNav
Host.kt:251:9 Unresolved reference 'composable'.
e: file:///C:/Users/AuraF/Documents/ReGenesis_AOSP/app/src/main/java/dev/aurakai/auraframefx/ui/navigation/ReGenesisNav
Host.kt:252:58 Unresolved reference 'FAQBrowserScreen'.
e: file:///C:/Users/AuraF/Documents/ReGenesis_AOSP/app/src/main/java/dev/aurakai/auraframefx/ui/navigation/ReGenesisNav
Host.kt:254:9 Unresolved reference 'composable'.
e: file:///C:/Users/AuraF/Documents/ReGenesis_AOSP/app/src/main/java/dev/aurakai/auraframefx/ui/navigation/ReGenesisNav
Host.kt:255:58 Unresolved reference 'TutorialVideosScreen'.
e: file:///C:/Users/AuraF/Documents/ReGenesis_AOSP/app/src/main/java/dev/aurakai/auraframefx/ui/navigation/ReGenesisNav
Host.kt:261:9 Unresolved reference 'auraCustomizationNavigation'.


