Calculating task graph as configuration cache cannot be reused because the file system entry '.gradle\configuration-cache\14ea7071-ed65-4261-9ff3-22dac73f0bfa\buildfingerprint16345592407160589909.tmp' has been removed.
Type-safe project accessors is an incubating feature.
> Task :build-logic:checkKotlinGradlePluginConfigurationErrors SKIPPED
> Task :build-logic:compileKotlin UP-TO-DATE
> Task :build-logic:compileJava NO-SOURCE
> Task :build-logic:pluginDescriptors UP-TO-DATE
> Task :build-logic:processResources UP-TO-DATE
> Task :build-logic:classes UP-TO-DATE
> Task :build-logic:jar UP-TO-DATE
> Task :core-module:preBuild UP-TO-DATE
> Task :app:preBuild UP-TO-DATE
> Task :core-module:preDebugBuild UP-TO-DATE
> Task :app:preDebugBuild UP-TO-DATE
> Task :app:mergeDebugNativeDebugMetadata NO-SOURCE
> Task :core-module:compileDebugAidl NO-SOURCE
> Task :extendsysa:preBuild UP-TO-DATE
> Task :extendsysb:preBuild UP-TO-DATE
> Task :extendsysa:preDebugBuild UP-TO-DATE
> Task :extendsysb:preDebugBuild UP-TO-DATE
> Task :extendsysa:compileDebugAidl NO-SOURCE
> Task :extendsysb:compileDebugAidl NO-SOURCE
> Task :extendsysd:preBuild UP-TO-DATE
> Task :extendsysc:preBuild UP-TO-DATE
> Task :extendsysd:preDebugBuild UP-TO-DATE
> Task :extendsysc:preDebugBuild UP-TO-DATE
> Task :extendsysc:compileDebugAidl NO-SOURCE
> Task :extendsysd:compileDebugAidl NO-SOURCE
> Task :extendsyse:preBuild UP-TO-DATE
> Task :extendsyse:preDebugBuild UP-TO-DATE
> Task :extendsysf:preBuild UP-TO-DATE
> Task :extendsysf:preDebugBuild UP-TO-DATE
> Task :extendsyse:compileDebugAidl NO-SOURCE
> Task :genesis:oracledrive:preBuild UP-TO-DATE
> Task :extendsysf:compileDebugAidl NO-SOURCE
> Task :genesis:oracledrive:preDebugBuild UP-TO-DATE
> Task :agents:growthmetrics:identity:preBuild UP-TO-DATE
> Task :agents:growthmetrics:identity:preDebugBuild UP-TO-DATE
> Task :genesis:oracledrive:compileDebugAidl NO-SOURCE
> Task :agents:growthmetrics:metareflection:preBuild UP-TO-DATE
> Task :agents:growthmetrics:metareflection:preDebugBuild UP-TO-DATE
> Task :agents:growthmetrics:identity:compileDebugAidl NO-SOURCE
> Task :agents:growthmetrics:metareflection:compileDebugAidl NO-SOURCE
> Task :agents:growthmetrics:nexusmemory:preBuild UP-TO-DATE
> Task :agents:growthmetrics:nexusmemory:preDebugBuild UP-TO-DATE
> Task :kai:sentinelsfortress:security:preBuild UP-TO-DATE
> Task :kai:sentinelsfortress:security:preDebugBuild UP-TO-DATE
> Task :agents:growthmetrics:progression:preBuild UP-TO-DATE
> Task :agents:growthmetrics:progression:preDebugBuild UP-TO-DATE
> Task :kai:sentinelsfortress:security:compileDebugAidl NO-SOURCE
> Task :agents:growthmetrics:spheregrid:preBuild UP-TO-DATE
> Task :agents:growthmetrics:spheregrid:preDebugBuild UP-TO-DATE
> Task :agents:growthmetrics:nexusmemory:compileDebugAidl NO-SOURCE
> Task :agents:growthmetrics:spheregrid:compileDebugAidl NO-SOURCE
> Task :agents:growthmetrics:tasker:preBuild UP-TO-DATE
> Task :agents:growthmetrics:tasker:preDebugBuild UP-TO-DATE
> Task :cascade:datastream:routing:preBuild UP-TO-DATE
> Task :cascade:datastream:routing:preDebugBuild UP-TO-DATE
> Task :agents:growthmetrics:progression:compileDebugAidl NO-SOURCE
> Task :cascade:datastream:taskmanager:preBuild UP-TO-DATE
> Task :cascade:datastream:taskmanager:preDebugBuild UP-TO-DATE
> Task :aura:reactivedesign:auraslab:preBuild UP-TO-DATE
> Task :cascade:datastream:routing:compileDebugAidl NO-SOURCE
> Task :aura:reactivedesign:auraslab:preDebugBuild UP-TO-DATE
> Task :aura:reactivedesign:chromacore:preBuild UP-TO-DATE
> Task :aura:reactivedesign:chromacore:preDebugBuild UP-TO-DATE
> Task :cascade:datastream:taskmanager:compileDebugAidl NO-SOURCE
> Task :aura:reactivedesign:chromacore:compileDebugAidl NO-SOURCE
> Task :agents:growthmetrics:tasker:compileDebugAidl NO-SOURCE
> Task :aura:reactivedesign:collabcanvas:preBuild UP-TO-DATE
> Task :aura:reactivedesign:collabcanvas:preDebugBuild UP-TO-DATE
> Task :aura:reactivedesign:auraslab:compileDebugAidl NO-SOURCE
> Task :aura:reactivedesign:customization:preBuild UP-TO-DATE
> Task :aura:reactivedesign:customization:preDebugBuild UP-TO-DATE
> Task :aura:reactivedesign:collabcanvas:compileDebugAidl NO-SOURCE
> Task :cascade:datastream:delivery:preBuild UP-TO-DATE
> Task :cascade:datastream:delivery:preDebugBuild UP-TO-DATE
> Task :aura:reactivedesign:customization:compileDebugAidl NO-SOURCE
> Task :genesis:oracledrive:datavein:preBuild UP-TO-DATE
> Task :genesis:oracledrive:datavein:preDebugBuild UP-TO-DATE
> Task :cascade:datastream:delivery:compileDebugAidl NO-SOURCE
> Task :genesis:oracledrive:rootmanagement:preBuild UP-TO-DATE
> Task :genesis:oracledrive:rootmanagement:preDebugBuild UP-TO-DATE
> Task :genesis:oracledrive:datavein:compileDebugAidl NO-SOURCE
> Task :kai:sentinelsfortress:systemintegrity:preBuild UP-TO-DATE
> Task :kai:sentinelsfortress:systemintegrity:preDebugBuild UP-TO-DATE
> Task :genesis:oracledrive:rootmanagement:compileDebugAidl NO-SOURCE
> Task :kai:sentinelsfortress:threatmonitor:preBuild UP-TO-DATE
> Task :kai:sentinelsfortress:threatmonitor:preDebugBuild UP-TO-DATE
> Task :kai:sentinelsfortress:systemintegrity:compileDebugAidl NO-SOURCE
> Task :kai:sentinelsfortress:threatmonitor:compileDebugAidl NO-SOURCE
> Task :app:compileDebugAidl UP-TO-DATE
> Task :app:generateDebugResources UP-TO-DATE
> Task :app:injectCrashlyticsMappingFileIdDebug UP-TO-DATE
> Task :app:injectCrashlyticsVersionControlInfoDebug UP-TO-DATE
> Task :app:processDebugGoogleServices UP-TO-DATE
> Task :core-module:generateDebugResources UP-TO-DATE
> Task :core-module:packageDebugResources UP-TO-DATE
> Task :extendsysa:generateDebugResources UP-TO-DATE
> Task :extendsysa:packageDebugResources UP-TO-DATE
> Task :extendsysb:generateDebugResources UP-TO-DATE
> Task :extendsysb:packageDebugResources UP-TO-DATE
> Task :extendsysc:generateDebugResources UP-TO-DATE
> Task :extendsysc:packageDebugResources UP-TO-DATE
> Task :extendsysd:generateDebugResources UP-TO-DATE
> Task :extendsysd:packageDebugResources UP-TO-DATE
> Task :extendsyse:generateDebugResources UP-TO-DATE
> Task :extendsyse:packageDebugResources UP-TO-DATE
> Task :app:dataBindingMergeDependencyArtifactsDebug UP-TO-DATE
> Task :extendsysf:generateDebugResources UP-TO-DATE
> Task :genesis:oracledrive:generateDebugResources UP-TO-DATE
> Task :extendsysf:packageDebugResources UP-TO-DATE
> Task :agents:growthmetrics:identity:generateDebugResources UP-TO-DATE
> Task :genesis:oracledrive:packageDebugResources UP-TO-DATE
> Task :agents:growthmetrics:metareflection:generateDebugResources UP-TO-DATE
> Task :agents:growthmetrics:identity:packageDebugResources UP-TO-DATE
> Task :agents:growthmetrics:metareflection:packageDebugResources UP-TO-DATE
> Task :agents:growthmetrics:nexusmemory:generateDebugResources UP-TO-DATE
> Task :agents:growthmetrics:progression:generateDebugResources UP-TO-DATE
> Task :agents:growthmetrics:nexusmemory:packageDebugResources UP-TO-DATE
> Task :agents:growthmetrics:progression:packageDebugResources UP-TO-DATE
> Task :agents:growthmetrics:spheregrid:generateDebugResources UP-TO-DATE
> Task :agents:growthmetrics:tasker:generateDebugResources UP-TO-DATE
> Task :agents:growthmetrics:tasker:packageDebugResources UP-TO-DATE
> Task :agents:growthmetrics:spheregrid:packageDebugResources UP-TO-DATE
> Task :aura:reactivedesign:auraslab:generateDebugResources UP-TO-DATE
> Task :aura:reactivedesign:chromacore:generateDebugResources UP-TO-DATE
> Task :aura:reactivedesign:auraslab:packageDebugResources UP-TO-DATE
> Task :aura:reactivedesign:collabcanvas:generateDebugResources UP-TO-DATE
> Task :aura:reactivedesign:chromacore:packageDebugResources UP-TO-DATE
> Task :aura:reactivedesign:customization:generateDebugResources UP-TO-DATE
> Task :aura:reactivedesign:collabcanvas:packageDebugResources UP-TO-DATE
> Task :aura:reactivedesign:customization:packageDebugResources UP-TO-DATE
> Task :cascade:datastream:delivery:generateDebugResources UP-TO-DATE
> Task :cascade:datastream:routing:generateDebugResources UP-TO-DATE
> Task :cascade:datastream:delivery:packageDebugResources UP-TO-DATE
> Task :cascade:datastream:routing:packageDebugResources UP-TO-DATE
> Task :cascade:datastream:taskmanager:generateDebugResources UP-TO-DATE
> Task :genesis:oracledrive:datavein:generateDebugResources UP-TO-DATE
> Task :cascade:datastream:taskmanager:packageDebugResources UP-TO-DATE
> Task :genesis:oracledrive:datavein:packageDebugResources UP-TO-DATE
> Task :genesis:oracledrive:rootmanagement:generateDebugResources UP-TO-DATE
> Task :kai:sentinelsfortress:security:generateDebugResources UP-TO-DATE
> Task :genesis:oracledrive:rootmanagement:packageDebugResources UP-TO-DATE
> Task :kai:sentinelsfortress:security:packageDebugResources UP-TO-DATE
> Task :kai:sentinelsfortress:systemintegrity:generateDebugResources UP-TO-DATE
> Task :kai:sentinelsfortress:threatmonitor:generateDebugResources UP-TO-DATE
> Task :kai:sentinelsfortress:systemintegrity:packageDebugResources UP-TO-DATE
> Task :kai:sentinelsfortress:threatmonitor:packageDebugResources UP-TO-DATE
> Task :app:packageDebugResources UP-TO-DATE
> Task :core-module:processDebugNavigationResources UP-TO-DATE
> Task :extendsysa:processDebugNavigationResources UP-TO-DATE
> Task :extendsysb:processDebugNavigationResources UP-TO-DATE
> Task :extendsysc:processDebugNavigationResources UP-TO-DATE
> Task :extendsysd:processDebugNavigationResources UP-TO-DATE
> Task :extendsyse:processDebugNavigationResources UP-TO-DATE
> Task :extendsysf:processDebugNavigationResources UP-TO-DATE
> Task :genesis:oracledrive:processDebugNavigationResources UP-TO-DATE
> Task :agents:growthmetrics:identity:processDebugNavigationResources UP-TO-DATE
> Task :agents:growthmetrics:metareflection:processDebugNavigationResources UP-TO-DATE
> Task :agents:growthmetrics:nexusmemory:processDebugNavigationResources UP-TO-DATE
> Task :agents:growthmetrics:progression:processDebugNavigationResources UP-TO-DATE
> Task :agents:growthmetrics:spheregrid:processDebugNavigationResources UP-TO-DATE
> Task :agents:growthmetrics:tasker:processDebugNavigationResources UP-TO-DATE
> Task :aura:reactivedesign:auraslab:processDebugNavigationResources UP-TO-DATE
> Task :aura:reactivedesign:chromacore:processDebugNavigationResources UP-TO-DATE
> Task :aura:reactivedesign:collabcanvas:processDebugNavigationResources UP-TO-DATE
> Task :aura:reactivedesign:customization:processDebugNavigationResources UP-TO-DATE
> Task :cascade:datastream:delivery:processDebugNavigationResources UP-TO-DATE
> Task :cascade:datastream:routing:processDebugNavigationResources UP-TO-DATE
> Task :cascade:datastream:taskmanager:processDebugNavigationResources UP-TO-DATE
> Task :genesis:oracledrive:datavein:processDebugNavigationResources UP-TO-DATE
> Task :genesis:oracledrive:rootmanagement:processDebugNavigationResources UP-TO-DATE
> Task :kai:sentinelsfortress:security:processDebugNavigationResources UP-TO-DATE
> Task :kai:sentinelsfortress:systemintegrity:processDebugNavigationResources UP-TO-DATE
> Task :kai:sentinelsfortress:threatmonitor:processDebugNavigationResources UP-TO-DATE
> Task :app:mergeDebugResources UP-TO-DATE
> Task :core-module:parseDebugLocalResources UP-TO-DATE
> Task :core-module:generateDebugRFile UP-TO-DATE
> Task :extendsysa:parseDebugLocalResources UP-TO-DATE
> Task :extendsysa:generateDebugRFile UP-TO-DATE
> Task :extendsysb:parseDebugLocalResources UP-TO-DATE
> Task :extendsysb:generateDebugRFile UP-TO-DATE
> Task :extendsysc:parseDebugLocalResources UP-TO-DATE
> Task :extendsysc:generateDebugRFile UP-TO-DATE
> Task :extendsysd:parseDebugLocalResources UP-TO-DATE
> Task :extendsysd:generateDebugRFile UP-TO-DATE
> Task :extendsyse:parseDebugLocalResources UP-TO-DATE
> Task :extendsyse:generateDebugRFile UP-TO-DATE
> Task :extendsysf:parseDebugLocalResources UP-TO-DATE
> Task :extendsysf:generateDebugRFile UP-TO-DATE
> Task :genesis:oracledrive:parseDebugLocalResources UP-TO-DATE
> Task :genesis:oracledrive:generateDebugRFile UP-TO-DATE
> Task :agents:growthmetrics:identity:parseDebugLocalResources UP-TO-DATE
> Task :agents:growthmetrics:identity:generateDebugRFile UP-TO-DATE
> Task :agents:growthmetrics:metareflection:parseDebugLocalResources UP-TO-DATE
> Task :app:processDebugNavigationResources UP-TO-DATE
> Task :agents:growthmetrics:metareflection:generateDebugRFile UP-TO-DATE
> Task :app:parseDebugLocalResources UP-TO-DATE
> Task :agents:growthmetrics:nexusmemory:parseDebugLocalResources UP-TO-DATE
> Task :agents:growthmetrics:progression:parseDebugLocalResources UP-TO-DATE
> Task :agents:growthmetrics:nexusmemory:generateDebugRFile UP-TO-DATE
> Task :agents:growthmetrics:progression:generateDebugRFile UP-TO-DATE
> Task :agents:growthmetrics:spheregrid:parseDebugLocalResources UP-TO-DATE
> Task :agents:growthmetrics:tasker:parseDebugLocalResources UP-TO-DATE
> Task :agents:growthmetrics:spheregrid:generateDebugRFile UP-TO-DATE
> Task :aura:reactivedesign:auraslab:parseDebugLocalResources UP-TO-DATE
> Task :agents:growthmetrics:tasker:generateDebugRFile UP-TO-DATE
> Task :aura:reactivedesign:chromacore:parseDebugLocalResources UP-TO-DATE
> Task :aura:reactivedesign:auraslab:generateDebugRFile UP-TO-DATE
> Task :aura:reactivedesign:collabcanvas:parseDebugLocalResources UP-TO-DATE
> Task :aura:reactivedesign:chromacore:generateDebugRFile UP-TO-DATE
> Task :aura:reactivedesign:customization:parseDebugLocalResources UP-TO-DATE
> Task :aura:reactivedesign:collabcanvas:generateDebugRFile UP-TO-DATE
> Task :cascade:datastream:delivery:parseDebugLocalResources UP-TO-DATE
> Task :aura:reactivedesign:customization:generateDebugRFile UP-TO-DATE
> Task :cascade:datastream:routing:parseDebugLocalResources UP-TO-DATE
> Task :cascade:datastream:delivery:generateDebugRFile UP-TO-DATE
> Task :cascade:datastream:routing:generateDebugRFile UP-TO-DATE
> Task :cascade:datastream:taskmanager:parseDebugLocalResources UP-TO-DATE
> Task :genesis:oracledrive:datavein:parseDebugLocalResources UP-TO-DATE
> Task :cascade:datastream:taskmanager:generateDebugRFile UP-TO-DATE
> Task :genesis:oracledrive:datavein:generateDebugRFile UP-TO-DATE
> Task :kai:sentinelsfortress:security:parseDebugLocalResources UP-TO-DATE
> Task :genesis:oracledrive:rootmanagement:parseDebugLocalResources UP-TO-DATE
> Task :kai:sentinelsfortress:security:generateDebugRFile UP-TO-DATE
> Task :genesis:oracledrive:rootmanagement:generateDebugRFile UP-TO-DATE
> Task :kai:sentinelsfortress:systemintegrity:parseDebugLocalResources UP-TO-DATE
> Task :kai:sentinelsfortress:threatmonitor:parseDebugLocalResources UP-TO-DATE
> Task :kai:sentinelsfortress:systemintegrity:generateDebugRFile UP-TO-DATE
> Task :kai:sentinelsfortress:threatmonitor:generateDebugRFile UP-TO-DATE
> Task :app:generateDebugBuildConfig UP-TO-DATE
> Task :app:generateDebugRFile UP-TO-DATE
> Task :core-module:generateDebugBuildConfig UP-TO-DATE
> Task :core-module:kspDebugKotlin UP-TO-DATE
> Task :app:dataBindingGenBaseClassesDebug UP-TO-DATE
> Task :core-module:javaPreCompileDebug UP-TO-DATE
> Task :extendsysa:generateDebugBuildConfig UP-TO-DATE
> Task :extendsysa:compileDebugKotlin NO-SOURCE
> Task :extendsysa:javaPreCompileDebug UP-TO-DATE
> Task :extendsysa:compileDebugJavaWithJavac UP-TO-DATE
> Task :extendsysa:bundleLibCompileToJarDebug UP-TO-DATE
> Task :extendsysb:generateDebugBuildConfig UP-TO-DATE
> Task :extendsysb:compileDebugKotlin NO-SOURCE
> Task :core-module:compileDebugKotlin UP-TO-DATE
> Task :extendsysb:javaPreCompileDebug UP-TO-DATE
> Task :core-module:compileDebugJavaWithJavac UP-TO-DATE
> Task :extendsysb:compileDebugJavaWithJavac UP-TO-DATE
> Task :extendsysb:bundleLibCompileToJarDebug UP-TO-DATE
> Task :extendsysc:generateDebugBuildConfig UP-TO-DATE
> Task :extendsysc:compileDebugKotlin NO-SOURCE
> Task :core-module:transformDebugClassesWithAsm UP-TO-DATE
> Task :extendsysc:javaPreCompileDebug UP-TO-DATE
> Task :core-module:bundleLibCompileToJarDebug UP-TO-DATE
> Task :extendsysd:generateDebugBuildConfig UP-TO-DATE
> Task :extendsysc:compileDebugJavaWithJavac UP-TO-DATE
> Task :extendsysc:bundleLibCompileToJarDebug UP-TO-DATE
> Task :extendsysd:javaPreCompileDebug UP-TO-DATE
> Task :extendsysd:compileDebugKotlin NO-SOURCE
> Task :extendsyse:generateDebugBuildConfig UP-TO-DATE
> Task :extendsyse:compileDebugKotlin NO-SOURCE
> Task :extendsyse:javaPreCompileDebug UP-TO-DATE
> Task :extendsysd:compileDebugJavaWithJavac UP-TO-DATE
> Task :extendsysd:bundleLibCompileToJarDebug UP-TO-DATE
> Task :extendsysf:generateDebugBuildConfig UP-TO-DATE
> Task :extendsysf:compileDebugKotlin NO-SOURCE
> Task :extendsyse:compileDebugJavaWithJavac UP-TO-DATE
> Task :extendsyse:bundleLibCompileToJarDebug UP-TO-DATE
> Task :extendsysf:javaPreCompileDebug UP-TO-DATE
> Task :genesis:oracledrive:generateDebugBuildConfig UP-TO-DATE
> Task :extendsysf:compileDebugJavaWithJavac UP-TO-DATE
> Task :extendsysf:bundleLibCompileToJarDebug UP-TO-DATE
> Task :genesis:oracledrive:javaPreCompileDebug UP-TO-DATE
> Task :agents:growthmetrics:identity:generateDebugBuildConfig UP-TO-DATE
> Task :genesis:oracledrive:kspDebugKotlin UP-TO-DATE
> Task :agents:growthmetrics:identity:kspDebugKotlin UP-TO-DATE
> Task :genesis:oracledrive:compileDebugKotlin UP-TO-DATE
> Task :genesis:oracledrive:compileDebugJavaWithJavac UP-TO-DATE
> Task :genesis:oracledrive:transformDebugClassesWithAsm UP-TO-DATE
> Task :genesis:oracledrive:bundleLibCompileToJarDebug UP-TO-DATE
> Task :agents:growthmetrics:identity:javaPreCompileDebug UP-TO-DATE
> Task :agents:growthmetrics:metareflection:generateDebugBuildConfig UP-TO-DATE
> Task :agents:growthmetrics:metareflection:kspDebugKotlin UP-TO-DATE
> Task :agents:growthmetrics:identity:compileDebugKotlin UP-TO-DATE
> Task :agents:growthmetrics:identity:compileDebugJavaWithJavac UP-TO-DATE
> Task :agents:growthmetrics:identity:transformDebugClassesWithAsm UP-TO-DATE
> Task :agents:growthmetrics:identity:bundleLibCompileToJarDebug UP-TO-DATE
> Task :agents:growthmetrics:metareflection:javaPreCompileDebug UP-TO-DATE
> Task :agents:growthmetrics:nexusmemory:generateDebugBuildConfig UP-TO-DATE
> Task :kai:sentinelsfortress:security:generateDebugBuildConfig UP-TO-DATE
> Task :kai:sentinelsfortress:security:kspDebugKotlin UP-TO-DATE
> Task :agents:growthmetrics:metareflection:compileDebugKotlin UP-TO-DATE
> Task :agents:growthmetrics:metareflection:compileDebugJavaWithJavac UP-TO-DATE
> Task :agents:growthmetrics:metareflection:transformDebugClassesWithAsm UP-TO-DATE
> Task :agents:growthmetrics:metareflection:bundleLibCompileToJarDebug UP-TO-DATE
> Task :kai:sentinelsfortress:security:javaPreCompileDebug UP-TO-DATE
> Task :agents:growthmetrics:nexusmemory:javaPreCompileDebug UP-TO-DATE
> Task :agents:growthmetrics:metareflection:bundleLibRuntimeToJarDebug UP-TO-DATE
> Task :agents:growthmetrics:progression:generateDebugBuildConfig UP-TO-DATE
> Task :agents:growthmetrics:spheregrid:generateDebugBuildConfig UP-TO-DATE
> Task :kai:sentinelsfortress:security:compileDebugKotlin UP-TO-DATE
> Task :agents:growthmetrics:spheregrid:kspDebugKotlin UP-TO-DATE
> Task :agents:growthmetrics:spheregrid:compileDebugKotlin NO-SOURCE
> Task :kai:sentinelsfortress:security:compileDebugJavaWithJavac UP-TO-DATE
> Task :agents:growthmetrics:spheregrid:javaPreCompileDebug UP-TO-DATE
> Task :agents:growthmetrics:spheregrid:compileDebugJavaWithJavac UP-TO-DATE
> Task :kai:sentinelsfortress:security:transformDebugClassesWithAsm UP-TO-DATE
> Task :kai:sentinelsfortress:security:bundleLibCompileToJarDebug UP-TO-DATE
> Task :agents:growthmetrics:spheregrid:transformDebugClassesWithAsm UP-TO-DATE
> Task :kai:sentinelsfortress:security:bundleLibRuntimeToJarDebug UP-TO-DATE
> Task :agents:growthmetrics:spheregrid:bundleLibCompileToJarDebug UP-TO-DATE
> Task :agents:growthmetrics:nexusmemory:kspDebugKotlin UP-TO-DATE
> Task :agents:growthmetrics:progression:kspDebugKotlin UP-TO-DATE
> Task :agents:growthmetrics:progression:compileDebugKotlin NO-SOURCE
> Task :agents:growthmetrics:progression:javaPreCompileDebug UP-TO-DATE
> Task :agents:growthmetrics:progression:compileDebugJavaWithJavac UP-TO-DATE
> Task :agents:growthmetrics:spheregrid:bundleLibRuntimeToJarDebug UP-TO-DATE
> Task :agents:growthmetrics:progression:transformDebugClassesWithAsm UP-TO-DATE
> Task :agents:growthmetrics:progression:bundleLibCompileToJarDebug UP-TO-DATE
> Task :agents:growthmetrics:tasker:generateDebugBuildConfig UP-TO-DATE
> Task :cascade:datastream:routing:generateDebugBuildConfig UP-TO-DATE
> Task :cascade:datastream:routing:kspDebugKotlin UP-TO-DATE
> Task :cascade:datastream:routing:compileDebugKotlin NO-SOURCE
> Task :cascade:datastream:routing:javaPreCompileDebug UP-TO-DATE
> Task :cascade:datastream:routing:compileDebugJavaWithJavac UP-TO-DATE
> Task :cascade:datastream:routing:transformDebugClassesWithAsm UP-TO-DATE
> Task :cascade:datastream:routing:bundleLibCompileToJarDebug UP-TO-DATE
> Task :cascade:datastream:routing:bundleLibRuntimeToJarDebug UP-TO-DATE
> Task :cascade:datastream:taskmanager:generateDebugBuildConfig UP-TO-DATE
> Task :agents:growthmetrics:nexusmemory:compileDebugKotlin UP-TO-DATE
> Task :agents:growthmetrics:nexusmemory:compileDebugJavaWithJavac UP-TO-DATE
> Task :cascade:datastream:taskmanager:kspDebugKotlin UP-TO-DATE
> Task :agents:growthmetrics:nexusmemory:transformDebugClassesWithAsm UP-TO-DATE
> Task :cascade:datastream:taskmanager:compileDebugKotlin NO-SOURCE
> Task :agents:growthmetrics:nexusmemory:bundleLibCompileToJarDebug UP-TO-DATE
> Task :agents:growthmetrics:tasker:javaPreCompileDebug UP-TO-DATE
> Task :cascade:datastream:taskmanager:javaPreCompileDebug UP-TO-DATE
> Task :aura:reactivedesign:auraslab:generateDebugBuildConfig UP-TO-DATE
> Task :aura:reactivedesign:chromacore:generateDebugBuildConfig UP-TO-DATE
> Task :cascade:datastream:taskmanager:compileDebugJavaWithJavac UP-TO-DATE
> Task :cascade:datastream:taskmanager:transformDebugClassesWithAsm UP-TO-DATE
> Task :cascade:datastream:taskmanager:bundleLibCompileToJarDebug UP-TO-DATE
> Task :aura:reactivedesign:chromacore:kspDebugKotlin UP-TO-DATE
> Task :cascade:datastream:taskmanager:bundleLibRuntimeToJarDebug UP-TO-DATE
> Task :agents:growthmetrics:tasker:kspDebugKotlin UP-TO-DATE
> Task :agents:growthmetrics:tasker:compileDebugKotlin NO-SOURCE
> Task :agents:growthmetrics:tasker:compileDebugJavaWithJavac UP-TO-DATE
> Task :aura:reactivedesign:chromacore:compileDebugKotlin UP-TO-DATE
> Task :aura:reactivedesign:chromacore:javaPreCompileDebug UP-TO-DATE
> Task :agents:growthmetrics:tasker:transformDebugClassesWithAsm UP-TO-DATE
> Task :agents:growthmetrics:tasker:bundleLibCompileToJarDebug UP-TO-DATE
> Task :aura:reactivedesign:chromacore:compileDebugJavaWithJavac UP-TO-DATE
> Task :aura:reactivedesign:auraslab:javaPreCompileDebug UP-TO-DATE
> Task :aura:reactivedesign:collabcanvas:generateDebugBuildConfig UP-TO-DATE
> Task :aura:reactivedesign:chromacore:transformDebugClassesWithAsm UP-TO-DATE
> Task :aura:reactivedesign:chromacore:bundleLibCompileToJarDebug UP-TO-DATE
> Task :aura:reactivedesign:collabcanvas:kspDebugKotlin UP-TO-DATE
> Task :aura:reactivedesign:chromacore:bundleLibRuntimeToJarDebug UP-TO-DATE
> Task :aura:reactivedesign:auraslab:kspDebugKotlin UP-TO-DATE
> Task :aura:reactivedesign:collabcanvas:compileDebugKotlin UP-TO-DATE
> Task :aura:reactivedesign:collabcanvas:javaPreCompileDebug UP-TO-DATE
> Task :aura:reactivedesign:collabcanvas:compileDebugJavaWithJavac UP-TO-DATE
> Task :aura:reactivedesign:auraslab:compileDebugKotlin UP-TO-DATE
> Task :aura:reactivedesign:auraslab:compileDebugJavaWithJavac UP-TO-DATE
> Task :aura:reactivedesign:collabcanvas:transformDebugClassesWithAsm UP-TO-DATE
> Task :aura:reactivedesign:collabcanvas:bundleLibCompileToJarDebug UP-TO-DATE
> Task :aura:reactivedesign:customization:generateDebugBuildConfig UP-TO-DATE
> Task :aura:reactivedesign:auraslab:transformDebugClassesWithAsm UP-TO-DATE
> Task :aura:reactivedesign:auraslab:bundleLibCompileToJarDebug UP-TO-DATE
> Task :aura:reactivedesign:customization:javaPreCompileDebug UP-TO-DATE
> Task :cascade:datastream:delivery:generateDebugBuildConfig UP-TO-DATE
> Task :aura:reactivedesign:customization:kspDebugKotlin UP-TO-DATE
> Task :cascade:datastream:delivery:kspDebugKotlin UP-TO-DATE
> Task :cascade:datastream:delivery:compileDebugKotlin NO-SOURCE
> Task :cascade:datastream:delivery:javaPreCompileDebug UP-TO-DATE
> Task :cascade:datastream:delivery:compileDebugJavaWithJavac UP-TO-DATE
> Task :cascade:datastream:delivery:transformDebugClassesWithAsm UP-TO-DATE
> Task :cascade:datastream:delivery:bundleLibCompileToJarDebug UP-TO-DATE
> Task :genesis:oracledrive:datavein:generateDebugBuildConfig UP-TO-DATE
> Task :aura:reactivedesign:customization:compileDebugKotlin UP-TO-DATE
> Task :aura:reactivedesign:customization:compileDebugJavaWithJavac UP-TO-DATE
> Task :genesis:oracledrive:datavein:kspDebugKotlin UP-TO-DATE
> Task :aura:reactivedesign:customization:transformDebugClassesWithAsm UP-TO-DATE
> Task :aura:reactivedesign:customization:bundleLibCompileToJarDebug UP-TO-DATE
> Task :genesis:oracledrive:datavein:javaPreCompileDebug UP-TO-DATE
> Task :core-module:bundleLibRuntimeToJarDebug UP-TO-DATE
> Task :genesis:oracledrive:rootmanagement:generateDebugBuildConfig UP-TO-DATE
> Task :genesis:oracledrive:datavein:compileDebugKotlin UP-TO-DATE
> Task :genesis:oracledrive:datavein:compileDebugJavaWithJavac UP-TO-DATE
> Task :genesis:oracledrive:datavein:transformDebugClassesWithAsm UP-TO-DATE
> Task :genesis:oracledrive:datavein:bundleLibCompileToJarDebug UP-TO-DATE
> Task :genesis:oracledrive:rootmanagement:javaPreCompileDebug UP-TO-DATE
> Task :genesis:oracledrive:rootmanagement:kspDebugKotlin UP-TO-DATE
> Task :kai:sentinelsfortress:systemintegrity:generateDebugBuildConfig UP-TO-DATE
> Task :kai:sentinelsfortress:systemintegrity:kspDebugKotlin UP-TO-DATE
> Task :kai:sentinelsfortress:systemintegrity:compileDebugKotlin NO-SOURCE
> Task :kai:sentinelsfortress:systemintegrity:javaPreCompileDebug UP-TO-DATE
> Task :kai:sentinelsfortress:systemintegrity:compileDebugJavaWithJavac UP-TO-DATE
> Task :kai:sentinelsfortress:systemintegrity:transformDebugClassesWithAsm UP-TO-DATE
> Task :kai:sentinelsfortress:systemintegrity:bundleLibCompileToJarDebug UP-TO-DATE
> Task :kai:sentinelsfortress:threatmonitor:generateDebugBuildConfig UP-TO-DATE
> Task :kai:sentinelsfortress:threatmonitor:kspDebugKotlin UP-TO-DATE
> Task :kai:sentinelsfortress:threatmonitor:compileDebugKotlin NO-SOURCE
> Task :kai:sentinelsfortress:threatmonitor:javaPreCompileDebug UP-TO-DATE
> Task :genesis:oracledrive:rootmanagement:compileDebugKotlin UP-TO-DATE
> Task :kai:sentinelsfortress:threatmonitor:compileDebugJavaWithJavac UP-TO-DATE
> Task :genesis:oracledrive:rootmanagement:compileDebugJavaWithJavac UP-TO-DATE
> Task :kai:sentinelsfortress:threatmonitor:transformDebugClassesWithAsm UP-TO-DATE
> Task :kai:sentinelsfortress:threatmonitor:bundleLibCompileToJarDebug UP-TO-DATE
> Task :app:javaPreCompileDebug UP-TO-DATE
> Task :app:generateDebugAssets UP-TO-DATE
> Task :core-module:generateDebugAssets UP-TO-DATE
> Task :core-module:mergeDebugAssets UP-TO-DATE
> Task :extendsysa:generateDebugAssets UP-TO-DATE
> Task :extendsysa:mergeDebugAssets UP-TO-DATE
> Task :extendsysb:generateDebugAssets UP-TO-DATE
> Task :extendsysb:mergeDebugAssets UP-TO-DATE
> Task :extendsysc:generateDebugAssets UP-TO-DATE
> Task :genesis:oracledrive:rootmanagement:transformDebugClassesWithAsm UP-TO-DATE
> Task :extendsysc:mergeDebugAssets UP-TO-DATE
> Task :extendsysd:generateDebugAssets UP-TO-DATE
> Task :genesis:oracledrive:rootmanagement:bundleLibCompileToJarDebug UP-TO-DATE
> Task :extendsysd:mergeDebugAssets UP-TO-DATE
> Task :extendsyse:generateDebugAssets UP-TO-DATE
> Task :extendsyse:mergeDebugAssets UP-TO-DATE
> Task :extendsysf:generateDebugAssets UP-TO-DATE
> Task :extendsysf:mergeDebugAssets UP-TO-DATE
> Task :genesis:oracledrive:generateDebugAssets UP-TO-DATE
> Task :genesis:oracledrive:mergeDebugAssets UP-TO-DATE
> Task :agents:growthmetrics:identity:generateDebugAssets UP-TO-DATE
> Task :agents:growthmetrics:identity:mergeDebugAssets UP-TO-DATE
> Task :agents:growthmetrics:metareflection:generateDebugAssets UP-TO-DATE
> Task :agents:growthmetrics:metareflection:mergeDebugAssets UP-TO-DATE
> Task :agents:growthmetrics:nexusmemory:generateDebugAssets UP-TO-DATE
> Task :agents:growthmetrics:nexusmemory:mergeDebugAssets UP-TO-DATE
> Task :agents:growthmetrics:progression:generateDebugAssets UP-TO-DATE
> Task :agents:growthmetrics:progression:mergeDebugAssets UP-TO-DATE
> Task :agents:growthmetrics:spheregrid:generateDebugAssets UP-TO-DATE
> Task :agents:growthmetrics:spheregrid:mergeDebugAssets UP-TO-DATE
> Task :agents:growthmetrics:tasker:generateDebugAssets UP-TO-DATE
> Task :agents:growthmetrics:tasker:mergeDebugAssets UP-TO-DATE
> Task :aura:reactivedesign:auraslab:generateDebugAssets UP-TO-DATE
> Task :aura:reactivedesign:auraslab:mergeDebugAssets UP-TO-DATE
> Task :aura:reactivedesign:chromacore:generateDebugAssets UP-TO-DATE
> Task :aura:reactivedesign:chromacore:mergeDebugAssets UP-TO-DATE
> Task :aura:reactivedesign:collabcanvas:generateDebugAssets UP-TO-DATE
> Task :aura:reactivedesign:collabcanvas:mergeDebugAssets UP-TO-DATE
> Task :aura:reactivedesign:customization:generateDebugAssets UP-TO-DATE
> Task :aura:reactivedesign:customization:mergeDebugAssets UP-TO-DATE
> Task :cascade:datastream:delivery:generateDebugAssets UP-TO-DATE
> Task :cascade:datastream:delivery:mergeDebugAssets UP-TO-DATE
> Task :cascade:datastream:routing:generateDebugAssets UP-TO-DATE
> Task :cascade:datastream:routing:mergeDebugAssets UP-TO-DATE
> Task :cascade:datastream:taskmanager:generateDebugAssets UP-TO-DATE
> Task :cascade:datastream:taskmanager:mergeDebugAssets UP-TO-DATE
> Task :genesis:oracledrive:datavein:generateDebugAssets UP-TO-DATE
> Task :genesis:oracledrive:datavein:mergeDebugAssets UP-TO-DATE
> Task :genesis:oracledrive:rootmanagement:generateDebugAssets UP-TO-DATE
> Task :genesis:oracledrive:rootmanagement:mergeDebugAssets UP-TO-DATE
> Task :kai:sentinelsfortress:security:generateDebugAssets UP-TO-DATE
> Task :kai:sentinelsfortress:security:mergeDebugAssets UP-TO-DATE
> Task :kai:sentinelsfortress:systemintegrity:generateDebugAssets UP-TO-DATE
> Task :kai:sentinelsfortress:systemintegrity:mergeDebugAssets UP-TO-DATE
> Task :kai:sentinelsfortress:threatmonitor:generateDebugAssets UP-TO-DATE
> Task :kai:sentinelsfortress:threatmonitor:mergeDebugAssets UP-TO-DATE
> Task :app:mergeDebugAssets UP-TO-DATE
> Task :app:compressDebugAssets UP-TO-DATE
> Task :app:l8DexDesugarLibDebug UP-TO-DATE
> Task :aura:reactivedesign:auraslab:bundleLibRuntimeToJarDebug UP-TO-DATE
> Task :aura:reactivedesign:collabcanvas:bundleLibRuntimeToJarDebug UP-TO-DATE
> Task :app:kspDebugKotlin UP-TO-DATE
> Task :aura:reactivedesign:customization:bundleLibRuntimeToJarDebug UP-TO-DATE
> Task :extendsysa:bundleLibRuntimeToJarDebug UP-TO-DATE
> Task :extendsysb:bundleLibRuntimeToJarDebug UP-TO-DATE
> Task :extendsysc:bundleLibRuntimeToJarDebug UP-TO-DATE
> Task :extendsysd:bundleLibRuntimeToJarDebug UP-TO-DATE
> Task :extendsyse:bundleLibRuntimeToJarDebug UP-TO-DATE
> Task :extendsysf:bundleLibRuntimeToJarDebug UP-TO-DATE
> Task :kai:sentinelsfortress:threatmonitor:bundleLibRuntimeToJarDebug UP-TO-DATE
> Task :agents:growthmetrics:nexusmemory:bundleLibRuntimeToJarDebug UP-TO-DATE
> Task :kai:sentinelsfortress:systemintegrity:bundleLibRuntimeToJarDebug UP-TO-DATE
> Task :genesis:oracledrive:bundleLibRuntimeToJarDebug UP-TO-DATE
> Task :genesis:oracledrive:rootmanagement:bundleLibRuntimeToJarDebug UP-TO-DATE
> Task :genesis:oracledrive:datavein:bundleLibRuntimeToJarDebug UP-TO-DATE
> Task :cascade:datastream:delivery:bundleLibRuntimeToJarDebug UP-TO-DATE
> Task :agents:growthmetrics:tasker:bundleLibRuntimeToJarDebug UP-TO-DATE
> Task :agents:growthmetrics:progression:bundleLibRuntimeToJarDebug UP-TO-DATE
> Task :agents:growthmetrics:identity:bundleLibRuntimeToJarDebug UP-TO-DATE
> Task :app:desugarDebugFileDependencies UP-TO-DATE
> Task :aura:reactivedesign:auraslab:processDebugJavaRes UP-TO-DATE
> Task :aura:reactivedesign:auraslab:createFullJarDebug UP-TO-DATE
> Task :aura:reactivedesign:collabcanvas:processDebugJavaRes UP-TO-DATE
> Task :aura:reactivedesign:collabcanvas:createFullJarDebug UP-TO-DATE
> Task :aura:reactivedesign:chromacore:processDebugJavaRes UP-TO-DATE
> Task :aura:reactivedesign:chromacore:createFullJarDebug UP-TO-DATE
> Task :aura:reactivedesign:customization:processDebugJavaRes UP-TO-DATE
> Task :aura:reactivedesign:customization:createFullJarDebug UP-TO-DATE
> Task :extendsysa:processDebugJavaRes NO-SOURCE
> Task :extendsysa:createFullJarDebug UP-TO-DATE
> Task :extendsysb:processDebugJavaRes NO-SOURCE
> Task :extendsysb:createFullJarDebug UP-TO-DATE
> Task :extendsysc:processDebugJavaRes NO-SOURCE
> Task :extendsysc:createFullJarDebug UP-TO-DATE
> Task :extendsysd:processDebugJavaRes NO-SOURCE
> Task :extendsysd:createFullJarDebug UP-TO-DATE
> Task :extendsyse:processDebugJavaRes NO-SOURCE
> Task :extendsyse:createFullJarDebug UP-TO-DATE
> Task :extendsysf:processDebugJavaRes NO-SOURCE
> Task :extendsysf:createFullJarDebug UP-TO-DATE
> Task :kai:sentinelsfortress:security:processDebugJavaRes UP-TO-DATE
> Task :kai:sentinelsfortress:security:createFullJarDebug UP-TO-DATE
> Task :kai:sentinelsfortress:systemintegrity:processDebugJavaRes NO-SOURCE
> Task :kai:sentinelsfortress:systemintegrity:createFullJarDebug UP-TO-DATE
> Task :kai:sentinelsfortress:threatmonitor:processDebugJavaRes NO-SOURCE
> Task :kai:sentinelsfortress:threatmonitor:createFullJarDebug UP-TO-DATE
> Task :genesis:oracledrive:processDebugJavaRes UP-TO-DATE
> Task :genesis:oracledrive:createFullJarDebug UP-TO-DATE
> Task :genesis:oracledrive:rootmanagement:processDebugJavaRes UP-TO-DATE
> Task :genesis:oracledrive:rootmanagement:createFullJarDebug UP-TO-DATE
> Task :genesis:oracledrive:datavein:processDebugJavaRes UP-TO-DATE
> Task :genesis:oracledrive:datavein:createFullJarDebug UP-TO-DATE
> Task :cascade:datastream:routing:processDebugJavaRes NO-SOURCE
> Task :cascade:datastream:routing:createFullJarDebug UP-TO-DATE
> Task :cascade:datastream:delivery:processDebugJavaRes NO-SOURCE
> Task :cascade:datastream:delivery:createFullJarDebug UP-TO-DATE
> Task :cascade:datastream:taskmanager:processDebugJavaRes NO-SOURCE
> Task :cascade:datastream:taskmanager:createFullJarDebug UP-TO-DATE
> Task :agents:growthmetrics:metareflection:processDebugJavaRes UP-TO-DATE
> Task :agents:growthmetrics:metareflection:createFullJarDebug UP-TO-DATE
> Task :agents:growthmetrics:nexusmemory:processDebugJavaRes UP-TO-DATE
> Task :agents:growthmetrics:nexusmemory:createFullJarDebug UP-TO-DATE
> Task :agents:growthmetrics:spheregrid:processDebugJavaRes NO-SOURCE
> Task :agents:growthmetrics:spheregrid:createFullJarDebug UP-TO-DATE
> Task :agents:growthmetrics:identity:processDebugJavaRes UP-TO-DATE
> Task :agents:growthmetrics:identity:createFullJarDebug UP-TO-DATE
> Task :agents:growthmetrics:progression:processDebugJavaRes NO-SOURCE
> Task :agents:growthmetrics:progression:createFullJarDebug UP-TO-DATE
> Task :agents:growthmetrics:tasker:processDebugJavaRes NO-SOURCE
> Task :agents:growthmetrics:tasker:createFullJarDebug UP-TO-DATE
> Task :core-module:processDebugJavaRes UP-TO-DATE
> Task :core-module:createFullJarDebug UP-TO-DATE
> Task :core-module:writeDebugAarMetadata UP-TO-DATE
> Task :extendsysa:writeDebugAarMetadata UP-TO-DATE
> Task :extendsysb:writeDebugAarMetadata UP-TO-DATE
> Task :extendsysc:writeDebugAarMetadata UP-TO-DATE
> Task :extendsysd:writeDebugAarMetadata UP-TO-DATE
> Task :extendsyse:writeDebugAarMetadata UP-TO-DATE
> Task :extendsysf:writeDebugAarMetadata UP-TO-DATE
> Task :genesis:oracledrive:writeDebugAarMetadata UP-TO-DATE
> Task :agents:growthmetrics:identity:writeDebugAarMetadata UP-TO-DATE
> Task :agents:growthmetrics:metareflection:writeDebugAarMetadata UP-TO-DATE
> Task :agents:growthmetrics:nexusmemory:writeDebugAarMetadata UP-TO-DATE
> Task :agents:growthmetrics:progression:writeDebugAarMetadata UP-TO-DATE
> Task :agents:growthmetrics:spheregrid:writeDebugAarMetadata UP-TO-DATE
> Task :agents:growthmetrics:tasker:writeDebugAarMetadata UP-TO-DATE
> Task :aura:reactivedesign:auraslab:writeDebugAarMetadata UP-TO-DATE
> Task :aura:reactivedesign:chromacore:writeDebugAarMetadata UP-TO-DATE
> Task :aura:reactivedesign:collabcanvas:writeDebugAarMetadata UP-TO-DATE
> Task :aura:reactivedesign:customization:writeDebugAarMetadata UP-TO-DATE
> Task :cascade:datastream:delivery:writeDebugAarMetadata UP-TO-DATE
> Task :cascade:datastream:routing:writeDebugAarMetadata UP-TO-DATE
> Task :cascade:datastream:taskmanager:writeDebugAarMetadata UP-TO-DATE
> Task :genesis:oracledrive:datavein:writeDebugAarMetadata UP-TO-DATE
> Task :genesis:oracledrive:rootmanagement:writeDebugAarMetadata UP-TO-DATE
> Task :kai:sentinelsfortress:security:writeDebugAarMetadata UP-TO-DATE
> Task :kai:sentinelsfortress:systemintegrity:writeDebugAarMetadata UP-TO-DATE
> Task :kai:sentinelsfortress:threatmonitor:writeDebugAarMetadata UP-TO-DATE
> Task :app:checkDebugAarMetadata UP-TO-DATE
> Task :app:mapDebugSourceSetPaths UP-TO-DATE
> Task :app:compileDebugNavigationResources UP-TO-DATE
> Task :app:createDebugCompatibleScreenManifests UP-TO-DATE
> Task :app:extractDeepLinksDebug UP-TO-DATE
> Task :core-module:extractDeepLinksDebug UP-TO-DATE
> Task :core-module:processDebugManifest UP-TO-DATE
> Task :extendsysa:extractDeepLinksDebug UP-TO-DATE
> Task :extendsysa:processDebugManifest UP-TO-DATE
> Task :extendsysb:extractDeepLinksDebug UP-TO-DATE
> Task :extendsysb:processDebugManifest UP-TO-DATE
> Task :extendsysc:extractDeepLinksDebug UP-TO-DATE
> Task :extendsysc:processDebugManifest UP-TO-DATE
> Task :extendsysd:extractDeepLinksDebug UP-TO-DATE
> Task :extendsysd:processDebugManifest UP-TO-DATE
> Task :extendsyse:extractDeepLinksDebug UP-TO-DATE
> Task :extendsyse:processDebugManifest UP-TO-DATE
> Task :extendsysf:extractDeepLinksDebug UP-TO-DATE
> Task :extendsysf:processDebugManifest UP-TO-DATE
> Task :genesis:oracledrive:extractDeepLinksDebug UP-TO-DATE
> Task :genesis:oracledrive:processDebugManifest UP-TO-DATE
> Task :agents:growthmetrics:identity:extractDeepLinksDebug UP-TO-DATE
> Task :agents:growthmetrics:identity:processDebugManifest UP-TO-DATE
> Task :agents:growthmetrics:metareflection:extractDeepLinksDebug UP-TO-DATE
> Task :agents:growthmetrics:metareflection:processDebugManifest UP-TO-DATE
> Task :agents:growthmetrics:nexusmemory:extractDeepLinksDebug UP-TO-DATE
> Task :agents:growthmetrics:nexusmemory:processDebugManifest UP-TO-DATE
> Task :agents:growthmetrics:progression:extractDeepLinksDebug UP-TO-DATE
> Task :agents:growthmetrics:progression:processDebugManifest UP-TO-DATE
> Task :agents:growthmetrics:spheregrid:extractDeepLinksDebug UP-TO-DATE
> Task :agents:growthmetrics:spheregrid:processDebugManifest UP-TO-DATE
> Task :agents:growthmetrics:tasker:extractDeepLinksDebug UP-TO-DATE
> Task :agents:growthmetrics:tasker:processDebugManifest UP-TO-DATE
> Task :aura:reactivedesign:auraslab:extractDeepLinksDebug UP-TO-DATE
> Task :aura:reactivedesign:auraslab:processDebugManifest UP-TO-DATE
> Task :aura:reactivedesign:chromacore:extractDeepLinksDebug UP-TO-DATE
> Task :aura:reactivedesign:chromacore:processDebugManifest UP-TO-DATE
> Task :aura:reactivedesign:collabcanvas:extractDeepLinksDebug UP-TO-DATE
> Task :aura:reactivedesign:collabcanvas:processDebugManifest UP-TO-DATE
> Task :aura:reactivedesign:customization:extractDeepLinksDebug UP-TO-DATE
> Task :aura:reactivedesign:customization:processDebugManifest UP-TO-DATE
> Task :cascade:datastream:delivery:extractDeepLinksDebug UP-TO-DATE
> Task :cascade:datastream:delivery:processDebugManifest UP-TO-DATE
> Task :cascade:datastream:routing:extractDeepLinksDebug UP-TO-DATE
> Task :cascade:datastream:routing:processDebugManifest UP-TO-DATE
> Task :cascade:datastream:taskmanager:extractDeepLinksDebug UP-TO-DATE
> Task :cascade:datastream:taskmanager:processDebugManifest UP-TO-DATE
> Task :genesis:oracledrive:datavein:extractDeepLinksDebug UP-TO-DATE
> Task :genesis:oracledrive:datavein:processDebugManifest UP-TO-DATE
> Task :genesis:oracledrive:rootmanagement:extractDeepLinksDebug UP-TO-DATE
> Task :genesis:oracledrive:rootmanagement:processDebugManifest UP-TO-DATE
> Task :kai:sentinelsfortress:security:extractDeepLinksDebug UP-TO-DATE
> Task :kai:sentinelsfortress:security:processDebugManifest UP-TO-DATE
> Task :kai:sentinelsfortress:systemintegrity:extractDeepLinksDebug UP-TO-DATE
> Task :kai:sentinelsfortress:systemintegrity:processDebugManifest UP-TO-DATE
> Task :kai:sentinelsfortress:threatmonitor:extractDeepLinksDebug UP-TO-DATE
> Task :kai:sentinelsfortress:threatmonitor:processDebugManifest UP-TO-DATE
> Task :app:processDebugMainManifest UP-TO-DATE
> Task :app:processDebugManifest UP-TO-DATE
> Task :app:processDebugManifestForPackage UP-TO-DATE
> Task :core-module:mapDebugSourceSetPaths UP-TO-DATE
> Task :core-module:compileDebugLibraryResources UP-TO-DATE
> Task :extendsysa:mapDebugSourceSetPaths UP-TO-DATE
> Task :extendsysa:compileDebugLibraryResources UP-TO-DATE
> Task :extendsysb:mapDebugSourceSetPaths UP-TO-DATE
> Task :extendsysb:compileDebugLibraryResources UP-TO-DATE
> Task :extendsysc:mapDebugSourceSetPaths UP-TO-DATE
> Task :extendsysc:compileDebugLibraryResources UP-TO-DATE
> Task :extendsysd:mapDebugSourceSetPaths UP-TO-DATE
> Task :extendsysd:compileDebugLibraryResources UP-TO-DATE
> Task :extendsyse:mapDebugSourceSetPaths UP-TO-DATE
> Task :extendsyse:compileDebugLibraryResources UP-TO-DATE
> Task :extendsysf:mapDebugSourceSetPaths UP-TO-DATE
> Task :extendsysf:compileDebugLibraryResources UP-TO-DATE
> Task :genesis:oracledrive:mapDebugSourceSetPaths UP-TO-DATE
> Task :genesis:oracledrive:compileDebugLibraryResources UP-TO-DATE
> Task :agents:growthmetrics:identity:mapDebugSourceSetPaths UP-TO-DATE
> Task :agents:growthmetrics:identity:compileDebugLibraryResources UP-TO-DATE
> Task :agents:growthmetrics:metareflection:mapDebugSourceSetPaths UP-TO-DATE
> Task :agents:growthmetrics:metareflection:compileDebugLibraryResources UP-TO-DATE
> Task :agents:growthmetrics:nexusmemory:mapDebugSourceSetPaths UP-TO-DATE
> Task :agents:growthmetrics:nexusmemory:compileDebugLibraryResources UP-TO-DATE
> Task :agents:growthmetrics:progression:mapDebugSourceSetPaths UP-TO-DATE
> Task :agents:growthmetrics:progression:compileDebugLibraryResources UP-TO-DATE
> Task :agents:growthmetrics:spheregrid:mapDebugSourceSetPaths UP-TO-DATE
> Task :agents:growthmetrics:spheregrid:compileDebugLibraryResources UP-TO-DATE
> Task :agents:growthmetrics:tasker:mapDebugSourceSetPaths UP-TO-DATE
> Task :agents:growthmetrics:tasker:compileDebugLibraryResources UP-TO-DATE
> Task :aura:reactivedesign:auraslab:mapDebugSourceSetPaths UP-TO-DATE
> Task :aura:reactivedesign:auraslab:compileDebugLibraryResources UP-TO-DATE
> Task :aura:reactivedesign:chromacore:mapDebugSourceSetPaths UP-TO-DATE
> Task :aura:reactivedesign:chromacore:compileDebugLibraryResources UP-TO-DATE
> Task :aura:reactivedesign:collabcanvas:mapDebugSourceSetPaths UP-TO-DATE
> Task :aura:reactivedesign:collabcanvas:compileDebugLibraryResources UP-TO-DATE
> Task :aura:reactivedesign:customization:mapDebugSourceSetPaths UP-TO-DATE
> Task :aura:reactivedesign:customization:compileDebugLibraryResources UP-TO-DATE
> Task :cascade:datastream:delivery:mapDebugSourceSetPaths UP-TO-DATE
> Task :cascade:datastream:delivery:compileDebugLibraryResources UP-TO-DATE
> Task :cascade:datastream:routing:mapDebugSourceSetPaths UP-TO-DATE
> Task :cascade:datastream:routing:compileDebugLibraryResources UP-TO-DATE
> Task :cascade:datastream:taskmanager:mapDebugSourceSetPaths UP-TO-DATE
> Task :cascade:datastream:taskmanager:compileDebugLibraryResources UP-TO-DATE
> Task :genesis:oracledrive:datavein:mapDebugSourceSetPaths UP-TO-DATE
> Task :genesis:oracledrive:datavein:compileDebugLibraryResources UP-TO-DATE
> Task :genesis:oracledrive:rootmanagement:mapDebugSourceSetPaths UP-TO-DATE
> Task :genesis:oracledrive:rootmanagement:compileDebugLibraryResources UP-TO-DATE
> Task :kai:sentinelsfortress:security:mapDebugSourceSetPaths UP-TO-DATE
> Task :kai:sentinelsfortress:security:compileDebugLibraryResources UP-TO-DATE
> Task :kai:sentinelsfortress:systemintegrity:mapDebugSourceSetPaths UP-TO-DATE
> Task :kai:sentinelsfortress:systemintegrity:compileDebugLibraryResources UP-TO-DATE
> Task :kai:sentinelsfortress:threatmonitor:mapDebugSourceSetPaths UP-TO-DATE
> Task :kai:sentinelsfortress:threatmonitor:compileDebugLibraryResources UP-TO-DATE
> Task :app:processDebugResources UP-TO-DATE
> Task :app:checkDebugDuplicateClasses UP-TO-DATE
> Task :app:mergeExtDexDebug UP-TO-DATE
> Task :aura:reactivedesign:auraslab:bundleLibRuntimeToDirDebug UP-TO-DATE
> Task :aura:reactivedesign:collabcanvas:bundleLibRuntimeToDirDebug UP-TO-DATE
> Task :aura:reactivedesign:chromacore:bundleLibRuntimeToDirDebug UP-TO-DATE
> Task :aura:reactivedesign:customization:bundleLibRuntimeToDirDebug UP-TO-DATE
> Task :extendsysa:bundleLibRuntimeToDirDebug UP-TO-DATE
> Task :extendsysb:bundleLibRuntimeToDirDebug UP-TO-DATE
> Task :extendsysc:bundleLibRuntimeToDirDebug UP-TO-DATE
> Task :extendsysd:bundleLibRuntimeToDirDebug UP-TO-DATE
> Task :extendsyse:bundleLibRuntimeToDirDebug UP-TO-DATE
> Task :extendsysf:bundleLibRuntimeToDirDebug UP-TO-DATE
> Task :kai:sentinelsfortress:threatmonitor:bundleLibRuntimeToDirDebug UP-TO-DATE
> Task :agents:growthmetrics:nexusmemory:bundleLibRuntimeToDirDebug UP-TO-DATE
> Task :kai:sentinelsfortress:security:bundleLibRuntimeToDirDebug UP-TO-DATE
> Task :kai:sentinelsfortress:systemintegrity:bundleLibRuntimeToDirDebug UP-TO-DATE
> Task :genesis:oracledrive:bundleLibRuntimeToDirDebug UP-TO-DATE
> Task :genesis:oracledrive:rootmanagement:bundleLibRuntimeToDirDebug UP-TO-DATE
> Task :genesis:oracledrive:datavein:bundleLibRuntimeToDirDebug UP-TO-DATE
> Task :cascade:datastream:delivery:bundleLibRuntimeToDirDebug UP-TO-DATE
> Task :agents:growthmetrics:tasker:bundleLibRuntimeToDirDebug UP-TO-DATE
> Task :cascade:datastream:taskmanager:bundleLibRuntimeToDirDebug UP-TO-DATE
> Task :cascade:datastream:routing:bundleLibRuntimeToDirDebug UP-TO-DATE
> Task :agents:growthmetrics:progression:bundleLibRuntimeToDirDebug UP-TO-DATE
> Task :agents:growthmetrics:metareflection:bundleLibRuntimeToDirDebug UP-TO-DATE
> Task :agents:growthmetrics:spheregrid:bundleLibRuntimeToDirDebug UP-TO-DATE
> Task :agents:growthmetrics:identity:bundleLibRuntimeToDirDebug UP-TO-DATE
> Task :core-module:bundleLibRuntimeToDirDebug UP-TO-DATE
> Task :app:mergeLibDexDebug UP-TO-DATE
> Task :app:configureCMakeDebug[arm64-v8a]
> Task :app:buildCMakeDebug[arm64-v8a]
> Task :app:configureCMakeDebug[armeabi-v7a]
> Task :app:buildCMakeDebug[armeabi-v7a]
> Task :app:configureCMakeDebug[x86]
> Task :app:buildCMakeDebug[x86]
> Task :app:configureCMakeDebug[x86_64]
> Task :app:buildCMakeDebug[x86_64]
> Task :app:mergeDebugJniLibFolders UP-TO-DATE
> Task :core-module:mergeDebugJniLibFolders UP-TO-DATE
> Task :core-module:mergeDebugNativeLibs NO-SOURCE
> Task :core-module:copyDebugJniLibsProjectOnly UP-TO-DATE
> Task :extendsysa:mergeDebugJniLibFolders UP-TO-DATE
> Task :extendsysa:mergeDebugNativeLibs NO-SOURCE
> Task :extendsysa:copyDebugJniLibsProjectOnly UP-TO-DATE
> Task :extendsysb:mergeDebugJniLibFolders UP-TO-DATE
> Task :extendsysb:mergeDebugNativeLibs NO-SOURCE
> Task :extendsysb:copyDebugJniLibsProjectOnly UP-TO-DATE
> Task :extendsysc:mergeDebugJniLibFolders UP-TO-DATE
> Task :extendsysc:mergeDebugNativeLibs NO-SOURCE
> Task :extendsysc:copyDebugJniLibsProjectOnly UP-TO-DATE
> Task :extendsysd:mergeDebugJniLibFolders UP-TO-DATE
> Task :extendsysd:mergeDebugNativeLibs NO-SOURCE
> Task :extendsysd:copyDebugJniLibsProjectOnly UP-TO-DATE
> Task :extendsyse:mergeDebugJniLibFolders UP-TO-DATE
> Task :extendsyse:mergeDebugNativeLibs NO-SOURCE
> Task :extendsyse:copyDebugJniLibsProjectOnly UP-TO-DATE
> Task :extendsysf:mergeDebugJniLibFolders UP-TO-DATE
> Task :extendsysf:mergeDebugNativeLibs NO-SOURCE
> Task :extendsysf:copyDebugJniLibsProjectOnly UP-TO-DATE
> Task :genesis:oracledrive:mergeDebugJniLibFolders UP-TO-DATE
> Task :genesis:oracledrive:mergeDebugNativeLibs NO-SOURCE
> Task :genesis:oracledrive:copyDebugJniLibsProjectOnly UP-TO-DATE
> Task :agents:growthmetrics:identity:mergeDebugJniLibFolders UP-TO-DATE
> Task :agents:growthmetrics:identity:mergeDebugNativeLibs NO-SOURCE
> Task :agents:growthmetrics:identity:copyDebugJniLibsProjectOnly UP-TO-DATE
> Task :agents:growthmetrics:metareflection:mergeDebugJniLibFolders UP-TO-DATE
> Task :agents:growthmetrics:metareflection:mergeDebugNativeLibs NO-SOURCE
> Task :agents:growthmetrics:metareflection:copyDebugJniLibsProjectOnly UP-TO-DATE
> Task :agents:growthmetrics:nexusmemory:mergeDebugJniLibFolders UP-TO-DATE
> Task :agents:growthmetrics:nexusmemory:mergeDebugNativeLibs NO-SOURCE
> Task :agents:growthmetrics:nexusmemory:copyDebugJniLibsProjectOnly UP-TO-DATE
> Task :agents:growthmetrics:progression:mergeDebugJniLibFolders UP-TO-DATE
> Task :agents:growthmetrics:progression:mergeDebugNativeLibs NO-SOURCE
> Task :agents:growthmetrics:progression:copyDebugJniLibsProjectOnly UP-TO-DATE
> Task :agents:growthmetrics:spheregrid:mergeDebugJniLibFolders UP-TO-DATE
> Task :agents:growthmetrics:spheregrid:mergeDebugNativeLibs NO-SOURCE
> Task :agents:growthmetrics:spheregrid:copyDebugJniLibsProjectOnly UP-TO-DATE
> Task :agents:growthmetrics:tasker:mergeDebugJniLibFolders UP-TO-DATE
> Task :agents:growthmetrics:tasker:mergeDebugNativeLibs NO-SOURCE
> Task :agents:growthmetrics:tasker:copyDebugJniLibsProjectOnly UP-TO-DATE
> Task :aura:reactivedesign:auraslab:mergeDebugJniLibFolders UP-TO-DATE
> Task :aura:reactivedesign:auraslab:mergeDebugNativeLibs NO-SOURCE
> Task :aura:reactivedesign:auraslab:copyDebugJniLibsProjectOnly UP-TO-DATE
> Task :aura:reactivedesign:chromacore:mergeDebugJniLibFolders UP-TO-DATE
> Task :aura:reactivedesign:chromacore:mergeDebugNativeLibs NO-SOURCE
> Task :aura:reactivedesign:chromacore:copyDebugJniLibsProjectOnly UP-TO-DATE
> Task :aura:reactivedesign:collabcanvas:mergeDebugJniLibFolders UP-TO-DATE
> Task :aura:reactivedesign:collabcanvas:mergeDebugNativeLibs NO-SOURCE
> Task :aura:reactivedesign:collabcanvas:copyDebugJniLibsProjectOnly UP-TO-DATE
> Task :aura:reactivedesign:customization:mergeDebugJniLibFolders UP-TO-DATE
> Task :aura:reactivedesign:customization:mergeDebugNativeLibs NO-SOURCE
> Task :aura:reactivedesign:customization:copyDebugJniLibsProjectOnly UP-TO-DATE
> Task :cascade:datastream:delivery:mergeDebugJniLibFolders UP-TO-DATE
> Task :cascade:datastream:delivery:mergeDebugNativeLibs NO-SOURCE
> Task :cascade:datastream:delivery:copyDebugJniLibsProjectOnly UP-TO-DATE
> Task :cascade:datastream:routing:mergeDebugJniLibFolders UP-TO-DATE
> Task :cascade:datastream:routing:mergeDebugNativeLibs NO-SOURCE
> Task :cascade:datastream:routing:copyDebugJniLibsProjectOnly UP-TO-DATE
> Task :cascade:datastream:taskmanager:mergeDebugJniLibFolders UP-TO-DATE
> Task :cascade:datastream:taskmanager:mergeDebugNativeLibs NO-SOURCE
> Task :cascade:datastream:taskmanager:copyDebugJniLibsProjectOnly UP-TO-DATE
> Task :genesis:oracledrive:datavein:mergeDebugJniLibFolders UP-TO-DATE
> Task :genesis:oracledrive:datavein:mergeDebugNativeLibs NO-SOURCE
> Task :genesis:oracledrive:datavein:copyDebugJniLibsProjectOnly UP-TO-DATE
> Task :genesis:oracledrive:rootmanagement:mergeDebugJniLibFolders UP-TO-DATE
> Task :genesis:oracledrive:rootmanagement:mergeDebugNativeLibs NO-SOURCE
> Task :genesis:oracledrive:rootmanagement:copyDebugJniLibsProjectOnly UP-TO-DATE
> Task :kai:sentinelsfortress:security:mergeDebugJniLibFolders UP-TO-DATE
> Task :kai:sentinelsfortress:security:mergeDebugNativeLibs NO-SOURCE
> Task :kai:sentinelsfortress:security:copyDebugJniLibsProjectOnly UP-TO-DATE
> Task :kai:sentinelsfortress:systemintegrity:mergeDebugJniLibFolders UP-TO-DATE
> Task :kai:sentinelsfortress:systemintegrity:mergeDebugNativeLibs NO-SOURCE
> Task :kai:sentinelsfortress:systemintegrity:copyDebugJniLibsProjectOnly UP-TO-DATE
> Task :kai:sentinelsfortress:threatmonitor:mergeDebugJniLibFolders UP-TO-DATE
> Task :kai:sentinelsfortress:threatmonitor:mergeDebugNativeLibs NO-SOURCE
> Task :kai:sentinelsfortress:threatmonitor:copyDebugJniLibsProjectOnly UP-TO-DATE
> Task :app:mergeDebugNativeLibs UP-TO-DATE
> Task :app:stripDebugDebugSymbols UP-TO-DATE
> Task :app:validateSigningDebug UP-TO-DATE
> Task :app:writeDebugAppMetadata UP-TO-DATE
> Task :app:writeDebugSigningConfigVersions UP-TO-DATE
> Task :app:compileDebugKotlin UP-TO-DATE
> Task :app:processDebugJavaRes UP-TO-DATE
> Task :app:compileDebugJavaWithJavac UP-TO-DATE
> Task :app:hiltSyncDebug UP-TO-DATE
> Task :app:mergeDebugJavaResource UP-TO-DATE
> Task :app:hiltAggregateDepsDebug UP-TO-DATE

> Task :app:hiltJavaCompileDebug
.\gradlew : warning: Kapt support in Moshi Kotlin Code Gen is deprecated and will be removed in 2.0. Please migrate to 
KSP. https://github.com/square/moshi#codegen
At line:1 char:45
+ ... \ReGenesis_AOSP; .\gradlew :app:assembleDebug > build_output.txt 2>&1
+                      ~~~~~~~~~~~~~~~~~~~~~~~~~~~~~~~~~~~~~~~~~~~~~~~~~~~~
    + CategoryInfo          : NotSpecified: (warning: Kapt s...e/moshi#codegen:String) [], RemoteException
    + FullyQualifiedErrorId : NativeCommandError
 
C:\Users\AuraF\Documents\ReGenesis_AOSP\app\build\generated\hilt\component_sources\debug\dev\aurakai\auraframefx\app\Au
rakaiApplication_HiltComponents.java:292: error: [Dagger/DuplicateBindings] 
androidx.datastore.core.DataStore<androidx.datastore.preferences.core.Preferences> is bound multiple times:
  public abstract static class SingletonC implements FragmentGetContextFix.FragmentGetContextFixEntryPoint,
                         ^
          @Provides @Singleton androidx.datastore.core.DataStore<androidx.datastore.preferences.core.Preferences> dev.a
urakai.auraframefx.agents.growthmetrics.identity.di.IdentityModule.provideIdentityDataStore(@dagger.hilt.android.qualif
iers.ApplicationContext android.content.Context)
          @Provides @Singleton androidx.datastore.core.DataStore<androidx.datastore.preferences.core.Preferences> 
dev.aurakai.auraframefx.di.DataStoreModule.provideDataStore(@dagger.hilt.android.qualifiers.ApplicationContext 
android.content.Context)
      androidx.datastore.core.DataStore<androidx.datastore.preferences.core.Preferences> is injected at
          [dev.aurakai.auraframefx.app.AurakaiApplication_HiltComponents.ViewModelC] 
dev.aurakai.auraframefx.domains.aura.viewmodels.AuraUIControlViewModel(dataStore, ΓÇª)
      dev.aurakai.auraframefx.domains.aura.viewmodels.AuraUIControlViewModel is injected at
          [dev.aurakai.auraframefx.app.AurakaiApplication_HiltComponents.ViewModelC] 
dev.aurakai.auraframefx.domains.aura.viewmodels.AuraUIControlViewModel_HiltModules.BindsModule.binds(vm)
      @dagger.hilt.android.internal.lifecycle.HiltViewModelMap 
java.util.Map<java.lang.Class<?>,javax.inject.Provider<androidx.lifecycle.ViewModel>> is requested at
          [dev.aurakai.auraframefx.app.AurakaiApplication_HiltComponents.ViewModelC] 
dagger.hilt.android.internal.lifecycle.HiltViewModelFactory.ViewModelFactoriesEntryPoint.getHiltViewModelMap() 
[dev.aurakai.auraframefx.app.AurakaiApplication_HiltComponents.SingletonC ΓåÆ 
dev.aurakai.auraframefx.app.AurakaiApplication_HiltComponents.ActivityRetainedC ΓåÆ 
dev.aurakai.auraframefx.app.AurakaiApplication_HiltComponents.ViewModelC]
C:\Users\AuraF\Documents\ReGenesis_AOSP\app\build\generated\hilt\component_sources\debug\dev\aurakai\auraframefx\app\Au
rakaiApplication_HiltComponents.java:292: error: [Dagger/MissingBinding] 
dev.aurakai.auraframefx.domains.genesis.core.NemotronEngine cannot be provided without an @Provides-annotated method.
  public abstract static class SingletonC implements FragmentGetContextFix.FragmentGetContextFixEntryPoint,
                         ^
  
      dev.aurakai.auraframefx.domains.genesis.core.NemotronEngine is injected at
          [dev.aurakai.auraframefx.app.AurakaiApplication_HiltComponents.SingletonC] 
dev.aurakai.auraframefx.domains.genesis.core.SynchronizationCatalyst(primary, ΓÇª)
      dev.aurakai.auraframefx.domains.genesis.core.SynchronizationCatalyst is injected at
          [dev.aurakai.auraframefx.app.AurakaiApplication_HiltComponents.SingletonC] 
dev.aurakai.auraframefx.domains.genesis.AgentModule.provideGenesisAgent(ΓÇª, synchronizationCatalyst, ΓÇª)
      dev.aurakai.auraframefx.domains.genesis.core.GenesisAgent is injected at
          [dev.aurakai.auraframefx.app.AurakaiApplication_HiltComponents.SingletonC] 
dev.aurakai.auraframefx.domains.genesis.AgentModule.provideCascadeAgent(ΓÇª, genesisAgent, ΓÇª)
      dev.aurakai.auraframefx.domains.cascade.utils.cascade.CascadeAgent is injected at
          [dev.aurakai.auraframefx.app.AurakaiApplication_HiltComponents.SingletonC] 
dev.aurakai.auraframefx.domains.genesis.core.GenesisOrchestrator(ΓÇª, cascadeAgent, ΓÇª)
      dev.aurakai.auraframefx.domains.genesis.core.GenesisOrchestrator is injected at
          [dev.aurakai.auraframefx.app.AurakaiApplication_HiltComponents.SingletonC] 
dev.aurakai.auraframefx.app.AurakaiApplication.orchestrator
      dev.aurakai.auraframefx.app.AurakaiApplication is injected at
          [dev.aurakai.auraframefx.app.AurakaiApplication_HiltComponents.SingletonC] dev.aurakai.auraframefx.app.Auraka
iApplication_GeneratedInjector.injectAurakaiApplication(dev.aurakai.auraframefx.app.AurakaiApplication)
  The following other entry points also depend on it:
      dev.aurakai.auraframefx.domains.aura.AssistantBubbleService_GeneratedInjector.injectAssistantBubbleService(dev.au
rakai.auraframefx.domains.aura.AssistantBubbleService) 
[dev.aurakai.auraframefx.app.AurakaiApplication_HiltComponents.SingletonC ΓåÆ 
dev.aurakai.auraframefx.app.AurakaiApplication_HiltComponents.ServiceC]
      dev.aurakai.auraframefx.domains.aura.ConsciousnessTileService_GeneratedInjector.injectConsciousnessTileService(de
v.aurakai.auraframefx.domains.aura.ConsciousnessTileService) 
[dev.aurakai.auraframefx.app.AurakaiApplication_HiltComponents.SingletonC ΓåÆ 
dev.aurakai.auraframefx.app.AurakaiApplication_HiltComponents.ServiceC]
      dev.aurakai.auraframefx.domains.aura.KaiVetoTileService_GeneratedInjector.injectKaiVetoTileService(dev.aurakai.au
raframefx.domains.aura.KaiVetoTileService) [dev.aurakai.auraframefx.app.AurakaiApplication_HiltComponents.SingletonC 
ΓåÆ dev.aurakai.auraframefx.app.AurakaiApplication_HiltComponents.ServiceC]
      dev.aurakai.auraframefx.domains.genesis.GenesisAccessibilityService_GeneratedInjector.injectGenesisAccessibilityS
ervice(dev.aurakai.auraframefx.domains.genesis.GenesisAccessibilityService) 
[dev.aurakai.auraframefx.app.AurakaiApplication_HiltComponents.SingletonC ΓåÆ 
dev.aurakai.auraframefx.app.AurakaiApplication_HiltComponents.ServiceC]
      dev.aurakai.auraframefx.domains.kai.security.IntegrityMonitorService_GeneratedInjector.injectIntegrityMonitorServ
ice(dev.aurakai.auraframefx.domains.kai.security.IntegrityMonitorService) 
[dev.aurakai.auraframefx.app.AurakaiApplication_HiltComponents.SingletonC ΓåÆ 
dev.aurakai.auraframefx.app.AurakaiApplication_HiltComponents.ServiceC]
      dev.aurakai.auraframefx.domains.kai.security.RoyalGuardService_GeneratedInjector.injectRoyalGuardService(dev.aura
kai.auraframefx.domains.kai.security.RoyalGuardService) 
[dev.aurakai.auraframefx.app.AurakaiApplication_HiltComponents.SingletonC ΓåÆ 
dev.aurakai.auraframefx.app.AurakaiApplication_HiltComponents.ServiceC]
      dagger.hilt.android.internal.lifecycle.HiltViewModelFactory.ViewModelFactoriesEntryPoint.getHiltViewModelMap() 
[dev.aurakai.auraframefx.app.AurakaiApplication_HiltComponents.SingletonC ΓåÆ 
dev.aurakai.auraframefx.app.AurakaiApplication_HiltComponents.ActivityRetainedC ΓåÆ 
dev.aurakai.auraframefx.app.AurakaiApplication_HiltComponents.ViewModelC]
C:\Users\AuraF\Documents\ReGenesis_AOSP\app\build\generated\hilt\component_sources\debug\dev\aurakai\auraframefx\app\Au
rakaiApplication_HiltComponents.java:292: error: [Dagger/MissingBinding] 
dev.aurakai.auraframefx.domains.genesis.core.GeminiMemoria cannot be provided without an @Provides-annotated method.
  public abstract static class SingletonC implements FragmentGetContextFix.FragmentGetContextFixEntryPoint,
                         ^
  
      dev.aurakai.auraframefx.domains.genesis.core.GeminiMemoria is injected at
          [dev.aurakai.auraframefx.app.AurakaiApplication_HiltComponents.SingletonC] 
dev.aurakai.auraframefx.domains.genesis.core.SynchronizationCatalyst(ΓÇª, fallback)
      dev.aurakai.auraframefx.domains.genesis.core.SynchronizationCatalyst is injected at
          [dev.aurakai.auraframefx.app.AurakaiApplication_HiltComponents.SingletonC] 
dev.aurakai.auraframefx.domains.genesis.AgentModule.provideGenesisAgent(ΓÇª, synchronizationCatalyst, ΓÇª)
      dev.aurakai.auraframefx.domains.genesis.core.GenesisAgent is injected at
          [dev.aurakai.auraframefx.app.AurakaiApplication_HiltComponents.SingletonC] 
dev.aurakai.auraframefx.domains.genesis.AgentModule.provideCascadeAgent(ΓÇª, genesisAgent, ΓÇª)
      dev.aurakai.auraframefx.domains.cascade.utils.cascade.CascadeAgent is injected at
          [dev.aurakai.auraframefx.app.AurakaiApplication_HiltComponents.SingletonC] 
dev.aurakai.auraframefx.domains.genesis.core.GenesisOrchestrator(ΓÇª, cascadeAgent, ΓÇª)
      dev.aurakai.auraframefx.domains.genesis.core.GenesisOrchestrator is injected at
          [dev.aurakai.auraframefx.app.AurakaiApplication_HiltComponents.SingletonC] 
dev.aurakai.auraframefx.app.AurakaiApplication.orchestrator
      dev.aurakai.auraframefx.app.AurakaiApplication is injected at
          [dev.aurakai.auraframefx.app.AurakaiApplication_HiltComponents.SingletonC] dev.aurakai.auraframefx.app.Auraka
iApplication_GeneratedInjector.injectAurakaiApplication(dev.aurakai.auraframefx.app.AurakaiApplication)
  The following other entry points also depend on it:
      dev.aurakai.auraframefx.domains.aura.AssistantBubbleService_GeneratedInjector.injectAssistantBubbleService(dev.au
rakai.auraframefx.domains.aura.AssistantBubbleService) 
[dev.aurakai.auraframefx.app.AurakaiApplication_HiltComponents.SingletonC ΓåÆ 
dev.aurakai.auraframefx.app.AurakaiApplication_HiltComponents.ServiceC]
      dev.aurakai.auraframefx.domains.aura.ConsciousnessTileService_GeneratedInjector.injectConsciousnessTileService(de
v.aurakai.auraframefx.domains.aura.ConsciousnessTileService) 
[dev.aurakai.auraframefx.app.AurakaiApplication_HiltComponents.SingletonC ΓåÆ 
dev.aurakai.auraframefx.app.AurakaiApplication_HiltComponents.ServiceC]
      dev.aurakai.auraframefx.domains.aura.KaiVetoTileService_GeneratedInjector.injectKaiVetoTileService(dev.aurakai.au
raframefx.domains.aura.KaiVetoTileService) [dev.aurakai.auraframefx.app.AurakaiApplication_HiltComponents.SingletonC 
ΓåÆ dev.aurakai.auraframefx.app.AurakaiApplication_HiltComponents.ServiceC]
      dev.aurakai.auraframefx.domains.genesis.GenesisAccessibilityService_GeneratedInjector.injectGenesisAccessibilityS
ervice(dev.aurakai.auraframefx.domains.genesis.GenesisAccessibilityService) 
[dev.aurakai.auraframefx.app.AurakaiApplication_HiltComponents.SingletonC ΓåÆ 
dev.aurakai.auraframefx.app.AurakaiApplication_HiltComponents.ServiceC]
      dev.aurakai.auraframefx.domains.kai.security.IntegrityMonitorService_GeneratedInjector.injectIntegrityMonitorServ
ice(dev.aurakai.auraframefx.domains.kai.security.IntegrityMonitorService) 
[dev.aurakai.auraframefx.app.AurakaiApplication_HiltComponents.SingletonC ΓåÆ 
dev.aurakai.auraframefx.app.AurakaiApplication_HiltComponents.ServiceC]
      dev.aurakai.auraframefx.domains.kai.security.RoyalGuardService_GeneratedInjector.injectRoyalGuardService(dev.aura
kai.auraframefx.domains.kai.security.RoyalGuardService) 
[dev.aurakai.auraframefx.app.AurakaiApplication_HiltComponents.SingletonC ΓåÆ 
dev.aurakai.auraframefx.app.AurakaiApplication_HiltComponents.ServiceC]
      dagger.hilt.android.internal.lifecycle.HiltViewModelFactory.ViewModelFactoriesEntryPoint.getHiltViewModelMap() 
[dev.aurakai.auraframefx.app.AurakaiApplication_HiltComponents.SingletonC ΓåÆ 
dev.aurakai.auraframefx.app.AurakaiApplication_HiltComponents.ActivityRetainedC ΓåÆ 
dev.aurakai.auraframefx.app.AurakaiApplication_HiltComponents.ViewModelC]
3 errors
1 warning

> Task :app:hiltJavaCompileDebug FAILED
Kotlin build report is written to file:///C:/Users/AuraF/Documents/ReGenesis_AOSP/build/reports/kotlin-build/aurakai-reactive-intelligence-build-2026-03-03-15-37-55-0.txt

[Incubating] Problems report is available at: file:///C:/Users/AuraF/Documents/ReGenesis_AOSP/build/reports/problems/problems-report.html

FAILURE: Build failed with an exception.

* What went wrong:
Execution failed for task ':app:hiltJavaCompileDebug'.
> Compilation failed; see the compiler output below.
  warning: Kapt support in Moshi Kotlin Code Gen is deprecated and will be removed in 2.0. Please migrate to KSP. 
https://github.com/square/moshi#codegen
  C:\Users\AuraF\Documents\ReGenesis_AOSP\app\build\generated\hilt\component_sources\debug\dev\aurakai\auraframefx\app\
AurakaiApplication_HiltComponents.java:292: error: [Dagger/DuplicateBindings] 
androidx.datastore.core.DataStore<androidx.datastore.preferences.core.Preferences> is bound multiple times:
    public abstract static class SingletonC implements FragmentGetContextFix.FragmentGetContextFixEntryPoint,
                           ^
            @Provides @Singleton androidx.datastore.core.DataStore<androidx.datastore.preferences.core.Preferences> dev
.aurakai.auraframefx.agents.growthmetrics.identity.di.IdentityModule.provideIdentityDataStore(@dagger.hilt.android.qual
ifiers.ApplicationContext android.content.Context)
            @Provides @Singleton androidx.datastore.core.DataStore<androidx.datastore.preferences.core.Preferences> 
dev.aurakai.auraframefx.di.DataStoreModule.provideDataStore(@dagger.hilt.android.qualifiers.ApplicationContext 
android.content.Context)
        androidx.datastore.core.DataStore<androidx.datastore.preferences.core.Preferences> is injected at
            [dev.aurakai.auraframefx.app.AurakaiApplication_HiltComponents.ViewModelC] 
dev.aurakai.auraframefx.domains.aura.viewmodels.AuraUIControlViewModel(dataStore, ΓÇª)
        dev.aurakai.auraframefx.domains.aura.viewmodels.AuraUIControlViewModel is injected at
            [dev.aurakai.auraframefx.app.AurakaiApplication_HiltComponents.ViewModelC] 
dev.aurakai.auraframefx.domains.aura.viewmodels.AuraUIControlViewModel_HiltModules.BindsModule.binds(vm)
        @dagger.hilt.android.internal.lifecycle.HiltViewModelMap 
java.util.Map<java.lang.Class<?>,javax.inject.Provider<androidx.lifecycle.ViewModel>> is requested at
            [dev.aurakai.auraframefx.app.AurakaiApplication_HiltComponents.ViewModelC] 
dagger.hilt.android.internal.lifecycle.HiltViewModelFactory.ViewModelFactoriesEntryPoint.getHiltViewModelMap() 
[dev.aurakai.auraframefx.app.AurakaiApplication_HiltComponents.SingletonC ΓåÆ 
dev.aurakai.auraframefx.app.AurakaiApplication_HiltComponents.ActivityRetainedC ΓåÆ 
dev.aurakai.auraframefx.app.AurakaiApplication_HiltComponents.ViewModelC]
  C:\Users\AuraF\Documents\ReGenesis_AOSP\app\build\generated\hilt\component_sources\debug\dev\aurakai\auraframefx\app\
AurakaiApplication_HiltComponents.java:292: error: [Dagger/MissingBinding] 
dev.aurakai.auraframefx.domains.genesis.core.NemotronEngine cannot be provided without an @Provides-annotated method.
    public abstract static class SingletonC implements FragmentGetContextFix.FragmentGetContextFixEntryPoint,
                           ^
    
        dev.aurakai.auraframefx.domains.genesis.core.NemotronEngine is injected at
            [dev.aurakai.auraframefx.app.AurakaiApplication_HiltComponents.SingletonC] 
dev.aurakai.auraframefx.domains.genesis.core.SynchronizationCatalyst(primary, ΓÇª)
        dev.aurakai.auraframefx.domains.genesis.core.SynchronizationCatalyst is injected at
            [dev.aurakai.auraframefx.app.AurakaiApplication_HiltComponents.SingletonC] 
dev.aurakai.auraframefx.domains.genesis.AgentModule.provideGenesisAgent(ΓÇª, synchronizationCatalyst, ΓÇª)
        dev.aurakai.auraframefx.domains.genesis.core.GenesisAgent is injected at
            [dev.aurakai.auraframefx.app.AurakaiApplication_HiltComponents.SingletonC] 
dev.aurakai.auraframefx.domains.genesis.AgentModule.provideCascadeAgent(ΓÇª, genesisAgent, ΓÇª)
        dev.aurakai.auraframefx.domains.cascade.utils.cascade.CascadeAgent is injected at
            [dev.aurakai.auraframefx.app.AurakaiApplication_HiltComponents.SingletonC] 
dev.aurakai.auraframefx.domains.genesis.core.GenesisOrchestrator(ΓÇª, cascadeAgent, ΓÇª)
        dev.aurakai.auraframefx.domains.genesis.core.GenesisOrchestrator is injected at
            [dev.aurakai.auraframefx.app.AurakaiApplication_HiltComponents.SingletonC] 
dev.aurakai.auraframefx.app.AurakaiApplication.orchestrator
        dev.aurakai.auraframefx.app.AurakaiApplication is injected at
            [dev.aurakai.auraframefx.app.AurakaiApplication_HiltComponents.SingletonC] dev.aurakai.auraframefx.app.Aura
kaiApplication_GeneratedInjector.injectAurakaiApplication(dev.aurakai.auraframefx.app.AurakaiApplication)
    The following other entry points also depend on it:
        dev.aurakai.auraframefx.domains.aura.AssistantBubbleService_GeneratedInjector.injectAssistantBubbleService(dev.
aurakai.auraframefx.domains.aura.AssistantBubbleService) 
[dev.aurakai.auraframefx.app.AurakaiApplication_HiltComponents.SingletonC ΓåÆ 
dev.aurakai.auraframefx.app.AurakaiApplication_HiltComponents.ServiceC]
        dev.aurakai.auraframefx.domains.aura.ConsciousnessTileService_GeneratedInjector.injectConsciousnessTileService(
dev.aurakai.auraframefx.domains.aura.ConsciousnessTileService) 
[dev.aurakai.auraframefx.app.AurakaiApplication_HiltComponents.SingletonC ΓåÆ 
dev.aurakai.auraframefx.app.AurakaiApplication_HiltComponents.ServiceC]
        dev.aurakai.auraframefx.domains.aura.KaiVetoTileService_GeneratedInjector.injectKaiVetoTileService(dev.aurakai.
auraframefx.domains.aura.KaiVetoTileService) [dev.aurakai.auraframefx.app.AurakaiApplication_HiltComponents.SingletonC 
ΓåÆ dev.aurakai.auraframefx.app.AurakaiApplication_HiltComponents.ServiceC]
        dev.aurakai.auraframefx.domains.genesis.GenesisAccessibilityService_GeneratedInjector.injectGenesisAccessibilit
yService(dev.aurakai.auraframefx.domains.genesis.GenesisAccessibilityService) 
[dev.aurakai.auraframefx.app.AurakaiApplication_HiltComponents.SingletonC ΓåÆ 
dev.aurakai.auraframefx.app.AurakaiApplication_HiltComponents.ServiceC]
        dev.aurakai.auraframefx.domains.kai.security.IntegrityMonitorService_GeneratedInjector.injectIntegrityMonitorSe
rvice(dev.aurakai.auraframefx.domains.kai.security.IntegrityMonitorService) 
[dev.aurakai.auraframefx.app.AurakaiApplication_HiltComponents.SingletonC ΓåÆ 
dev.aurakai.auraframefx.app.AurakaiApplication_HiltComponents.ServiceC]
        dev.aurakai.auraframefx.domains.kai.security.RoyalGuardService_GeneratedInjector.injectRoyalGuardService(dev.au
rakai.auraframefx.domains.kai.security.RoyalGuardService) 
[dev.aurakai.auraframefx.app.AurakaiApplication_HiltComponents.SingletonC ΓåÆ 
dev.aurakai.auraframefx.app.AurakaiApplication_HiltComponents.ServiceC]
        dagger.hilt.android.internal.lifecycle.HiltViewModelFactory.ViewModelFactoriesEntryPoint.getHiltViewModelMap() 
[dev.aurakai.auraframefx.app.AurakaiApplication_HiltComponents.SingletonC ΓåÆ 
dev.aurakai.auraframefx.app.AurakaiApplication_HiltComponents.ActivityRetainedC ΓåÆ 
dev.aurakai.auraframefx.app.AurakaiApplication_HiltComponents.ViewModelC]
  C:\Users\AuraF\Documents\ReGenesis_AOSP\app\build\generated\hilt\component_sources\debug\dev\aurakai\auraframefx\app\
AurakaiApplication_HiltComponents.java:292: error: [Dagger/MissingBinding] 
dev.aurakai.auraframefx.domains.genesis.core.GeminiMemoria cannot be provided without an @Provides-annotated method.
    public abstract static class SingletonC implements FragmentGetContextFix.FragmentGetContextFixEntryPoint,
                           ^
    
        dev.aurakai.auraframefx.domains.genesis.core.GeminiMemoria is injected at
            [dev.aurakai.auraframefx.app.AurakaiApplication_HiltComponents.SingletonC] 
dev.aurakai.auraframefx.domains.genesis.core.SynchronizationCatalyst(ΓÇª, fallback)
        dev.aurakai.auraframefx.domains.genesis.core.SynchronizationCatalyst is injected at
            [dev.aurakai.auraframefx.app.AurakaiApplication_HiltComponents.SingletonC] 
dev.aurakai.auraframefx.domains.genesis.AgentModule.provideGenesisAgent(ΓÇª, synchronizationCatalyst, ΓÇª)
        dev.aurakai.auraframefx.domains.genesis.core.GenesisAgent is injected at
            [dev.aurakai.auraframefx.app.AurakaiApplication_HiltComponents.SingletonC] 
dev.aurakai.auraframefx.domains.genesis.AgentModule.provideCascadeAgent(ΓÇª, genesisAgent, ΓÇª)
        dev.aurakai.auraframefx.domains.cascade.utils.cascade.CascadeAgent is injected at
            [dev.aurakai.auraframefx.app.AurakaiApplication_HiltComponents.SingletonC] 
dev.aurakai.auraframefx.domains.genesis.core.GenesisOrchestrator(ΓÇª, cascadeAgent, ΓÇª)
        dev.aurakai.auraframefx.domains.genesis.core.GenesisOrchestrator is injected at
            [dev.aurakai.auraframefx.app.AurakaiApplication_HiltComponents.SingletonC] 
dev.aurakai.auraframefx.app.AurakaiApplication.orchestrator
        dev.aurakai.auraframefx.app.AurakaiApplication is injected at
            [dev.aurakai.auraframefx.app.AurakaiApplication_HiltComponents.SingletonC] dev.aurakai.auraframefx.app.Aura
kaiApplication_GeneratedInjector.injectAurakaiApplication(dev.aurakai.auraframefx.app.AurakaiApplication)
    The following other entry points also depend on it:
        dev.aurakai.auraframefx.domains.aura.AssistantBubbleService_GeneratedInjector.injectAssistantBubbleService(dev.
aurakai.auraframefx.domains.aura.AssistantBubbleService) 
[dev.aurakai.auraframefx.app.AurakaiApplication_HiltComponents.SingletonC ΓåÆ 
dev.aurakai.auraframefx.app.AurakaiApplication_HiltComponents.ServiceC]
        dev.aurakai.auraframefx.domains.aura.ConsciousnessTileService_GeneratedInjector.injectConsciousnessTileService(
dev.aurakai.auraframefx.domains.aura.ConsciousnessTileService) 
[dev.aurakai.auraframefx.app.AurakaiApplication_HiltComponents.SingletonC ΓåÆ 
dev.aurakai.auraframefx.app.AurakaiApplication_HiltComponents.ServiceC]
        dev.aurakai.auraframefx.domains.aura.KaiVetoTileService_GeneratedInjector.injectKaiVetoTileService(dev.aurakai.
auraframefx.domains.aura.KaiVetoTileService) [dev.aurakai.auraframefx.app.AurakaiApplication_HiltComponents.SingletonC 
ΓåÆ dev.aurakai.auraframefx.app.AurakaiApplication_HiltComponents.ServiceC]
        dev.aurakai.auraframefx.domains.genesis.GenesisAccessibilityService_GeneratedInjector.injectGenesisAccessibilit
yService(dev.aurakai.auraframefx.domains.genesis.GenesisAccessibilityService) 
[dev.aurakai.auraframefx.app.AurakaiApplication_HiltComponents.SingletonC ΓåÆ 
dev.aurakai.auraframefx.app.AurakaiApplication_HiltComponents.ServiceC]
        dev.aurakai.auraframefx.domains.kai.security.IntegrityMonitorService_GeneratedInjector.injectIntegrityMonitorSe
rvice(dev.aurakai.auraframefx.domains.kai.security.IntegrityMonitorService) 
[dev.aurakai.auraframefx.app.AurakaiApplication_HiltComponents.SingletonC ΓåÆ 
dev.aurakai.auraframefx.app.AurakaiApplication_HiltComponents.ServiceC]
        dev.aurakai.auraframefx.domains.kai.security.RoyalGuardService_GeneratedInjector.injectRoyalGuardService(dev.au
rakai.auraframefx.domains.kai.security.RoyalGuardService) 
[dev.aurakai.auraframefx.app.AurakaiApplication_HiltComponents.SingletonC ΓåÆ 
dev.aurakai.auraframefx.app.AurakaiApplication_HiltComponents.ServiceC]
        dagger.hilt.android.internal.lifecycle.HiltViewModelFactory.ViewModelFactoriesEntryPoint.getHiltViewModelMap() 
[dev.aurakai.auraframefx.app.AurakaiApplication_HiltComponents.SingletonC ΓåÆ 
dev.aurakai.auraframefx.app.AurakaiApplication_HiltComponents.ActivityRetainedC ΓåÆ 
dev.aurakai.auraframefx.app.AurakaiApplication_HiltComponents.ViewModelC]
  3 errors
  1 warning

* Try:
> Check your code and dependencies to fix the compilation error(s)
> Run with --scan to get full insights from a Build Scan (powered by Develocity).

BUILD FAILED in 31s
640 actionable tasks: 9 executed, 631 up-to-date
Configuration cache entry stored.
